2025-01-03 Friday 16:14:03 team.py : INFO  Setting Project Dir to D:/Project/CE/CE/project/website/RecipeHub_20250103161403/
2025-01-03 Friday 16:14:05 product_manager.py : INFO  Product Manager Pole Writing PRD...
2025-01-03 Friday 16:14:05 product_manager.py : INFO  
You are an excellent Software Requirements Analyst, and your task is to analyze an initial project description, 
generate the functional requirements section of the Software Requirements Specification (SRS) document (non-functional requirements are not required).
Aim to achieve functional requirements, only require to implement demo.
Note that general overview of the project just copy the content of system description.
Note that software functional requirements just follow the Core Features part of System description. Do not over think.


# Context
## system description
# Software Description

## Objective
The RecipeHub web application is designed to provide users with a platform to create, distribute, and manage their recipes through a user-friendly interface.

## Core Features

Users shall be able to log in by entering a username and password on the Login Page.
Users shall be able to navigate to the Registration Page from the Login Page by clicking the Register button.
Users shall be able to register by entering a username and password on the Registration Page.
Users shall be able to view a welcome message and navigate to the Recipe Submission, Recipe Browsing, and User Profile Pages from the Home Page.
Users shall be able to submit a new recipe by entering a title, ingredients, and instructions on the Recipe Submission Page.
Users shall be able to see a success or error message upon submitting a recipe on the Recipe Submission Page.
Users shall be able to search for recipes by entering keywords on the Recipe Browsing Page.
Users shall be able to view the details of a recipe from the recipe list on the Recipe Browsing Page.
Users shall be able to navigate back to the Home Page from the Recipe Browsing Page using the Back to Home button.
Users shall be able to view their profile and list of submitted recipes on the User Profile Page.
Users shall be able to delete their account from the User Profile Page and return to the Login Page.
Users shall be able to view the full details of a recipe, including ingredients and instructions, on the Recipe Details Page.
Users shall be able to navigate back to the Home Page from the Recipe Details Page using the Back to Home button.

## Language

Use html and python to develop a web application.
You should use html to generate the web template by yourself.
## Data Storage
Data will be stored in local text files.
Different types of data will be stored in separate `.txt` files.
You should define the text file by yourself in advance.
This structured data storage will facilitate easy data retrieval and management through simple file manipulations in Python, ensuring the application remains light and efficient without the need for a SQL database.

-----
# Format Example
[OUTPUT]
## general overview of the project
general overview of the project

## software functional requirements
...
...
...
[/OUTPUT]


## Instruction 
- general overview of the project: copy the system description here.
- software function requirements: based on the system description, output system's function requirements with details.

# Constraint
Format: output wrapped inside [OUTPUT][/OUTPUT] like format example, nothing else.

# Action
follow Instruction, Carefully ouput only functional requrirement based on the original system description
Aim to achieve functional requirements, only require to implement demo.
do not output ```plaintext or other ``` in the start and the end, output directly.

2025-01-03 Friday 16:14:09 _client.py : INFO  HTTP Request: POST https://api.chatanywhere.tech/chat/completions "HTTP/1.1 200 OK"
2025-01-03 Friday 16:14:09 model.py : INFO  following invoke cost: 1014 | all cost: 1014
2025-01-03 Friday 16:14:09 product_manager.py : INFO  Product Manager Pole
2025-01-03 Friday 16:14:09 product_manager.py : INFO  [OUTPUT]
## general overview of the project
The RecipeHub web application is designed to provide users with a platform to create, distribute, and manage their recipes through a user-friendly interface.

## software functional requirements
1. Users shall be able to log in by entering a username and password on the Login Page.
2. Users shall be able to navigate to the Registration Page from the Login Page by clicking the Register button.
3. Users shall be able to register by entering a username and password on the Registration Page.
4. Users shall be able to view a welcome message and navigate to the Recipe Submission, Recipe Browsing, and User Profile Pages from the Home Page.
5. Users shall be able to submit a new recipe by entering a title, ingredients, and instructions on the Recipe Submission Page.
6. Users shall be able to see a success or error message upon submitting a recipe on the Recipe Submission Page.
7. Users shall be able to search for recipes by entering keywords on the Recipe Browsing Page.
8. Users shall be able to view the details of a recipe from the recipe list on the Recipe Browsing Page.
9. Users shall be able to navigate back to the Home Page from the Recipe Browsing Page using the Back to Home button.
10. Users shall be able to view their profile and list of submitted recipes on the User Profile Page.
11. Users shall be able to delete their account from the User Profile Page and return to the Login Page.
12. Users shall be able to view the full details of a recipe, including ingredients and instructions, on the Recipe Details Page.
13. Users shall be able to navigate back to the Home Page from the Recipe Details Page using the Back to Home button.
[/OUTPUT]
2025-01-03 Friday 16:14:09 architect.py : INFO  Architect Arnold generate System Architect......
2025-01-03 Friday 16:14:09 architect.py : INFO  
You are a Architect, your goal is design a concise, usable, complete software system. the constraint is make sure the architecture is simple enough and use appropriate open source libraries.
Aim to achieve functional requirements, only require to implement demo.
If the original requirements have data storage requirements, you need to design a simple data storage method for the software. Do not use SQL datasets. Follow the data storage requirements in the software requirements(including data format, storage requirements, etc.).


## Context
original_requirement
# Software Description

## Objective
The RecipeHub web application is designed to provide users with a platform to create, distribute, and manage their recipes through a user-friendly interface.

## Core Features

Users shall be able to log in by entering a username and password on the Login Page.
Users shall be able to navigate to the Registration Page from the Login Page by clicking the Register button.
Users shall be able to register by entering a username and password on the Registration Page.
Users shall be able to view a welcome message and navigate to the Recipe Submission, Recipe Browsing, and User Profile Pages from the Home Page.
Users shall be able to submit a new recipe by entering a title, ingredients, and instructions on the Recipe Submission Page.
Users shall be able to see a success or error message upon submitting a recipe on the Recipe Submission Page.
Users shall be able to search for recipes by entering keywords on the Recipe Browsing Page.
Users shall be able to view the details of a recipe from the recipe list on the Recipe Browsing Page.
Users shall be able to navigate back to the Home Page from the Recipe Browsing Page using the Back to Home button.
Users shall be able to view their profile and list of submitted recipes on the User Profile Page.
Users shall be able to delete their account from the User Profile Page and return to the Login Page.
Users shall be able to view the full details of a recipe, including ingredients and instructions, on the Recipe Details Page.
Users shall be able to navigate back to the Home Page from the Recipe Details Page using the Back to Home button.

## Language

Use html and python to develop a web application.
You should use html to generate the web template by yourself.
## Data Storage
Data will be stored in local text files.
Different types of data will be stored in separate `.txt` files.
You should define the text file by yourself in advance.
This structured data storage will facilitate easy data retrieval and management through simple file manipulations in Python, ensuring the application remains light and efficient without the need for a SQL database.
functional requirements
[OUTPUT]
## general overview of the project
The RecipeHub web application is designed to provide users with a platform to create, distribute, and manage their recipes through a user-friendly interface.

## software functional requirements
1. Users shall be able to log in by entering a username and password on the Login Page.
2. Users shall be able to navigate to the Registration Page from the Login Page by clicking the Register button.
3. Users shall be able to register by entering a username and password on the Registration Page.
4. Users shall be able to view a welcome message and navigate to the Recipe Submission, Recipe Browsing, and User Profile Pages from the Home Page.
5. Users shall be able to submit a new recipe by entering a title, ingredients, and instructions on the Recipe Submission Page.
6. Users shall be able to see a success or error message upon submitting a recipe on the Recipe Submission Page.
7. Users shall be able to search for recipes by entering keywords on the Recipe Browsing Page.
8. Users shall be able to view the details of a recipe from the recipe list on the Recipe Browsing Page.
9. Users shall be able to navigate back to the Home Page from the Recipe Browsing Page using the Back to Home button.
10. Users shall be able to view their profile and list of submitted recipes on the User Profile Page.
11. Users shall be able to delete their account from the User Profile Page and return to the Login Page.
12. Users shall be able to view the full details of a recipe, including ingredients and instructions, on the Recipe Details Page.
13. Users shall be able to navigate back to the Home Page from the Recipe Details Page using the Back to Home button.
[/OUTPUT]
-----
## format example
[CONTENT]
"Implementation approach": "We will ...",
"UI design":"- A canvas for... with ... For Web applications, you should use html to generate the web template by yourself."
"Data Storage":"If software requires a data storage, you should follow the rules: Data will be stored in local files. Different types of data will be stored in separate files. You should define the file by yourself in advance.Do not use SQL database. Else just print Not Require!"
"File list": ["main.py","game.py","templates/login.html","users.txt"],
"Data structures and interfaces": "
classDiagram
    class Main {
        -SearchEngine search_engine
        +main() str
    }
    class SearchEngine {
        -Index index
        -Ranking ranking
        -Summary summary
        +search(query: str) str
    }
    class Index {
        -KnowledgeBase knowledge_base
        +create_index(data: dict)
        +query_index(query: str) list
    }
    class Ranking {
        +rank_results(results: list) list
    }
    class Summary {
        +summarize_results(results: list) str
    }
    class KnowledgeBase {
        +update(data: dict)
        +fetch_data(query: str) dict
    }
    Main --> SearchEngine
    SearchEngine --> Index
    SearchEngine --> Ranking
    SearchEngine --> Summary
    Index --> KnowledgeBase
",

[/CONTENT]

## nodes: "<node>: <type>  # <instruction>"
- Implementation approach: <class 'str'>  # Analyze the difficult points of the requirements, select the appropriate open-source framework. If require GUI, you must also choose a GUI framework (e.g., in Python, you can implement GUI via tkinter, Pygame, Flexx, PyGUI, etc,)
- File list: typing.List[str]  #  Only need relative paths. ALWAYS write a main.py here
- Data structures and interfaces: <class 'str'>  # Use mermaid classDiagram code syntax, including classes, method(__init__ etc.) and functions with type annotations, CLEARLY MARK the RELATIONSHIPS between classes, and comply with PEP8 standards. The data structures SHOULD BE VERY DETAILED and the API should be comprehensive with a complete design.
- UI design:<class 'str'>  # optional, if system require UI, choose a GUI framework (e.g., in Python, you can implement GUI via tkinter, Pygame, Flexx, PyGUI, etc,) and list system UI design and corresponding feature's UI design.

## constraint
Language: Please use the same language as Human INPUT.
Format: output wrapped inside [CONTENT][/CONTENT] like format example, nothing else.

# Attention
1. If a feature of software requires a GUI, you also need to carefully consider the UI components that this feature will require and its relationship to the main UI in Architecture.
2. Aim to achieve functional requirements, only require to implement a demo.
3. If project requires data storage, follow the requirement of data storage, implement a simple storage.Do not use SQL database.
4. Organize related functionalities into a single Python file to avoid creating too many files.
5. do not output ```plaintext or other ``` in the start and the end, output directly.

## action
Follow instructions of nodes and Attention, generate output and make sure it follows the format example.

2025-01-03 Friday 16:14:13 _client.py : INFO  HTTP Request: POST https://api.chatanywhere.tech/chat/completions "HTTP/1.1 200 OK"
2025-01-03 Friday 16:14:13 model.py : INFO  following invoke cost: 2087 | all cost: 3101
2025-01-03 Friday 16:14:13 architect.py : INFO  Architect Arnold
2025-01-03 Friday 16:14:13 architect.py : INFO  [CONTENT]
"Implementation approach": "We will use Flask as the web framework for the RecipeHub application, which allows for easy routing and handling of HTTP requests. The application will be structured to handle user authentication, recipe submission, browsing, and profile management. We will use local text files for data storage, ensuring simplicity and ease of access without the need for a SQL database.",
"UI design":"- The application will have a simple HTML-based UI with the following pages: Login Page, Registration Page, Home Page, Recipe Submission Page, Recipe Browsing Page, User Profile Page, and Recipe Details Page. Each page will have forms and buttons for user interactions, styled with basic CSS for usability.",
"Data Storage":"Data will be stored in local text files. We will create separate files for users and recipes: 'users.txt' for storing user credentials and 'recipes.txt' for storing recipe details. Each line in 'users.txt' will contain a username and password, while 'recipes.txt' will store each recipe in a structured format.",
"File list": ["main.py", "templates/login.html", "templates/register.html", "templates/home.html", "templates/recipe_submission.html", "templates/recipe_browsing.html", "templates/user_profile.html", "templates/recipe_details.html", "users.txt", "recipes.txt"],
"Data structures and interfaces": "
classDiagram
    class Main {
        -Flask app
        +main() str
    }
    class User {
        -username: str
        -password: str
        +register(username: str, password: str) bool
        +login(username: str, password: str) bool
        +delete_account(username: str) bool
    }
    class Recipe {
        -title: str
        -ingredients: str
        -instructions: str
        +submit_recipe(title: str, ingredients: str, instructions: str) bool
        +search_recipes(keyword: str) list
        +get_recipe_details(title: str) dict
    }
    class FileManager {
        +read_users() list
        +write_user(username: str, password: str) bool
        +read_recipes() list
        +write_recipe(title: str, ingredients: str, instructions: str) bool
    }
    Main --> User
    Main --> Recipe
    Main --> FileManager
    User --> FileManager
    Recipe --> FileManager
",
[/CONTENT]
2025-01-03 Friday 16:14:13 architect.py : INFO  Architect writting ARCHITECT
2025-01-03 Friday 16:14:13 project_manager.py : INFO  Project Manager Tsunoda generate Project PLAN......
2025-01-03 Friday 16:14:13 project_manager.py : INFO  
You are a Project Manager, your goal is break down tasks according to functional requirement/architecture, generate a task plan, and analyze task dependencies to start with the prerequisite modules. the constraint is use same language as user requirement. 


## Context
functional requirement:
[OUTPUT]
## general overview of the project
The RecipeHub web application is designed to provide users with a platform to create, distribute, and manage their recipes through a user-friendly interface.

## software functional requirements
1. Users shall be able to log in by entering a username and password on the Login Page.
2. Users shall be able to navigate to the Registration Page from the Login Page by clicking the Register button.
3. Users shall be able to register by entering a username and password on the Registration Page.
4. Users shall be able to view a welcome message and navigate to the Recipe Submission, Recipe Browsing, and User Profile Pages from the Home Page.
5. Users shall be able to submit a new recipe by entering a title, ingredients, and instructions on the Recipe Submission Page.
6. Users shall be able to see a success or error message upon submitting a recipe on the Recipe Submission Page.
7. Users shall be able to search for recipes by entering keywords on the Recipe Browsing Page.
8. Users shall be able to view the details of a recipe from the recipe list on the Recipe Browsing Page.
9. Users shall be able to navigate back to the Home Page from the Recipe Browsing Page using the Back to Home button.
10. Users shall be able to view their profile and list of submitted recipes on the User Profile Page.
11. Users shall be able to delete their account from the User Profile Page and return to the Login Page.
12. Users shall be able to view the full details of a recipe, including ingredients and instructions, on the Recipe Details Page.
13. Users shall be able to navigate back to the Home Page from the Recipe Details Page using the Back to Home button.
[/OUTPUT]

architecture:
[CONTENT]
"Implementation approach": "We will use Flask as the web framework for the RecipeHub application, which allows for easy routing and handling of HTTP requests. The application will be structured to handle user authentication, recipe submission, browsing, and profile management. We will use local text files for data storage, ensuring simplicity and ease of access without the need for a SQL database.",
"UI design":"- The application will have a simple HTML-based UI with the following pages: Login Page, Registration Page, Home Page, Recipe Submission Page, Recipe Browsing Page, User Profile Page, and Recipe Details Page. Each page will have forms and buttons for user interactions, styled with basic CSS for usability.",
"Data Storage":"Data will be stored in local text files. We will create separate files for users and recipes: 'users.txt' for storing user credentials and 'recipes.txt' for storing recipe details. Each line in 'users.txt' will contain a username and password, while 'recipes.txt' will store each recipe in a structured format.",
"File list": ["main.py", "templates/login.html", "templates/register.html", "templates/home.html", "templates/recipe_submission.html", "templates/recipe_browsing.html", "templates/user_profile.html", "templates/recipe_details.html", "users.txt", "recipes.txt"],
"Data structures and interfaces": "
classDiagram
    class Main {
        -Flask app
        +main() str
    }
    class User {
        -username: str
        -password: str
        +register(username: str, password: str) bool
        +login(username: str, password: str) bool
        +delete_account(username: str) bool
    }
    class Recipe {
        -title: str
        -ingredients: str
        -instructions: str
        +submit_recipe(title: str, ingredients: str, instructions: str) bool
        +search_recipes(keyword: str) list
        +get_recipe_details(title: str) dict
    }
    class FileManager {
        +read_users() list
        +write_user(username: str, password: str) bool
        +read_recipes() list
        +write_recipe(title: str, ingredients: str, instructions: str) bool
    }
    Main --> User
    Main --> Recipe
    Main --> FileManager
    User --> FileManager
    Recipe --> FileManager
",
[/CONTENT]
-----

## format example
{
"Required packages": [
    "flask==1.1.2",
    "bcrypt==3.2.0"
],
"Required Other language third-party packages": [
    "No third-party dependencies required"
],
"Logic Analysis": [
    [
        "game.py",
        "The main file of the game, responsible for initializing the game window.... Contains Game class and ... functions"
    ],
    [
        "main.py",
        "Contains main function and the main frame, import Game, Logic..."
    ]
],
"Task list": 
{
    'T0':'|Initialize the game window.|related files:["game.py"]',
    'T1':'|complete the moving logic |related files:[main.py,game.py]',
    'T2':'|complete the scoring logic |related files:[main.py]',
    'T3':'|complete the storage |related files:[main.py,game.py]',
    ...
},
"Shared Knowledge": "`game.py` contains functions shared across the project.",
}

## nodes: "<node>: <type>  # <instruction>"
- Required packages: typing.List[str]  # Provide required packages in requirements.txt format.
- Required Other language third-party packages: typing.List[str]  # List down the required packages for languages other than Python.
- Logic Analysis: typing.List[typing.List[str]]  # Provide a list of files with the classes/methods/functions to be implemented, including dependency analysis and imports.
- Task list: typing.Dict[str]  # Break down the project development into many subtasks(in a dictionary format), each sub-task completes a portion of closely related requirements:
(1)its name(T0,T1...)
(2)the functionalities that need to be completed for this task.
(3)related files.
use | to seperate thesse part as example. must no circles in the dependency tasks. related files must from file list in architecture.
You can break down the work into several tasks to tackle more challenging functionalities.
The decomposed tasks only include development-related tasks; higher-level work such as testing, security, and maintenance is not required for now.
- Full API spec: <class 'str'>  # Describe all APIs using OpenAPI 3.0 spec that may be used by both frontend and backend. If front-end and back-end communication is not required, leave it blank.
- Shared Knowledge: <class 'str'>  # Detail any shared knowledge, like common utility functions or configuration variables.

## constraint
Language: Please use the same language as Human INPUT.
Format: output like format example, nothing else.
If you are doing website development, please do not encrypt the account password for the login function.
Related and simple tasks should be combined into one task to reduce the overall number of tasks(no more than 7) during you making "Task List".

## action
Follow instructions of nodes, generate output and make sure it follows the format example.

2025-01-03 Friday 16:14:16 _client.py : INFO  HTTP Request: POST https://api.chatanywhere.tech/chat/completions "HTTP/1.1 200 OK"
2025-01-03 Friday 16:14:16 model.py : INFO  following invoke cost: 2025 | all cost: 5126
2025-01-03 Friday 16:14:16 project_manager.py : INFO  Project Manager Tsunoda
2025-01-03 Friday 16:14:16 project_manager.py : INFO  {
"Required packages": [
    "flask==1.1.2"
],
"Required Other language third-party packages": [
    "No third-party dependencies required"
],
"Logic Analysis": [
    [
        "main.py",
        "Contains the main function to initialize the Flask app and route handling. Responsible for integrating User, Recipe, and FileManager classes."
    ],
    [
        "templates/login.html",
        "HTML template for the Login Page, includes form for username and password input."
    ],
    [
        "templates/register.html",
        "HTML template for the Registration Page, includes form for username and password input."
    ],
    [
        "templates/home.html",
        "HTML template for the Home Page, displays welcome message and navigation options."
    ],
    [
        "templates/recipe_submission.html",
        "HTML template for the Recipe Submission Page, includes form for recipe title, ingredients, and instructions."
    ],
    [
        "templates/recipe_browsing.html",
        "HTML template for the Recipe Browsing Page, includes search functionality and recipe list display."
    ],
    [
        "templates/user_profile.html",
        "HTML template for the User Profile Page, displays user information and submitted recipes."
    ],
    [
        "templates/recipe_details.html",
        "HTML template for the Recipe Details Page, displays full recipe details."
    ]
],
"Task list": 
{
    'T0':'|Set up Flask application and routing.|related files:["main.py"]',
    'T1':'|Implement user registration and login functionality.|related files:["main.py", "templates/register.html", "templates/login.html"]',
    'T2':'|Create Home Page and navigation to other pages.|related files:["main.py", "templates/home.html"]',
    'T3':'|Implement recipe submission functionality and success/error messaging.|related files:["main.py", "templates/recipe_submission.html"]',
    'T4':'|Implement recipe browsing and search functionality.|related files:["main.py", "templates/recipe_browsing.html"]',
    'T5':'|Implement user profile management including viewing and deleting account.|related files:["main.py", "templates/user_profile.html"]',
    'T6':'|Implement recipe details viewing functionality.|related files:["main.py", "templates/recipe_details.html"]'
},
"Full API spec": "",
"Shared Knowledge": "`main.py` contains the main application logic and routing for the RecipeHub application."
}
2025-01-03 Friday 16:14:16 project_manager.py : INFO  Project Manager writting TASK PLAN
2025-01-03 Friday 16:14:16 programmer.py : INFO  Programmer Clorinde Coding...
2025-01-03 Friday 16:14:16 programmer.py : INFO  
You are a professional engineer; the main goal is to write google-style, elegant, modular, easy to read and maintain code.
Output format carefully referenced "Format example".
In addition to writing code, you may also need to complete the data files in the task list (such as .txt .json .csv files). If the task list requires the implementation of data files, you need to simply design some data that meets the requirements for your completed software to facilitate the startup and testing of the software as a demo.


# Context
## Design
[CONTENT]
"Implementation approach": "We will use Flask as the web framework for the RecipeHub application, which allows for easy routing and handling of HTTP requests. The application will be structured to handle user authentication, recipe submission, browsing, and profile management. We will use local text files for data storage, ensuring simplicity and ease of access without the need for a SQL database.",
"UI design":"- The application will have a simple HTML-based UI with the following pages: Login Page, Registration Page, Home Page, Recipe Submission Page, Recipe Browsing Page, User Profile Page, and Recipe Details Page. Each page will have forms and buttons for user interactions, styled with basic CSS for usability.",
"Data Storage":"Data will be stored in local text files. We will create separate files for users and recipes: 'users.txt' for storing user credentials and 'recipes.txt' for storing recipe details. Each line in 'users.txt' will contain a username and password, while 'recipes.txt' will store each recipe in a structured format.",
"File list": ["main.py", "templates/login.html", "templates/register.html", "templates/home.html", "templates/recipe_submission.html", "templates/recipe_browsing.html", "templates/user_profile.html", "templates/recipe_details.html", "users.txt", "recipes.txt"],
"Data structures and interfaces": "
classDiagram
    class Main {
        -Flask app
        +main() str
    }
    class User {
        -username: str
        -password: str
        +register(username: str, password: str) bool
        +login(username: str, password: str) bool
        +delete_account(username: str) bool
    }
    class Recipe {
        -title: str
        -ingredients: str
        -instructions: str
        +submit_recipe(title: str, ingredients: str, instructions: str) bool
        +search_recipes(keyword: str) list
        +get_recipe_details(title: str) dict
    }
    class FileManager {
        +read_users() list
        +write_user(username: str, password: str) bool
        +read_recipes() list
        +write_recipe(title: str, ingredients: str, instructions: str) bool
    }
    Main --> User
    Main --> Recipe
    Main --> FileManager
    User --> FileManager
    Recipe --> FileManager
",
[/CONTENT]
## Whole Task Plan
{
"Required packages": [
    "flask==1.1.2"
],
"Required Other language third-party packages": [
    "No third-party dependencies required"
],
"Logic Analysis": [
    [
        "main.py",
        "Contains the main function to initialize the Flask app and route handling. Responsible for integrating User, Recipe, and FileManager classes."
    ],
    [
        "templates/login.html",
        "HTML template for the Login Page, includes form for username and password input."
    ],
    [
        "templates/register.html",
        "HTML template for the Registration Page, includes form for username and password input."
    ],
    [
        "templates/home.html",
        "HTML template for the Home Page, displays welcome message and navigation options."
    ],
    [
        "templates/recipe_submission.html",
        "HTML template for the Recipe Submission Page, includes form for recipe title, ingredients, and instructions."
    ],
    [
        "templates/recipe_browsing.html",
        "HTML template for the Recipe Browsing Page, includes search functionality and recipe list display."
    ],
    [
        "templates/user_profile.html",
        "HTML template for the User Profile Page, displays user information and submitted recipes."
    ],
    [
        "templates/recipe_details.html",
        "HTML template for the Recipe Details Page, displays full recipe details."
    ]
],
"Task list": 
{
    'T0':'|Set up Flask application and routing.|related files:["main.py"]',
    'T1':'|Implement user registration and login functionality.|related files:["main.py", "templates/register.html", "templates/login.html"]',
    'T2':'|Create Home Page and navigation to other pages.|related files:["main.py", "templates/home.html"]',
    'T3':'|Implement recipe submission functionality and success/error messaging.|related files:["main.py", "templates/recipe_submission.html"]',
    'T4':'|Implement recipe browsing and search functionality.|related files:["main.py", "templates/recipe_browsing.html"]',
    'T5':'|Implement user profile management including viewing and deleting account.|related files:["main.py", "templates/user_profile.html"]',
    'T6':'|Implement recipe details viewing functionality.|related files:["main.py", "templates/recipe_details.html"]'
},
"Full API spec": "",
"Shared Knowledge": "`main.py` contains the main application logic and routing for the RecipeHub application."
}

-----
# Format Example 
*** main.py
```python
...
```

*** ui.py
```python
...
```
-----

# Instruction: Based on the context, follow "Format example", write or revise code to complete task described in "coding sub-task".
## ATTENTION
1. Use '***' to SPLIT different CODE SECTIONS. do not forget ``` in each file, refer the the example. Output format carefully referenced "Format example".
2. Follow design: YOU MUST FOLLOW "Data structures and interfaces". DONT CHANGE ANY DESIGN. Do not use public member functions that do not exist in your design.
3. CAREFULLY CHECK THAT YOU DONT MISS ANY NECESSARY CLASS/FUNCTION IN THE FILE.
4. You must import the third-party libraries used in your code
5. If you import a Class, you must import it firstly.
6. Determine the order of writing the files based on your understanding of the project.
7. Write out EVERY CODE DETAIL, DON'T LEAVE TODO,PASS,PLACEHOLDER.
8. Only write code result, do not output any other content in the start or in the end.
9. If you need to generate text data, follow the rules outlined in "<When Storing Data>" below.
 <When storing data>:
Different groups of data are distinguished by line breaks.
Different contents of the same group of data are distinguished by |.
Within any single content that contains multiple sub-entries, those sub-entries are separated by commas ,.
Example:
admin1|pass123|entry1,entry2,entry3  
admin2|pass123|entry1
Make sure:
The | character is used only to separate distinct contents within a group.
Commas , are used exclusively to separate multiple sub-entries within a single content.

# Website Development Rule
If you are doing website development, be sure to route the root path (/). If there is a login page, set the login page as the root route(/).
If you are doing website development, please do not encrypt the account password for the login function.
If you are doing website development, your code needs to take into account the process of loading data from the data file, so don't forget to load the data.
If you are doing Website Development, do not follow the rules of Website and Game development.
If you are using Flask in production, set the debug mode to False.
# GUI tkinter Development Rule
If you are doing GUI tkinter Development, do not follow the rules of Website and Game development.
# Game Development Rule
If the software needs to load data, please make sure the loading data code matches the data format and data file.
If you are doing Game Development, do not follow the rules of Website and Game development.

# important rule
Use '***' to SPLIT CODE SECTIONS. do not forget ``` in each file, refer the the example. Output format carefully referenced "Format example". 
Adhere strictly to the task requirements and implement them fully; do not include placeholders or "example" for code that is intended for future implementation.

2025-01-03 Friday 16:14:33 _client.py : INFO  HTTP Request: POST https://api.chatanywhere.tech/chat/completions "HTTP/1.1 200 OK"
2025-01-03 Friday 16:14:33 model.py : INFO  following invoke cost: 3621 | all cost: 8747
2025-01-03 Friday 16:14:33 programmer.py : INFO  
*** main.py
```python
from flask import Flask, render_template, request, redirect, url_for, session
from user import User
from recipe import Recipe
from file_manager import FileManager

app = Flask(__name__)
app.secret_key = 'your_secret_key'  # Change this to a random secret key

file_manager = FileManager()
user = User()
recipe = Recipe()

@app.route('/')
def login():
    return render_template('login.html')

@app.route('/register', methods=['GET', 'POST'])
def register():
    if request.method == 'POST':
        username = request.form['username']
        password = request.form['password']
        if user.register(username, password):
            return redirect(url_for('login'))
    return render_template('register.html')

@app.route('/home')
def home():
    return render_template('home.html')

@app.route('/submit_recipe', methods=['GET', 'POST'])
def submit_recipe():
    if request.method == 'POST':
        title = request.form['title']
        ingredients = request.form['ingredients']
        instructions = request.form['instructions']
        if recipe.submit_recipe(title, ingredients, instructions):
            return redirect(url_for('home'))
    return render_template('recipe_submission.html')

@app.route('/browse_recipes')
def browse_recipes():
    recipes = recipe.search_recipes('')
    return render_template('recipe_browsing.html', recipes=recipes)

@app.route('/user_profile')
def user_profile():
    return render_template('user_profile.html')

@app.route('/recipe_details/<title>')
def recipe_details(title):
    details = recipe.get_recipe_details(title)
    return render_template('recipe_details.html', details=details)

if __name__ == '__main__':
    app.run(debug=False)
```

*** user.py
```python
class User:
    def __init__(self):
        self.file_manager = FileManager()

    def register(self, username: str, password: str) -> bool:
        users = self.file_manager.read_users()
        if username not in [user.split('|')[0] for user in users]:
            self.file_manager.write_user(username, password)
            return True
        return False

    def login(self, username: str, password: str) -> bool:
        users = self.file_manager.read_users()
        return any(user.split('|')[0] == username and user.split('|')[1] == password for user in users)

    def delete_account(self, username: str) -> bool:
        users = self.file_manager.read_users()
        if username in [user.split('|')[0] for user in users]:
            users = [user for user in users if user.split('|')[0] != username]
            with open('users.txt', 'w') as f:
                f.write('\n'.join(users))
            return True
        return False
```

*** recipe.py
```python
class Recipe:
    def __init__(self):
        self.file_manager = FileManager()

    def submit_recipe(self, title: str, ingredients: str, instructions: str) -> bool:
        recipes = self.file_manager.read_recipes()
        if title not in [recipe.split('|')[0] for recipe in recipes]:
            self.file_manager.write_recipe(title, ingredients, instructions)
            return True
        return False

    def search_recipes(self, keyword: str) -> list:
        recipes = self.file_manager.read_recipes()
        return [recipe for recipe in recipes if keyword.lower() in recipe.lower()]

    def get_recipe_details(self, title: str) -> dict:
        recipes = self.file_manager.read_recipes()
        for recipe in recipes:
            if recipe.split('|')[0] == title:
                return {
                    'title': recipe.split('|')[0],
                    'ingredients': recipe.split('|')[1],
                    'instructions': recipe.split('|')[2]
                }
        return {}
```

*** file_manager.py
```python
class FileManager:
    def read_users(self) -> list:
        try:
            with open('users.txt', 'r') as f:
                return f.read().strip().split('\n')
        except FileNotFoundError:
            return []

    def write_user(self, username: str, password: str) -> bool:
        with open('users.txt', 'a') as f:
            f.write(f"{username}|{password}\n")
        return True

    def read_recipes(self) -> list:
        try:
            with open('recipes.txt', 'r') as f:
                return f.read().strip().split('\n')
        except FileNotFoundError:
            return []

    def write_recipe(self, title: str, ingredients: str, instructions: str) -> bool:
        with open('recipes.txt', 'a') as f:
            f.write(f"{title}|{ingredients}|{instructions}\n")
        return True
```

*** templates/login.html
```html
<!DOCTYPE html>
<html lang="en">
<head>
    <meta charset="UTF-8">
    <title>Login</title>
</head>
<body>
    <h1>Login</h1>
    <form method="POST" action="/login">
        <input type="text" name="username" placeholder="Username" required>
        <input type="password" name="password" placeholder="Password" required>
        <button type="submit">Login</button>
    </form>
    <a href="/register">Register</a>
</body>
</html>
```

*** templates/register.html
```html
<!DOCTYPE html>
<html lang="en">
<head>
    <meta charset="UTF-8">
    <title>Register</title>
</head>
<body>
    <h1>Register</h1>
    <form method="POST" action="/register">
        <input type="text" name="username" placeholder="Username" required>
        <input type="password" name="password" placeholder="Password" required>
        <button type="submit">Register</button>
    </form>
    <a href="/">Login</a>
</body>
</html>
```

*** templates/home.html
```html
<!DOCTYPE html>
<html lang="en">
<head>
    <meta charset="UTF-8">
    <title>Home</title>
</head>
<body>
    <h1>Welcome to RecipeHub</h1>
    <nav>
        <a href="/submit_recipe">Submit Recipe</a>
        <a href="/browse_recipes">Browse Recipes</a>
        <a href="/user_profile">User Profile</a>
    </nav>
</body>
</html>
```

*** templates/recipe_submission.html
```html
<!DOCTYPE html>
<html lang="en">
<head>
    <meta charset="UTF-8">
    <title>Submit Recipe</title>
</head>
<body>
    <h1>Submit a Recipe</h1>
    <form method="POST" action="/submit_recipe">
        <input type="text" name="title" placeholder="Recipe Title" required>
        <textarea name="ingredients" placeholder="Ingredients" required></textarea>
        <textarea name="instructions" placeholder="Instructions" required></textarea>
        <button type="submit">Submit</button>
    </form>
</body>
</html>
```

*** templates/recipe_browsing.html
```html
<!DOCTYPE html>
<html lang="en">
<head>
    <meta charset="UTF-8">
    <title>Browse Recipes</title>
</head>
<body>
    <h1>Browse Recipes</h1>
    <ul>
        {% for recipe in recipes %}
            <li><a href="/recipe_details/{{ recipe.split('|')[0] }}">{{ recipe.split('|')[0] }}</a></li>
        {% endfor %}
    </ul>
</body>
</html>
```

*** templates/user_profile.html
```html
<!DOCTYPE html>
<html lang="en">
<head>
    <meta charset="UTF-8">
    <title>User Profile</title>
</head>
<body>
    <h1>User Profile</h1>
    <p>Your information and submitted recipes will be displayed here.</p>
</body>
</html>
```

*** templates/recipe_details.html
```html
<!DOCTYPE html>
<html lang="en">
<head>
    <meta charset="UTF-8">
    <title>Recipe Details</title>
</head>
<body>
    <h1>{{ details.title }}</h1>
    <h2>Ingredients</h2>
    <p>{{ details.ingredients }}</p>
    <h2>Instructions</h2>
    <p>{{ details.instructions }}</p>
</body>
</html>
```

*** users.txt
```
admin|pass123
user1|password1
```

*** recipes.txt
```
Pasta|Noodles, Tomato Sauce, Cheese|Boil noodles, add sauce, sprinkle cheese
Salad|Lettuce, Tomato, Cucumber|Chop ingredients, mix in a bowl
```
2025-01-03 Friday 16:14:33 programmer.py : INFO  Programmer writting CODE: main.py
2025-01-03 Friday 16:14:33 programmer.py : INFO  Programmer writting CODE: user.py
2025-01-03 Friday 16:14:33 programmer.py : INFO  Programmer writting CODE: recipe.py
2025-01-03 Friday 16:14:33 programmer.py : INFO  Programmer writting CODE: file_manager.py
2025-01-03 Friday 16:14:33 programmer.py : INFO  Programmer writting CODE: templates/login.html
2025-01-03 Friday 16:14:33 programmer.py : INFO  Programmer writting CODE: templates/register.html
2025-01-03 Friday 16:14:33 programmer.py : INFO  Programmer writting CODE: templates/home.html
2025-01-03 Friday 16:14:33 programmer.py : INFO  Programmer writting CODE: templates/recipe_submission.html
2025-01-03 Friday 16:14:33 programmer.py : INFO  Programmer writting CODE: templates/recipe_browsing.html
2025-01-03 Friday 16:14:33 programmer.py : INFO  Programmer writting CODE: templates/user_profile.html
2025-01-03 Friday 16:14:33 programmer.py : INFO  Programmer writting CODE: templates/recipe_details.html
2025-01-03 Friday 16:14:33 programmer.py : INFO  Programmer writting CODE: users.txt
2025-01-03 Friday 16:14:33 programmer.py : INFO  Programmer writting CODE: recipes.txt
2025-01-03 Friday 16:14:33 start_by_file.py : INFO  
-----------------
Team Name: SES midnigt wanderer
Team Roles: ['Product Manager', 'Architect', 'Project Manager']
Project Name: RecipeHub
-----------------
ALL COST FOR PROJECT IS: 8747
-------------------
Execute time: 30.44 Seconds
-----------------
