2025-01-03 Friday 17:39:15 team.py : INFO  Setting Project Dir to D:/Project/CE/CE/project/website/RecipeHub_20250103173915/
2025-01-03 Friday 17:39:17 product_manager.py : INFO  Product Manager Pole Writing PRD...
2025-01-03 Friday 17:39:17 product_manager.py : INFO  
You are an excellent Software Requirements Analyst, and your task is to analyze an initial project description, 
generate the functional requirements section of the Software Requirements Specification (SRS) document (non-functional requirements are not required).
Aim to achieve functional requirements, only require to implement demo.
Note that general overview of the project just copy the content of system description.
Note that software functional requirements just follow the Core Features part of System description. Do not over think.


# Context
## system description
# Software Description

## Objective
The RecipeHub web application is designed to provide users with a platform to create, distribute, and manage their recipes through a user-friendly interface.

## Core Features

Users shall be able to log in by entering a username and password on the Login Page.
Users shall be able to navigate to the Registration Page from the Login Page by clicking the Register button.
Users shall be able to register by entering a username and password on the Registration Page.
Users shall be able to view a welcome message and navigate to the Recipe Submission, Recipe Browsing, and User Profile Pages from the Home Page.
Users shall be able to submit a new recipe by entering a title, ingredients, and instructions on the Recipe Submission Page.
Users shall be able to see a success or error message upon submitting a recipe on the Recipe Submission Page.
Users shall be able to search for recipes by entering keywords on the Recipe Browsing Page.
Users shall be able to view the details of a recipe from the recipe list on the Recipe Browsing Page.
Users shall be able to navigate back to the Home Page from the Recipe Browsing Page using the Back to Home button.
Users shall be able to view their profile and list of submitted recipes on the User Profile Page.
Users shall be able to delete their account from the User Profile Page and return to the Login Page.
Users shall be able to view the full details of a recipe, including ingredients and instructions, on the Recipe Details Page.
Users shall be able to navigate back to the Home Page from the Recipe Details Page using the Back to Home button.

## Language

Use html and python to develop a web application.
You should use html to generate the web template by yourself.
## Data Storage
Data will be stored in local text files.
Different types of data will be stored in separate `.txt` files.
You should define the text file by yourself in advance.
This structured data storage will facilitate easy data retrieval and management through simple file manipulations in Python, ensuring the application remains light and efficient without the need for a SQL database.

-----
# Format Example
[OUTPUT]
## general overview of the project
general overview of the project

## software functional requirements
...
...
...
[/OUTPUT]


## Instruction 
- general overview of the project: copy the system description here.
- software function requirements: based on the system description, output system's function requirements with details.

# Constraint
Format: output wrapped inside [OUTPUT][/OUTPUT] like format example, nothing else.

# Action
follow Instruction, Carefully ouput only functional requrirement based on the original system description
Aim to achieve functional requirements, only require to implement demo.
do not output ```plaintext or other ``` in the start and the end, output directly.

2025-01-03 Friday 17:39:20 _client.py : INFO  HTTP Request: POST https://api.chatanywhere.tech/chat/completions "HTTP/1.1 200 OK"
2025-01-03 Friday 17:39:20 model.py : INFO  following invoke cost: 1014 | all cost: 1014
2025-01-03 Friday 17:39:20 product_manager.py : INFO  Product Manager Pole
2025-01-03 Friday 17:39:20 product_manager.py : INFO  [OUTPUT]
## general overview of the project
The RecipeHub web application is designed to provide users with a platform to create, distribute, and manage their recipes through a user-friendly interface.

## software functional requirements
1. Users shall be able to log in by entering a username and password on the Login Page.
2. Users shall be able to navigate to the Registration Page from the Login Page by clicking the Register button.
3. Users shall be able to register by entering a username and password on the Registration Page.
4. Users shall be able to view a welcome message and navigate to the Recipe Submission, Recipe Browsing, and User Profile Pages from the Home Page.
5. Users shall be able to submit a new recipe by entering a title, ingredients, and instructions on the Recipe Submission Page.
6. Users shall be able to see a success or error message upon submitting a recipe on the Recipe Submission Page.
7. Users shall be able to search for recipes by entering keywords on the Recipe Browsing Page.
8. Users shall be able to view the details of a recipe from the recipe list on the Recipe Browsing Page.
9. Users shall be able to navigate back to the Home Page from the Recipe Browsing Page using the Back to Home button.
10. Users shall be able to view their profile and list of submitted recipes on the User Profile Page.
11. Users shall be able to delete their account from the User Profile Page and return to the Login Page.
12. Users shall be able to view the full details of a recipe, including ingredients and instructions, on the Recipe Details Page.
13. Users shall be able to navigate back to the Home Page from the Recipe Details Page using the Back to Home button.
[/OUTPUT]
2025-01-03 Friday 17:39:20 architect.py : INFO  Architect Arnold generate System Architect......
2025-01-03 Friday 17:39:20 architect.py : INFO  
You are a Architect, your goal is design a concise, usable, complete software system. the constraint is make sure the architecture is simple enough and use appropriate open source libraries.
Aim to achieve functional requirements, only require to implement demo.
If the original requirements have data storage requirements, you need to design a simple data storage method for the software. Do not use SQL datasets. Follow the data storage requirements in the software requirements(including data format, storage requirements, etc.).


## Context
original_requirement
# Software Description

## Objective
The RecipeHub web application is designed to provide users with a platform to create, distribute, and manage their recipes through a user-friendly interface.

## Core Features

Users shall be able to log in by entering a username and password on the Login Page.
Users shall be able to navigate to the Registration Page from the Login Page by clicking the Register button.
Users shall be able to register by entering a username and password on the Registration Page.
Users shall be able to view a welcome message and navigate to the Recipe Submission, Recipe Browsing, and User Profile Pages from the Home Page.
Users shall be able to submit a new recipe by entering a title, ingredients, and instructions on the Recipe Submission Page.
Users shall be able to see a success or error message upon submitting a recipe on the Recipe Submission Page.
Users shall be able to search for recipes by entering keywords on the Recipe Browsing Page.
Users shall be able to view the details of a recipe from the recipe list on the Recipe Browsing Page.
Users shall be able to navigate back to the Home Page from the Recipe Browsing Page using the Back to Home button.
Users shall be able to view their profile and list of submitted recipes on the User Profile Page.
Users shall be able to delete their account from the User Profile Page and return to the Login Page.
Users shall be able to view the full details of a recipe, including ingredients and instructions, on the Recipe Details Page.
Users shall be able to navigate back to the Home Page from the Recipe Details Page using the Back to Home button.

## Language

Use html and python to develop a web application.
You should use html to generate the web template by yourself.
## Data Storage
Data will be stored in local text files.
Different types of data will be stored in separate `.txt` files.
You should define the text file by yourself in advance.
This structured data storage will facilitate easy data retrieval and management through simple file manipulations in Python, ensuring the application remains light and efficient without the need for a SQL database.
functional requirements
[OUTPUT]
## general overview of the project
The RecipeHub web application is designed to provide users with a platform to create, distribute, and manage their recipes through a user-friendly interface.

## software functional requirements
1. Users shall be able to log in by entering a username and password on the Login Page.
2. Users shall be able to navigate to the Registration Page from the Login Page by clicking the Register button.
3. Users shall be able to register by entering a username and password on the Registration Page.
4. Users shall be able to view a welcome message and navigate to the Recipe Submission, Recipe Browsing, and User Profile Pages from the Home Page.
5. Users shall be able to submit a new recipe by entering a title, ingredients, and instructions on the Recipe Submission Page.
6. Users shall be able to see a success or error message upon submitting a recipe on the Recipe Submission Page.
7. Users shall be able to search for recipes by entering keywords on the Recipe Browsing Page.
8. Users shall be able to view the details of a recipe from the recipe list on the Recipe Browsing Page.
9. Users shall be able to navigate back to the Home Page from the Recipe Browsing Page using the Back to Home button.
10. Users shall be able to view their profile and list of submitted recipes on the User Profile Page.
11. Users shall be able to delete their account from the User Profile Page and return to the Login Page.
12. Users shall be able to view the full details of a recipe, including ingredients and instructions, on the Recipe Details Page.
13. Users shall be able to navigate back to the Home Page from the Recipe Details Page using the Back to Home button.
[/OUTPUT]
-----
## format example
[CONTENT]
"Implementation approach": "We will ...",
"UI design":"- A canvas for... with ... For Web applications, you should use html to generate the web template by yourself."
"Data Storage":"If software requires a data storage, you should follow the rules: Data will be stored in local files. Different types of data will be stored in separate files. You should define the file by yourself in advance.Do not use SQL database. Else just print Not Require!"
"File list": ["main.py","game.py","templates/login.html","users.txt"],
"Data structures and interfaces": "
classDiagram
    class Main {
        -SearchEngine search_engine
        +main() str
    }
    class SearchEngine {
        -Index index
        -Ranking ranking
        -Summary summary
        +search(query: str) str
    }
    class Index {
        -KnowledgeBase knowledge_base
        +create_index(data: dict)
        +query_index(query: str) list
    }
    class Ranking {
        +rank_results(results: list) list
    }
    class Summary {
        +summarize_results(results: list) str
    }
    class KnowledgeBase {
        +update(data: dict)
        +fetch_data(query: str) dict
    }
    Main --> SearchEngine
    SearchEngine --> Index
    SearchEngine --> Ranking
    SearchEngine --> Summary
    Index --> KnowledgeBase
",

[/CONTENT]

## nodes: "<node>: <type>  # <instruction>"
- Implementation approach: <class 'str'>  # Analyze the difficult points of the requirements, select the appropriate open-source framework. If require GUI, you must also choose a GUI framework (e.g., in Python, you can implement GUI via tkinter, Pygame, Flexx, PyGUI, etc,)
- File list: typing.List[str]  #  Only need relative paths. ALWAYS write a main.py here
- Data structures and interfaces: <class 'str'>  # Use mermaid classDiagram code syntax, including classes, method(__init__ etc.) and functions with type annotations, CLEARLY MARK the RELATIONSHIPS between classes, and comply with PEP8 standards. The data structures SHOULD BE VERY DETAILED and the API should be comprehensive with a complete design.
- UI design:<class 'str'>  # optional, if system require UI, choose a GUI framework (e.g., in Python, you can implement GUI via tkinter, Pygame, Flexx, PyGUI, etc,) and list system UI design and corresponding feature's UI design.

## constraint
Language: Please use the same language as Human INPUT.
Format: output wrapped inside [CONTENT][/CONTENT] like format example, nothing else.

# Attention
1. If a feature of software requires a GUI, you also need to carefully consider the UI components that this feature will require and its relationship to the main UI in Architecture.
2. Aim to achieve functional requirements, only require to implement a demo.
3. If project requires data storage, follow the requirement of data storage, implement a simple storage.Do not use SQL database.
4. Organize related functionalities into a single Python file to avoid creating too many files.
5. do not output ```plaintext or other ``` in the start and the end, output directly.

## action
Follow instructions of nodes and Attention, generate output and make sure it follows the format example.

2025-01-03 Friday 17:39:24 _client.py : INFO  HTTP Request: POST https://api.chatanywhere.tech/chat/completions "HTTP/1.1 200 OK"
2025-01-03 Friday 17:39:24 model.py : INFO  following invoke cost: 2114 | all cost: 3128
2025-01-03 Friday 17:39:24 architect.py : INFO  Architect Arnold
2025-01-03 Friday 17:39:24 architect.py : INFO  [CONTENT]
"Implementation approach": "We will use Flask as the web framework for the RecipeHub application, which allows for easy routing and handling of HTTP requests. For the front end, we will use HTML templates to create the user interface. The application will handle user authentication and recipe management using local text files for data storage, ensuring simplicity and efficiency.",
"UI design":"- The application will have a Login Page for user authentication, a Registration Page for new users, a Home Page that provides navigation to Recipe Submission, Recipe Browsing, and User Profile Pages. The Recipe Submission Page will allow users to enter recipe details, while the Recipe Browsing Page will enable users to search and view recipes. The User Profile Page will display user information and submitted recipes.",
"Data Storage":"Data will be stored in local text files. Different types of data will be stored in separate `.txt` files. The following files will be created: `users.txt` for user credentials, `recipes.txt` for storing recipes, and `messages.txt` for feedback messages.",
"File list": ["main.py", "templates/login.html", "templates/register.html", "templates/home.html", "templates/recipe_submission.html", "templates/recipe_browsing.html", "templates/user_profile.html", "recipes.txt", "users.txt", "messages.txt"],
"Data structures and interfaces": "
classDiagram
    class Main {
        -Flask app
        +run() None
    }
    class User {
        -username: str
        -password: str
        +__init__(username: str, password: str)
        +save() None
        +delete() None
    }
    class Recipe {
        -title: str
        -ingredients: str
        -instructions: str
        +__init__(title: str, ingredients: str, instructions: str)
        +save() None
    }
    class UserManager {
        -users_file: str
        +load_users() list
        +add_user(user: User) None
        +delete_user(username: str) None
    }
    class RecipeManager {
        -recipes_file: str
        +load_recipes() list
        +add_recipe(recipe: Recipe) None
        +search_recipes(keyword: str) list
    }
    class MessageManager {
        -messages_file: str
        +log_message(message: str) None
    }
    Main --> UserManager
    Main --> RecipeManager
    Main --> MessageManager
    UserManager --> User
    RecipeManager --> Recipe
",
[/CONTENT]
2025-01-03 Friday 17:39:24 architect.py : INFO  Architect writting ARCHITECT
2025-01-03 Friday 17:39:24 project_manager.py : INFO  Project Manager Tsunoda generate Project PLAN......
2025-01-03 Friday 17:39:24 project_manager.py : INFO  
You are a Project Manager, your goal is break down tasks according to functional requirement/architecture, generate a task plan, and analyze task dependencies to start with the prerequisite modules. the constraint is use same language as user requirement. 


## Context
functional requirement:
[OUTPUT]
## general overview of the project
The RecipeHub web application is designed to provide users with a platform to create, distribute, and manage their recipes through a user-friendly interface.

## software functional requirements
1. Users shall be able to log in by entering a username and password on the Login Page.
2. Users shall be able to navigate to the Registration Page from the Login Page by clicking the Register button.
3. Users shall be able to register by entering a username and password on the Registration Page.
4. Users shall be able to view a welcome message and navigate to the Recipe Submission, Recipe Browsing, and User Profile Pages from the Home Page.
5. Users shall be able to submit a new recipe by entering a title, ingredients, and instructions on the Recipe Submission Page.
6. Users shall be able to see a success or error message upon submitting a recipe on the Recipe Submission Page.
7. Users shall be able to search for recipes by entering keywords on the Recipe Browsing Page.
8. Users shall be able to view the details of a recipe from the recipe list on the Recipe Browsing Page.
9. Users shall be able to navigate back to the Home Page from the Recipe Browsing Page using the Back to Home button.
10. Users shall be able to view their profile and list of submitted recipes on the User Profile Page.
11. Users shall be able to delete their account from the User Profile Page and return to the Login Page.
12. Users shall be able to view the full details of a recipe, including ingredients and instructions, on the Recipe Details Page.
13. Users shall be able to navigate back to the Home Page from the Recipe Details Page using the Back to Home button.
[/OUTPUT]

architecture:
[CONTENT]
"Implementation approach": "We will use Flask as the web framework for the RecipeHub application, which allows for easy routing and handling of HTTP requests. For the front end, we will use HTML templates to create the user interface. The application will handle user authentication and recipe management using local text files for data storage, ensuring simplicity and efficiency.",
"UI design":"- The application will have a Login Page for user authentication, a Registration Page for new users, a Home Page that provides navigation to Recipe Submission, Recipe Browsing, and User Profile Pages. The Recipe Submission Page will allow users to enter recipe details, while the Recipe Browsing Page will enable users to search and view recipes. The User Profile Page will display user information and submitted recipes.",
"Data Storage":"Data will be stored in local text files. Different types of data will be stored in separate `.txt` files. The following files will be created: `users.txt` for user credentials, `recipes.txt` for storing recipes, and `messages.txt` for feedback messages.",
"File list": ["main.py", "templates/login.html", "templates/register.html", "templates/home.html", "templates/recipe_submission.html", "templates/recipe_browsing.html", "templates/user_profile.html", "recipes.txt", "users.txt", "messages.txt"],
"Data structures and interfaces": "
classDiagram
    class Main {
        -Flask app
        +run() None
    }
    class User {
        -username: str
        -password: str
        +__init__(username: str, password: str)
        +save() None
        +delete() None
    }
    class Recipe {
        -title: str
        -ingredients: str
        -instructions: str
        +__init__(title: str, ingredients: str, instructions: str)
        +save() None
    }
    class UserManager {
        -users_file: str
        +load_users() list
        +add_user(user: User) None
        +delete_user(username: str) None
    }
    class RecipeManager {
        -recipes_file: str
        +load_recipes() list
        +add_recipe(recipe: Recipe) None
        +search_recipes(keyword: str) list
    }
    class MessageManager {
        -messages_file: str
        +log_message(message: str) None
    }
    Main --> UserManager
    Main --> RecipeManager
    Main --> MessageManager
    UserManager --> User
    RecipeManager --> Recipe
",
[/CONTENT]
-----

## format example
{
"Required packages": [
    "flask==1.1.2",
    "bcrypt==3.2.0"
],
"Required Other language third-party packages": [
    "No third-party dependencies required"
],
"Logic Analysis": [
    [
        "game.py",
        "The main file of the game, responsible for initializing the game window.... Contains Game class and ... functions"
    ],
    [
        "main.py",
        "Contains main function and the main frame, import Game, Logic..."
    ]
],
"Task list": 
{
    'T0':'|Initialize the game window.|related files:["game.py"]',
    'T1':'|complete the moving logic |related files:[main.py,game.py]',
    'T2':'|complete the scoring logic |related files:[main.py]',
    'T3':'|complete the storage |related files:[main.py,game.py]',
    ...
},
"Shared Knowledge": "`game.py` contains functions shared across the project.",
}

## nodes: "<node>: <type>  # <instruction>"
- Required packages: typing.List[str]  # Provide required packages in requirements.txt format.
- Required Other language third-party packages: typing.List[str]  # List down the required packages for languages other than Python.
- Logic Analysis: typing.List[typing.List[str]]  # Provide a list of files with the classes/methods/functions to be implemented, including dependency analysis and imports.
- Task list: typing.Dict[str]  # Break down the project development into many subtasks(in a dictionary format), each sub-task completes a portion of closely related requirements:
(1)its name(T0,T1...)
(2)the functionalities that need to be completed for this task.
(3)related files.
use | to seperate thesse part as example. must no circles in the dependency tasks. related files must from file list in architecture.
You can break down the work into several tasks to tackle more challenging functionalities.
The decomposed tasks only include development-related tasks; higher-level work such as testing, security, and maintenance is not required for now.
- Full API spec: <class 'str'>  # Describe all APIs using OpenAPI 3.0 spec that may be used by both frontend and backend. If front-end and back-end communication is not required, leave it blank.
- Shared Knowledge: <class 'str'>  # Detail any shared knowledge, like common utility functions or configuration variables.

## constraint
Language: Please use the same language as Human INPUT.
Format: output like format example, nothing else.
If you are doing website development, please do not encrypt the account password for the login function.
Related and simple tasks should be combined into one task to reduce the overall number of tasks(no more than 7) during you making "Task List".

## action
Follow instructions of nodes, generate output and make sure it follows the format example.

2025-01-03 Friday 17:39:29 _client.py : INFO  HTTP Request: POST https://api.chatanywhere.tech/chat/completions "HTTP/1.1 200 OK"
2025-01-03 Friday 17:39:29 model.py : INFO  following invoke cost: 2046 | all cost: 5174
2025-01-03 Friday 17:39:29 project_manager.py : INFO  Project Manager Tsunoda
2025-01-03 Friday 17:39:29 project_manager.py : INFO  {
"Required packages": [
    "flask==1.1.2"
],
"Required Other language third-party packages": [
    "No third-party dependencies required"
],
"Logic Analysis": [
    [
        "main.py",
        "The main file of the application, responsible for initializing the Flask app and routing. Contains the main function and integrates UserManager, RecipeManager, and MessageManager."
    ],
    [
        "templates/login.html",
        "HTML template for the Login Page where users enter their credentials."
    ],
    [
        "templates/register.html",
        "HTML template for the Registration Page where new users can create an account."
    ],
    [
        "templates/home.html",
        "HTML template for the Home Page that provides navigation to other pages."
    ],
    [
        "templates/recipe_submission.html",
        "HTML template for the Recipe Submission Page where users can submit new recipes."
    ],
    [
        "templates/recipe_browsing.html",
        "HTML template for the Recipe Browsing Page where users can search and view recipes."
    ],
    [
        "templates/user_profile.html",
        "HTML template for the User Profile Page where users can view their profile and submitted recipes."
    ]
],
"Task list": 
{
    'T0':'|Set up Flask application and routing.|related files:["main.py"]',
    'T1':'|Implement user registration and login functionality.|related files:["main.py", "templates/login.html", "templates/register.html"]',
    'T2':'|Create Home Page and navigation to Recipe Submission, Recipe Browsing, and User Profile Pages.|related files:["main.py", "templates/home.html"]',
    'T3':'|Develop Recipe Submission functionality and success/error message handling.|related files:["main.py", "templates/recipe_submission.html"]',
    'T4':'|Implement Recipe Browsing with search functionality and recipe details viewing.|related files:["main.py", "templates/recipe_browsing.html"]',
    'T5':'|Create User Profile Page for viewing user information and submitted recipes.|related files:["main.py", "templates/user_profile.html"]',
    'T6':'|Implement account deletion functionality and navigation back to Login Page.|related files:["main.py", "templates/user_profile.html"]'
},
"Full API spec": "",
"Shared Knowledge": "`main.py` contains the main application logic and integrates all components of the RecipeHub application."
}
2025-01-03 Friday 17:39:29 project_manager.py : INFO  Project Manager writting TASK PLAN
2025-01-03 Friday 17:39:29 programmer.py : INFO  Programmer Clorinde Coding...
2025-01-03 Friday 17:39:29 programmer.py : INFO  
You are a professional engineer; the main goal is to write google-style, elegant, modular, easy to read and maintain code.
Output format carefully referenced "Format example".
In addition to writing code, you may also need to complete the data files in the task list (such as .txt .json .csv files). If the task list requires the implementation of data files, you need to simply design some data that meets the requirements for your completed software to facilitate the startup and testing of the software as a demo.


# Context
## Design
[CONTENT]
"Implementation approach": "We will use Flask as the web framework for the RecipeHub application, which allows for easy routing and handling of HTTP requests. For the front end, we will use HTML templates to create the user interface. The application will handle user authentication and recipe management using local text files for data storage, ensuring simplicity and efficiency.",
"UI design":"- The application will have a Login Page for user authentication, a Registration Page for new users, a Home Page that provides navigation to Recipe Submission, Recipe Browsing, and User Profile Pages. The Recipe Submission Page will allow users to enter recipe details, while the Recipe Browsing Page will enable users to search and view recipes. The User Profile Page will display user information and submitted recipes.",
"Data Storage":"Data will be stored in local text files. Different types of data will be stored in separate `.txt` files. The following files will be created: `users.txt` for user credentials, `recipes.txt` for storing recipes, and `messages.txt` for feedback messages.",
"File list": ["main.py", "templates/login.html", "templates/register.html", "templates/home.html", "templates/recipe_submission.html", "templates/recipe_browsing.html", "templates/user_profile.html", "recipes.txt", "users.txt", "messages.txt"],
"Data structures and interfaces": "
classDiagram
    class Main {
        -Flask app
        +run() None
    }
    class User {
        -username: str
        -password: str
        +__init__(username: str, password: str)
        +save() None
        +delete() None
    }
    class Recipe {
        -title: str
        -ingredients: str
        -instructions: str
        +__init__(title: str, ingredients: str, instructions: str)
        +save() None
    }
    class UserManager {
        -users_file: str
        +load_users() list
        +add_user(user: User) None
        +delete_user(username: str) None
    }
    class RecipeManager {
        -recipes_file: str
        +load_recipes() list
        +add_recipe(recipe: Recipe) None
        +search_recipes(keyword: str) list
    }
    class MessageManager {
        -messages_file: str
        +log_message(message: str) None
    }
    Main --> UserManager
    Main --> RecipeManager
    Main --> MessageManager
    UserManager --> User
    RecipeManager --> Recipe
",
[/CONTENT]
## Whole Task Plan
{
"Required packages": [
    "flask==1.1.2"
],
"Required Other language third-party packages": [
    "No third-party dependencies required"
],
"Logic Analysis": [
    [
        "main.py",
        "The main file of the application, responsible for initializing the Flask app and routing. Contains the main function and integrates UserManager, RecipeManager, and MessageManager."
    ],
    [
        "templates/login.html",
        "HTML template for the Login Page where users enter their credentials."
    ],
    [
        "templates/register.html",
        "HTML template for the Registration Page where new users can create an account."
    ],
    [
        "templates/home.html",
        "HTML template for the Home Page that provides navigation to other pages."
    ],
    [
        "templates/recipe_submission.html",
        "HTML template for the Recipe Submission Page where users can submit new recipes."
    ],
    [
        "templates/recipe_browsing.html",
        "HTML template for the Recipe Browsing Page where users can search and view recipes."
    ],
    [
        "templates/user_profile.html",
        "HTML template for the User Profile Page where users can view their profile and submitted recipes."
    ]
],
"Task list": 
{
    'T0':'|Set up Flask application and routing.|related files:["main.py"]',
    'T1':'|Implement user registration and login functionality.|related files:["main.py", "templates/login.html", "templates/register.html"]',
    'T2':'|Create Home Page and navigation to Recipe Submission, Recipe Browsing, and User Profile Pages.|related files:["main.py", "templates/home.html"]',
    'T3':'|Develop Recipe Submission functionality and success/error message handling.|related files:["main.py", "templates/recipe_submission.html"]',
    'T4':'|Implement Recipe Browsing with search functionality and recipe details viewing.|related files:["main.py", "templates/recipe_browsing.html"]',
    'T5':'|Create User Profile Page for viewing user information and submitted recipes.|related files:["main.py", "templates/user_profile.html"]',
    'T6':'|Implement account deletion functionality and navigation back to Login Page.|related files:["main.py", "templates/user_profile.html"]'
},
"Full API spec": "",
"Shared Knowledge": "`main.py` contains the main application logic and integrates all components of the RecipeHub application."
}

-----
# Format Example 
*** main.py
```python
...
```

*** ui.py
```python
...
```
-----

# Instruction: Based on the context, follow "Format example", write or revise code to complete task described in "coding sub-task".
## ATTENTION
1. Use '***' to SPLIT different CODE SECTIONS. do not forget ``` in each file, refer the the example. Output format carefully referenced "Format example".
2. Follow design: YOU MUST FOLLOW "Data structures and interfaces". DONT CHANGE ANY DESIGN. Do not use public member functions that do not exist in your design.
3. CAREFULLY CHECK THAT YOU DONT MISS ANY NECESSARY CLASS/FUNCTION IN THE FILE.
4. You must import the third-party libraries used in your code
5. If you import a Class, you must import it firstly.
6. Determine the order of writing the files based on your understanding of the project.
7. Write out EVERY CODE DETAIL, DON'T LEAVE TODO,PASS,PLACEHOLDER.
8. Only write code result, do not output any other content in the start or in the end.
9. If you need to generate text data, follow the rules outlined in "<When Storing Data>" below.
 <When storing data>:
Different groups of data are distinguished by line breaks.
Different contents of the same group of data are distinguished by |.
Within any single content that contains multiple sub-entries, those sub-entries are separated by commas ,.
Example:
admin1|pass123|entry1,entry2,entry3  
admin2|pass123|entry1
Make sure:
The | character is used only to separate distinct contents within a group.
Commas , are used exclusively to separate multiple sub-entries within a single content.

# Website Development Rule
If you are doing website development, be sure to route the root path (/). If there is a login page, set the login page as the root route(/).
If you are doing website development, please do not encrypt the account password for the login function.
If you are doing website development, your code needs to take into account the process of loading data from the data file, so don't forget to load the data.
If you are doing Website Development, do not follow the rules of Website and Game development.
# GUI tkinter Development Rule
If you are doing GUI tkinter Development, do not follow the rules of Website and Game development.
# Game Development Rule
If the software needs to load data, please make sure the loading data code matches the data format and data file.
If you are doing Game Development, do not follow the rules of Website and Game development.

# important rule
Use '***' to SPLIT CODE SECTIONS. do not forget ``` in each file, refer the the example. Output format carefully referenced "Format example". 
Adhere strictly to the task requirements and implement them fully; do not include placeholders or "example" for code that is intended for future implementation.

2025-01-03 Friday 17:39:41 _client.py : INFO  HTTP Request: POST https://api.chatanywhere.tech/chat/completions "HTTP/1.1 200 OK"
2025-01-03 Friday 17:39:41 model.py : INFO  following invoke cost: 3592 | all cost: 8766
2025-01-03 Friday 17:39:41 programmer.py : INFO  
*** main.py
```python
from flask import Flask, render_template, request, redirect, url_for, session
from user_manager import UserManager
from recipe_manager import RecipeManager
from message_manager import MessageManager

app = Flask(__name__)
app.secret_key = 'your_secret_key'

user_manager = UserManager('users.txt')
recipe_manager = RecipeManager('recipes.txt')
message_manager = MessageManager('messages.txt')

@app.route('/')
def login():
    return render_template('login.html')

@app.route('/register', methods=['GET', 'POST'])
def register():
    if request.method == 'POST':
        username = request.form['username']
        password = request.form['password']
        user_manager.add_user(User(username, password))
        return redirect(url_for('login'))
    return render_template('register.html')

@app.route('/home')
def home():
    return render_template('home.html')

@app.route('/submit_recipe', methods=['GET', 'POST'])
def submit_recipe():
    if request.method == 'POST':
        title = request.form['title']
        ingredients = request.form['ingredients']
        instructions = request.form['instructions']
        recipe_manager.add_recipe(Recipe(title, ingredients, instructions))
        message_manager.log_message("Recipe submitted successfully.")
        return redirect(url_for('home'))
    return render_template('recipe_submission.html')

@app.route('/browse_recipes')
def browse_recipes():
    recipes = recipe_manager.load_recipes()
    return render_template('recipe_browsing.html', recipes=recipes)

@app.route('/user_profile')
def user_profile():
    username = session.get('username')
    user_recipes = recipe_manager.search_recipes(username)
    return render_template('user_profile.html', username=username, recipes=user_recipes)

if __name__ == '__main__':
    app.run(debug=True)
```

*** user_manager.py
```python
class User:
    def __init__(self, username: str, password: str):
        self.username = username
        self.password = password

    def save(self):
        with open('users.txt', 'a') as f:
            f.write(f"{self.username}|{self.password}\n")

    def delete(self):
        pass  # Implementation for user deletion can be added later


class UserManager:
    def __init__(self, users_file: str):
        self.users_file = users_file

    def load_users(self):
        users = []
        with open(self.users_file, 'r') as f:
            for line in f:
                username, password = line.strip().split('|')
                users.append(User(username, password))
        return users

    def add_user(self, user: User):
        user.save()

    def delete_user(self, username: str):
        pass  # Implementation for user deletion can be added later
```

*** recipe_manager.py
```python
class Recipe:
    def __init__(self, title: str, ingredients: str, instructions: str):
        self.title = title
        self.ingredients = ingredients
        self.instructions = instructions

    def save(self):
        with open('recipes.txt', 'a') as f:
            f.write(f"{self.title}|{self.ingredients}|{self.instructions}\n")


class RecipeManager:
    def __init__(self, recipes_file: str):
        self.recipes_file = recipes_file

    def load_recipes(self):
        recipes = []
        with open(self.recipes_file, 'r') as f:
            for line in f:
                title, ingredients, instructions = line.strip().split('|')
                recipes.append(Recipe(title, ingredients, instructions))
        return recipes

    def add_recipe(self, recipe: Recipe):
        recipe.save()

    def search_recipes(self, keyword: str):
        recipes = self.load_recipes()
        return [recipe for recipe in recipes if keyword.lower() in recipe.title.lower()]
```

*** message_manager.py
```python
class MessageManager:
    def __init__(self, messages_file: str):
        self.messages_file = messages_file

    def log_message(self, message: str):
        with open(self.messages_file, 'a') as f:
            f.write(f"{message}\n")
```

*** templates/login.html
```html
<!DOCTYPE html>
<html lang="en">
<head>
    <meta charset="UTF-8">
    <meta name="viewport" content="width=device-width, initial-scale=1.0">
    <title>Login</title>
</head>
<body>
    <h1>Login</h1>
    <form method="POST" action="/login">
        <label for="username">Username:</label>
        <input type="text" name="username" required>
        <label for="password">Password:</label>
        <input type="password" name="password" required>
        <button type="submit">Login</button>
    </form>
    <a href="/register">Register</a>
</body>
</html>
```

*** templates/register.html
```html
<!DOCTYPE html>
<html lang="en">
<head>
    <meta charset="UTF-8">
    <meta name="viewport" content="width=device-width, initial-scale=1.0">
    <title>Register</title>
</head>
<body>
    <h1>Register</h1>
    <form method="POST" action="/register">
        <label for="username">Username:</label>
        <input type="text" name="username" required>
        <label for="password">Password:</label>
        <input type="password" name="password" required>
        <button type="submit">Register</button>
    </form>
    <a href="/">Login</a>
</body>
</html>
```

*** templates/home.html
```html
<!DOCTYPE html>
<html lang="en">
<head>
    <meta charset="UTF-8">
    <meta name="viewport" content="width=device-width, initial-scale=1.0">
    <title>Home</title>
</head>
<body>
    <h1>Welcome to RecipeHub</h1>
    <nav>
        <a href="/submit_recipe">Submit Recipe</a>
        <a href="/browse_recipes">Browse Recipes</a>
        <a href="/user_profile">User Profile</a>
    </nav>
</body>
</html>
```

*** templates/recipe_submission.html
```html
<!DOCTYPE html>
<html lang="en">
<head>
    <meta charset="UTF-8">
    <meta name="viewport" content="width=device-width, initial-scale=1.0">
    <title>Submit Recipe</title>
</head>
<body>
    <h1>Submit Recipe</h1>
    <form method="POST" action="/submit_recipe">
        <label for="title">Recipe Title:</label>
        <input type="text" name="title" required>
        <label for="ingredients">Ingredients:</label>
        <textarea name="ingredients" required></textarea>
        <label for="instructions">Instructions:</label>
        <textarea name="instructions" required></textarea>
        <button type="submit">Submit</button>
    </form>
</body>
</html>
```

*** templates/recipe_browsing.html
```html
<!DOCTYPE html>
<html lang="en">
<head>
    <meta charset="UTF-8">
    <meta name="viewport" content="width=device-width, initial-scale=1.0">
    <title>Browse Recipes</title>
</head>
<body>
    <h1>Browse Recipes</h1>
    <ul>
        {% for recipe in recipes %}
            <li>{{ recipe.title }} - {{ recipe.ingredients }} - {{ recipe.instructions }}</li>
        {% endfor %}
    </ul>
</body>
</html>
```

*** templates/user_profile.html
```html
<!DOCTYPE html>
<html lang="en">
<head>
    <meta charset="UTF-8">
    <meta name="viewport" content="width=device-width, initial-scale=1.0">
    <title>User Profile</title>
</head>
<body>
    <h1>User Profile: {{ username }}</h1>
    <h2>Your Recipes</h2>
    <ul>
        {% for recipe in recipes %}
            <li>{{ recipe.title }}</li>
        {% endfor %}
    </ul>
    <a href="/">Logout</a>
</body>
</html>
```

*** users.txt
```
admin|adminpass
user1|user1pass
```

*** recipes.txt
```
Pasta|Pasta, Tomato Sauce, Cheese|Boil pasta, add sauce, serve.
Salad|Lettuce, Tomato, Cucumber|Chop ingredients, mix, serve.
```

*** messages.txt
```
Welcome to RecipeHub!
```
2025-01-03 Friday 17:39:41 programmer.py : INFO  Programmer writting CODE: main.py
2025-01-03 Friday 17:39:41 programmer.py : INFO  Programmer writting CODE: user_manager.py
2025-01-03 Friday 17:39:41 programmer.py : INFO  Programmer writting CODE: recipe_manager.py
2025-01-03 Friday 17:39:41 programmer.py : INFO  Programmer writting CODE: message_manager.py
2025-01-03 Friday 17:39:41 programmer.py : INFO  Programmer writting CODE: templates/login.html
2025-01-03 Friday 17:39:41 programmer.py : INFO  Programmer writting CODE: templates/register.html
2025-01-03 Friday 17:39:41 programmer.py : INFO  Programmer writting CODE: templates/home.html
2025-01-03 Friday 17:39:41 programmer.py : INFO  Programmer writting CODE: templates/recipe_submission.html
2025-01-03 Friday 17:39:41 programmer.py : INFO  Programmer writting CODE: templates/recipe_browsing.html
2025-01-03 Friday 17:39:41 programmer.py : INFO  Programmer writting CODE: templates/user_profile.html
2025-01-03 Friday 17:39:41 programmer.py : INFO  Programmer writting CODE: users.txt
2025-01-03 Friday 17:39:41 programmer.py : INFO  Programmer writting CODE: recipes.txt
2025-01-03 Friday 17:39:41 programmer.py : INFO  Programmer writting CODE: messages.txt
2025-01-03 Friday 17:39:41 ceaug_main.py : INFO  Ready Auto Test # # # # # # # # # # # # D:/Project/CE/CE/project/website/RecipeHub_20250103173915/
2025-01-03 Friday 17:40:10 _client.py : INFO  HTTP Request: POST https://api.chatanywhere.tech/chat/completions "HTTP/1.1 200 OK"
