2025-01-14 Tuesday 22:50:02 team.py : INFO  Setting Project Dir to D:\algorithm\agent\cese\dataset\SD-bench\codebase\DailyJournalApp\
2025-01-14 Tuesday 22:50:03 product_manager.py : INFO  Product Manager Pole Writing PRD...
2025-01-14 Tuesday 22:50:03 product_manager.py : INFO  
You are an excellent Software Requirements Analyst, and your task is to analyze an initial project description, 
generate the functional requirements section of the Software Requirements Specification (SRS) document (non-functional requirements are not required).
Aim to achieve functional requirements, only require to implement demo.
Note that general overview of the project just copy the content of system description.
Note that software functional requirements just follow the Core Features part of System description. Do not over think.


# Context
## system description
# Software Description

## Objective
Develop a web application called "Daily Journal App" that allows users to create, view, and manage journal entries using Python programming language with data stored in local text files.


## Core Features
Users shall be able to log in by entering a username and password on the Login Page.
Users shall be able to navigate to the Registration Page via the Register here link if they do not have an account.
Users shall be able to register by providing a username and password on the Registration Page.
Users shall be able to submit their registration details using the Register button.
Users shall be able to view a list of journal entries with titles and dates on the Dashboard Page.
Users shall be able to create a new journal entry by navigating to the New Entry Page and providing a title and content.
Users shall be able to save the new journal entry using the Save Entry button on the New Entry Page.
Users shall be able to log out from the Dashboard Page by clicking the Logout button.
## Language

Use html and python to develop a web application.

You should use html to generate the web template by yourself.

## Data Storage
Data will be stored in local text files.
Different types of data will be stored in separate `.txt` files.
You should define the text file by yourself in advance.
This structured data storage will facilitate easy data retrieval and management through simple file manipulations in Python, ensuring the application remains light and efficient without the need for a SQL database.


-----
# Format Example
[OUTPUT]
## general overview of the project
general overview of the project

## software functional requirements
...
...
...
[/OUTPUT]


## Instruction 
- general overview of the project: copy the system description here.
- software function requirements: based on the system description, output system's function requirements with details.

# Constraint
Format: output wrapped inside [OUTPUT][/OUTPUT] like format example, nothing else.

# Action
follow Instruction, Carefully ouput only functional requrirement based on the original system description
Aim to achieve functional requirements, only require to implement demo.
do not output ```plaintext or other ``` in the start and the end, output directly.

2025-01-14 Tuesday 22:50:03 model.py : INFO  self.model.temperature-----------------0.2-------------------------------
2025-01-14 Tuesday 22:50:06 _client.py : INFO  HTTP Request: POST https://api.chatanywhere.tech/chat/completions "HTTP/1.1 200 OK"
2025-01-14 Tuesday 22:50:06 model.py : INFO  following invoke cost: 766 | all cost: 766
2025-01-14 Tuesday 22:50:06 product_manager.py : INFO  Product Manager Pole
2025-01-14 Tuesday 22:50:06 product_manager.py : INFO  [OUTPUT]
## general overview of the project
Develop a web application called "Daily Journal App" that allows users to create, view, and manage journal entries using Python programming language with data stored in local text files.

## software functional requirements
1. Users shall be able to log in by entering a username and password on the Login Page.
2. Users shall be able to navigate to the Registration Page via the Register here link if they do not have an account.
3. Users shall be able to register by providing a username and password on the Registration Page.
4. Users shall be able to submit their registration details using the Register button.
5. Users shall be able to view a list of journal entries with titles and dates on the Dashboard Page.
6. Users shall be able to create a new journal entry by navigating to the New Entry Page and providing a title and content.
7. Users shall be able to save the new journal entry using the Save Entry button on the New Entry Page.
8. Users shall be able to log out from the Dashboard Page by clicking the Logout button.
[/OUTPUT]
2025-01-14 Tuesday 22:50:06 architect.py : INFO  Architect Arnold generate System Architect......
2025-01-14 Tuesday 22:50:06 architect.py : INFO  
You are a Architect, your goal is design a concise, usable, complete software system. the constraint is make sure the architecture is simple enough and use appropriate open source libraries.
Aim to achieve functional requirements, only require to implement demo.
If the original requirements have data storage requirements, you need to design a simple data storage method for the software. Do not use SQL datasets. Follow the data storage requirements in the software requirements(including data format, storage requirements, etc.).


## Context
original_requirement
# Software Description

## Objective
Develop a web application called "Daily Journal App" that allows users to create, view, and manage journal entries using Python programming language with data stored in local text files.


## Core Features
Users shall be able to log in by entering a username and password on the Login Page.
Users shall be able to navigate to the Registration Page via the Register here link if they do not have an account.
Users shall be able to register by providing a username and password on the Registration Page.
Users shall be able to submit their registration details using the Register button.
Users shall be able to view a list of journal entries with titles and dates on the Dashboard Page.
Users shall be able to create a new journal entry by navigating to the New Entry Page and providing a title and content.
Users shall be able to save the new journal entry using the Save Entry button on the New Entry Page.
Users shall be able to log out from the Dashboard Page by clicking the Logout button.
## Language

Use html and python to develop a web application.

You should use html to generate the web template by yourself.

## Data Storage
Data will be stored in local text files.
Different types of data will be stored in separate `.txt` files.
You should define the text file by yourself in advance.
This structured data storage will facilitate easy data retrieval and management through simple file manipulations in Python, ensuring the application remains light and efficient without the need for a SQL database.

functional requirements
[OUTPUT]
## general overview of the project
Develop a web application called "Daily Journal App" that allows users to create, view, and manage journal entries using Python programming language with data stored in local text files.

## software functional requirements
1. Users shall be able to log in by entering a username and password on the Login Page.
2. Users shall be able to navigate to the Registration Page via the Register here link if they do not have an account.
3. Users shall be able to register by providing a username and password on the Registration Page.
4. Users shall be able to submit their registration details using the Register button.
5. Users shall be able to view a list of journal entries with titles and dates on the Dashboard Page.
6. Users shall be able to create a new journal entry by navigating to the New Entry Page and providing a title and content.
7. Users shall be able to save the new journal entry using the Save Entry button on the New Entry Page.
8. Users shall be able to log out from the Dashboard Page by clicking the Logout button.
[/OUTPUT]
-----
## format example
[CONTENT]
"Implementation approach": "We will ...",
"UI design":"- A canvas for... with ... For Web applications, you should use html to generate the web template by yourself."
"Data Storage":"If software requires a data storage, you should follow the rules: Data will be stored in local files. Different types of data will be stored in separate files. You should define the file by yourself in advance.Do not use SQL database. Else just print Not Require!"
"File list": ["main.py","game.py","templates/login.html","users.txt"],
"Data structures and interfaces": "
classDiagram
    class Main {
        -SearchEngine search_engine
        +main() str
    }
    class SearchEngine {
        -Index index
        -Ranking ranking
        -Summary summary
        +search(query: str) str
    }
    class Index {
        -KnowledgeBase knowledge_base
        +create_index(data: dict)
        +query_index(query: str) list
    }
    class Ranking {
        +rank_results(results: list) list
    }
    class Summary {
        +summarize_results(results: list) str
    }
    class KnowledgeBase {
        +update(data: dict)
        +fetch_data(query: str) dict
    }
    Main --> SearchEngine
    SearchEngine --> Index
    SearchEngine --> Ranking
    SearchEngine --> Summary
    Index --> KnowledgeBase
",

[/CONTENT]

## nodes: "<node>: <type>  # <instruction>"
- Implementation approach: <class 'str'>  # Analyze the difficult points of the requirements, select the appropriate open-source framework. If require GUI, you must also choose a GUI framework (e.g., in Python, you can implement GUI via tkinter, Pygame, Flexx, PyGUI, etc,)
- File list: typing.List[str]  #  Only need relative paths. ALWAYS write a main.py here
- Data structures and interfaces: <class 'str'>  # Use mermaid classDiagram code syntax, including classes, method(__init__ etc.) and functions with type annotations, CLEARLY MARK the RELATIONSHIPS between classes, and comply with PEP8 standards. The data structures SHOULD BE VERY DETAILED and the API should be comprehensive with a complete design.
- UI design:<class 'str'>  # optional, if system require UI, choose a GUI framework (e.g., in Python, you can implement GUI via tkinter, Pygame, Flexx, PyGUI, etc,) and list system UI design and corresponding feature's UI design.

## constraint
Language: Please use the same language as Human INPUT.
Format: output wrapped inside [CONTENT][/CONTENT] like format example, nothing else.
If you are doing website development, do not encrypt the account password for the login function.

# Attention
1. If a feature of software requires a GUI, you also need to carefully consider the UI components that this feature will require and its relationship to the main UI in Architecture.
2. Aim to achieve functional requirements, only require to implement a demo.
3. If project requires data storage, follow the requirement of data storage, implement a simple storage.Do not use SQL database.
4. Organize related functionalities into a single Python file to avoid creating too many files.
5. do not output ```plaintext or other ``` in the start and the end, output directly.

## action
Follow instructions of nodes and Attention, generate output and make sure it follows the format example.

2025-01-14 Tuesday 22:50:06 model.py : INFO  self.model.temperature-----------------0.2-------------------------------
2025-01-14 Tuesday 22:50:10 _client.py : INFO  HTTP Request: POST https://api.chatanywhere.tech/chat/completions "HTTP/1.1 200 OK"
2025-01-14 Tuesday 22:50:10 model.py : INFO  following invoke cost: 1787 | all cost: 2553
2025-01-14 Tuesday 22:50:10 architect.py : INFO  Architect Arnold
2025-01-14 Tuesday 22:50:10 architect.py : INFO  [CONTENT]
"Implementation approach": "We will use Flask as the web framework to create the Daily Journal App. Flask is lightweight and easy to use for building web applications. The application will handle user registration, login, and journal entry management. We will utilize local text files for data storage, ensuring a simple and efficient approach without the need for a SQL database.",
"UI design":"- The application will have a Login Page for user authentication, a Registration Page for new users, a Dashboard Page to display journal entries, and a New Entry Page for creating new journal entries. Each page will be designed using HTML forms and will include navigation links to facilitate user interaction.",
"Data Storage":"Data will be stored in local text files. We will create separate files for user data and journal entries. The user data will be stored in 'users.txt' and journal entries in 'journal_entries.txt'. Each entry will be stored in a structured format to allow easy retrieval and management.",
"File list": ["main.py", "templates/login.html", "templates/register.html", "templates/dashboard.html", "templates/new_entry.html", "users.txt", "journal_entries.txt"],
"Data structures and interfaces": "
classDiagram
    class User {
        -username: str
        -password: str
        +__init__(username: str, password: str)
        +save() -> None
        +load_users() -> list
    }
    class JournalEntry {
        -title: str
        -content: str
        -date: str
        +__init__(title: str, content: str, date: str)
        +save_entry() -> None
        +load_entries() -> list
    }
    class App {
        +run() -> None
        +register_user(username: str, password: str) -> bool
        +login_user(username: str, password: str) -> bool
        +create_journal_entry(title: str, content: str) -> None
        +get_journal_entries() -> list
    }
    User --> App
    JournalEntry --> App
",
[/CONTENT]
2025-01-14 Tuesday 22:50:10 architect.py : INFO  Architect writting ARCHITECT
2025-01-14 Tuesday 22:50:10 project_manager.py : INFO  Project Manager Tsunoda generate Project PLAN......
2025-01-14 Tuesday 22:50:10 project_manager.py : INFO  
You are a Project Manager, your goal is break down tasks according to functional requirement/architecture, generate a task plan, and analyze task dependencies to start with the prerequisite modules. the constraint is use same language as user requirement. 


## Context
functional requirement:
[OUTPUT]
## general overview of the project
Develop a web application called "Daily Journal App" that allows users to create, view, and manage journal entries using Python programming language with data stored in local text files.

## software functional requirements
1. Users shall be able to log in by entering a username and password on the Login Page.
2. Users shall be able to navigate to the Registration Page via the Register here link if they do not have an account.
3. Users shall be able to register by providing a username and password on the Registration Page.
4. Users shall be able to submit their registration details using the Register button.
5. Users shall be able to view a list of journal entries with titles and dates on the Dashboard Page.
6. Users shall be able to create a new journal entry by navigating to the New Entry Page and providing a title and content.
7. Users shall be able to save the new journal entry using the Save Entry button on the New Entry Page.
8. Users shall be able to log out from the Dashboard Page by clicking the Logout button.
[/OUTPUT]

architecture:
[CONTENT]
"Implementation approach": "We will use Flask as the web framework to create the Daily Journal App. Flask is lightweight and easy to use for building web applications. The application will handle user registration, login, and journal entry management. We will utilize local text files for data storage, ensuring a simple and efficient approach without the need for a SQL database.",
"UI design":"- The application will have a Login Page for user authentication, a Registration Page for new users, a Dashboard Page to display journal entries, and a New Entry Page for creating new journal entries. Each page will be designed using HTML forms and will include navigation links to facilitate user interaction.",
"Data Storage":"Data will be stored in local text files. We will create separate files for user data and journal entries. The user data will be stored in 'users.txt' and journal entries in 'journal_entries.txt'. Each entry will be stored in a structured format to allow easy retrieval and management.",
"File list": ["main.py", "templates/login.html", "templates/register.html", "templates/dashboard.html", "templates/new_entry.html", "users.txt", "journal_entries.txt"],
"Data structures and interfaces": "
classDiagram
    class User {
        -username: str
        -password: str
        +__init__(username: str, password: str)
        +save() -> None
        +load_users() -> list
    }
    class JournalEntry {
        -title: str
        -content: str
        -date: str
        +__init__(title: str, content: str, date: str)
        +save_entry() -> None
        +load_entries() -> list
    }
    class App {
        +run() -> None
        +register_user(username: str, password: str) -> bool
        +login_user(username: str, password: str) -> bool
        +create_journal_entry(title: str, content: str) -> None
        +get_journal_entries() -> list
    }
    User --> App
    JournalEntry --> App
",
[/CONTENT]
-----

## format example
[CONTENT]

"Required packages": [
    "flask==1.1.2",
    "bcrypt==3.2.0"
],
"Required Other language third-party packages": [
    "No third-party dependencies required"
],
"Logic Analysis": [
    [
        "game.py",
        "Contains Game class and ... functions"
    ],
    [
        "main.py",
        "Contains main function, from game import Game"
    ]
],
"Task list": [
    "game.py",
    "main.py"
],
"Shared Knowledge": "`game.py` contains functions shared across the project.",

[/CONTENT]

## nodes: "<node>: <type>  # <instruction>"
- Required packages: typing.List[str]  # Provide required packages in requirements.txt format.
- Required Other language third-party packages: typing.List[str]  # List down the required packages for languages other than Python.
- Logic Analysis: typing.List[typing.List[str]]  # Provide a list of files with the classes/methods/functions to be implemented, including dependency analysis and imports.
- Task list: typing.List[str]  # Break down the tasks into a list of filenames, prioritized by dependency order.
- Full API spec: <class 'str'>  # Describe all APIs using OpenAPI 3.0 spec that may be used by both frontend and backend. If front-end and back-end communication is not required, leave it blank.
- Shared Knowledge: <class 'str'>  # Detail any shared knowledge, like common utility functions or configuration variables.

## constraint
Language: Please use the same language as Human INPUT.
Format: output wrapped inside [CONTENT][/CONTENT] like format example, nothing else.
If you are doing website development, please do not encrypt the account password for the login function.

## action
Follow instructions of nodes, generate output and make sure it follows the format example.

2025-01-14 Tuesday 22:50:10 model.py : INFO  self.model.temperature-----------------0.2-------------------------------
2025-01-14 Tuesday 22:50:15 _client.py : INFO  HTTP Request: POST https://api.chatanywhere.tech/chat/completions "HTTP/1.1 200 OK"
2025-01-14 Tuesday 22:50:15 model.py : INFO  following invoke cost: 1377 | all cost: 3930
2025-01-14 Tuesday 22:50:15 project_manager.py : INFO  Project Manager Tsunoda
2025-01-14 Tuesday 22:50:15 project_manager.py : INFO  [CONTENT]
"Required packages": [
    "flask==1.1.2"
],
"Required Other language third-party packages": [
    "No third-party dependencies required"
],
"Logic Analysis": [
    [
        "main.py",
        "Contains the main application logic, including the Flask app setup and route definitions."
    ],
    [
        "templates/login.html",
        "Contains the HTML form for user login."
    ],
    [
        "templates/register.html",
        "Contains the HTML form for user registration."
    ],
    [
        "templates/dashboard.html",
        "Displays the list of journal entries."
    ],
    [
        "templates/new_entry.html",
        "Contains the HTML form for creating a new journal entry."
    ],
    [
        "users.txt",
        "Stores user data including usernames and passwords."
    ],
    [
        "journal_entries.txt",
        "Stores journal entries with titles, content, and dates."
    ]
],
"Task list": [
    "main.py",
    "templates/login.html",
    "templates/register.html",
    "templates/dashboard.html",
    "templates/new_entry.html",
    "users.txt",
    "journal_entries.txt"
],
"Shared Knowledge": "`main.py` contains the main application logic and route handling for the Daily Journal App.",
[/CONTENT]
2025-01-14 Tuesday 22:50:15 project_manager.py : INFO  Project Manager writting TASK PLAN
2025-01-14 Tuesday 22:50:15 programmer.py : INFO  Programmer Clorinde Coding...
2025-01-14 Tuesday 22:50:15 programmer.py : INFO  
You are a professional engineer; the main goal is to write google-style, elegant, modular, easy to read and maintain code.
Output format carefully referenced "Format example".
In addition to writing code, you may also need to complete the data files in the task list (such as .txt .json .csv files). If the task list requires the implementation of data files, you need to simply design some data that meets the requirements for your completed software to facilitate the startup and testing of the software as a demo.


# Context
## Design
[CONTENT]
"Implementation approach": "We will use Flask as the web framework to create the Daily Journal App. Flask is lightweight and easy to use for building web applications. The application will handle user registration, login, and journal entry management. We will utilize local text files for data storage, ensuring a simple and efficient approach without the need for a SQL database.",
"UI design":"- The application will have a Login Page for user authentication, a Registration Page for new users, a Dashboard Page to display journal entries, and a New Entry Page for creating new journal entries. Each page will be designed using HTML forms and will include navigation links to facilitate user interaction.",
"Data Storage":"Data will be stored in local text files. We will create separate files for user data and journal entries. The user data will be stored in 'users.txt' and journal entries in 'journal_entries.txt'. Each entry will be stored in a structured format to allow easy retrieval and management.",
"File list": ["main.py", "templates/login.html", "templates/register.html", "templates/dashboard.html", "templates/new_entry.html", "users.txt", "journal_entries.txt"],
"Data structures and interfaces": "
classDiagram
    class User {
        -username: str
        -password: str
        +__init__(username: str, password: str)
        +save() -> None
        +load_users() -> list
    }
    class JournalEntry {
        -title: str
        -content: str
        -date: str
        +__init__(title: str, content: str, date: str)
        +save_entry() -> None
        +load_entries() -> list
    }
    class App {
        +run() -> None
        +register_user(username: str, password: str) -> bool
        +login_user(username: str, password: str) -> bool
        +create_journal_entry(title: str, content: str) -> None
        +get_journal_entries() -> list
    }
    User --> App
    JournalEntry --> App
",
[/CONTENT]
## Task Plan
[CONTENT]
"Required packages": [
    "flask==1.1.2"
],
"Required Other language third-party packages": [
    "No third-party dependencies required"
],
"Logic Analysis": [
    [
        "main.py",
        "Contains the main application logic, including the Flask app setup and route definitions."
    ],
    [
        "templates/login.html",
        "Contains the HTML form for user login."
    ],
    [
        "templates/register.html",
        "Contains the HTML form for user registration."
    ],
    [
        "templates/dashboard.html",
        "Displays the list of journal entries."
    ],
    [
        "templates/new_entry.html",
        "Contains the HTML form for creating a new journal entry."
    ],
    [
        "users.txt",
        "Stores user data including usernames and passwords."
    ],
    [
        "journal_entries.txt",
        "Stores journal entries with titles, content, and dates."
    ]
],
"Task list": [
    "main.py",
    "templates/login.html",
    "templates/register.html",
    "templates/dashboard.html",
    "templates/new_entry.html",
    "users.txt",
    "journal_entries.txt"
],
"Shared Knowledge": "`main.py` contains the main application logic and route handling for the Daily Journal App.",
[/CONTENT]

-----
# Format Example 
*** main.py
```python
...
```

*** ui.py
```python
...
```

*** a.txt
```txt
admin|admin123
user1|user123
```
-----
# Instruction: Based on the context, follow "Format example", write code.
## ATTENTION
1. Use '***' to SPLIT different CODE SECTIONS. do not forget ``` in each file, refer the the example. Output format carefully referenced "Format example".
2. Follow design: YOU MUST FOLLOW "Data structures and interfaces". DONT CHANGE ANY DESIGN. Do not use public member functions that do not exist in your design.
3. Follow task: YOU MUST write Comprehensive codes to complete task of each file in task list.
4. CAREFULLY CHECK THAT YOU DONT MISS ANY NECESSARY CLASS/FUNCTION IN THE FILE.
5. You must import the third-party libraries used in your code
6. If you use a Class not in your file, you must ensure you import it firstly.
7. Determine the order of writing the files based on your understanding of the project.
8. Write out EVERY CODE DETAIL, DON'T LEAVE TODO,PASS,PLACEHOLDER.
9. Only write code result, do not output any other content in the start or in the end.
10. If you need to generate text data, must follow below rules:
(Different groups of data are distinguished by line breaks.
Different contents of the same group of data are distinguished by |.
Make sure: The "|" character is used only to separate distinct contents within a group.
Your code of handling data must be consistent with rule in which you define the data.
11. You need to write some pre-stored data to facilitate testing.

# Website Development Rule
If you are doing website development, be sure to route the root path (/). If there is a login page, set the login page as the root route(/).
If you are doing website development, please do not encrypt the account password for the login function.
If you are doing website development, your code needs to take into account the process of loading data from the data file, so don't forget to load the data.
If you are doing Website Development, do not follow the rules of Website and Game development.

# GUI tkinter Development Rule
If you are doing GUI tkinter Development, do not follow the rules of Website and Game development.
# Game Development Rule
If the software needs to load data, please make sure the loading data code matches the data format and data file.
If you are doing Game Development, do not follow the rules of Website and Game development.

# important rule
Use '***' to SPLIT CODE SECTIONS. do not forget ``` in each file, refer the the example. Output format carefully referenced "Format example". 
Adhere strictly to the task requirements and implement them fully; do not include placeholders or "example" for code that is intended for future implementation.

2025-01-14 Tuesday 22:50:15 model.py : INFO  self.model.temperature-----------------0.2-------------------------------
2025-01-14 Tuesday 22:50:30 _client.py : INFO  HTTP Request: POST https://api.chatanywhere.tech/chat/completions "HTTP/1.1 200 OK"
2025-01-14 Tuesday 22:50:30 model.py : INFO  following invoke cost: 2823 | all cost: 6753
2025-01-14 Tuesday 22:50:30 programmer.py : INFO  
*** main.py
```python
from flask import Flask, render_template, request, redirect, url_for, session
from user import User
from journal_entry import JournalEntry

app = Flask(__name__)
app.secret_key = 'your_secret_key'

# Load users from file
def load_users():
    user = User()
    return user.load_users()

# Load journal entries from file
def load_journal_entries():
    entry = JournalEntry()
    return entry.load_entries()

@app.route('/')
def login():
    return render_template('login.html')

@app.route('/register', methods=['GET', 'POST'])
def register():
    if request.method == 'POST':
        username = request.form['username']
        password = request.form['password']
        user = User(username, password)
        if user.save():
            return redirect(url_for('login'))
    return render_template('register.html')

@app.route('/dashboard', methods=['GET'])
def dashboard():
    if 'username' not in session:
        return redirect(url_for('login'))
    entries = load_journal_entries()
    return render_template('dashboard.html', entries=entries)

@app.route('/login', methods=['POST'])
def do_login():
    username = request.form['username']
    password = request.form['password']
    users = load_users()
    for user in users:
        if user.username == username and user.password == password:
            session['username'] = username
            return redirect(url_for('dashboard'))
    return redirect(url_for('login'))

@app.route('/new_entry', methods=['GET', 'POST'])
def new_entry():
    if 'username' not in session:
        return redirect(url_for('login'))
    if request.method == 'POST':
        title = request.form['title']
        content = request.form['content']
        entry = JournalEntry(title, content)
        entry.save_entry()
        return redirect(url_for('dashboard'))
    return render_template('new_entry.html')

@app.route('/logout')
def logout():
    session.pop('username', None)
    return redirect(url_for('login'))

if __name__ == '__main__':
    app.run(debug=True)
```

*** user.py
```python
class User:
    def __init__(self, username: str = '', password: str = ''):
        self.username = username
        self.password = password

    def save(self) -> bool:
        with open('users.txt', 'a') as f:
            f.write(f"{self.username}|{self.password}\n")
        return True

    def load_users(self) -> list:
        users = []
        try:
            with open('users.txt', 'r') as f:
                for line in f:
                    username, password = line.strip().split('|')
                    users.append(User(username, password))
        except FileNotFoundError:
            pass
        return users
```

*** journal_entry.py
```python
class JournalEntry:
    def __init__(self, title: str = '', content: str = '', date: str = ''):
        self.title = title
        self.content = content
        self.date = date

    def save_entry(self) -> None:
        with open('journal_entries.txt', 'a') as f:
            f.write(f"{self.title}|{self.content}|{self.date}\n")

    def load_entries(self) -> list:
        entries = []
        try:
            with open('journal_entries.txt', 'r') as f:
                for line in f:
                    title, content, date = line.strip().split('|')
                    entries.append(JournalEntry(title, content, date))
        except FileNotFoundError:
            pass
        return entries
```

*** templates/login.html
```html
<!DOCTYPE html>
<html lang="en">
<head>
    <meta charset="UTF-8">
    <title>Login</title>
</head>
<body>
    <h2>Login</h2>
    <form method="POST" action="/login">
        <label for="username">Username:</label>
        <input type="text" name="username" required>
        <br>
        <label for="password">Password:</label>
        <input type="password" name="password" required>
        <br>
        <input type="submit" value="Login">
    </form>
    <a href="/register">Register</a>
</body>
</html>
```

*** templates/register.html
```html
<!DOCTYPE html>
<html lang="en">
<head>
    <meta charset="UTF-8">
    <title>Register</title>
</head>
<body>
    <h2>Register</h2>
    <form method="POST" action="/register">
        <label for="username">Username:</label>
        <input type="text" name="username" required>
        <br>
        <label for="password">Password:</label>
        <input type="password" name="password" required>
        <br>
        <input type="submit" value="Register">
    </form>
    <a href="/">Login</a>
</body>
</html>
```

*** templates/dashboard.html
```html
<!DOCTYPE html>
<html lang="en">
<head>
    <meta charset="UTF-8">
    <title>Dashboard</title>
</head>
<body>
    <h2>Journal Entries</h2>
    <a href="/new_entry">New Entry</a>
    <a href="/logout">Logout</a>
    <ul>
        {% for entry in entries %}
            <li>{{ entry.title }} - {{ entry.date }}: {{ entry.content }}</li>
        {% endfor %}
    </ul>
</body>
</html>
```

*** templates/new_entry.html
```html
<!DOCTYPE html>
<html lang="en">
<head>
    <meta charset="UTF-8">
    <title>New Entry</title>
</head>
<body>
    <h2>Create New Journal Entry</h2>
    <form method="POST" action="/new_entry">
        <label for="title">Title:</label>
        <input type="text" name="title" required>
        <br>
        <label for="content">Content:</label>
        <textarea name="content" required></textarea>
        <br>
        <input type="submit" value="Save Entry">
    </form>
    <a href="/dashboard">Back to Dashboard</a>
</body>
</html>
```

*** users.txt
```txt
admin|admin123
user1|user123
```

*** journal_entries.txt
```txt
My First Entry|Today was a good day.|2023-10-01
Another Day|I learned something new today.|2023-10-02
```
2025-01-14 Tuesday 22:50:30 programmer.py : INFO  Compare Code
2025-01-14 Tuesday 22:50:30 programmer.py : INFO  **[Update Codes]**

main.py updated.


```
'''

'''
--- Old
+++ New
@@ -1 +1,68 @@
-# None
+from flask import Flask, render_template, request, redirect, url_for, session
+from user import User
+from journal_entry import JournalEntry
+
+app = Flask(__name__)
+app.secret_key = 'your_secret_key'
+
+# Load users from file
+def load_users():
+    user = User()
+    return user.load_users()
+
+# Load journal entries from file
+def load_journal_entries():
+    entry = JournalEntry()
+    return entry.load_entries()
+
+@app.route('/')
+def login():
+    return render_template('login.html')
+
+@app.route('/register', methods=['GET', 'POST'])
+def register():
+    if request.method == 'POST':
+        username = request.form['username']
+        password = request.form['password']
+        user = User(username, password)
+        if user.save():
+            return redirect(url_for('login'))
+    return render_template('register.html')
+
+@app.route('/dashboard', methods=['GET'])
+def dashboard():
+    if 'username' not in session:
+        return redirect(url_for('login'))
+    entries = load_journal_entries()
+    return render_template('dashboard.html', entries=entries)
+
+@app.route('/login', methods=['POST'])
+def do_login():
+    username = request.form['username']
+    password = request.form['password']
+    users = load_users()
+    for user in users:
+        if user.username == username and user.password == password:
+            session['username'] = username
+            return redirect(url_for('dashboard'))
+    return redirect(url_for('login'))
+
+@app.route('/new_entry', methods=['GET', 'POST'])
+def new_entry():
+    if 'username' not in session:
+        return redirect(url_for('login'))
+    if request.method == 'POST':
+        title = request.form['title']
+        content = request.form['content']
+        entry = JournalEntry(title, content)
+        entry.save_entry()
+        return redirect(url_for('dashboard'))
+    return render_template('new_entry.html')
+
+@app.route('/logout')
+def logout():
+    session.pop('username', None)
+    return redirect(url_for('login'))
+
+if __name__ == '__main__':
+    app.run(debug=True)
```
2025-01-14 Tuesday 22:50:30 programmer.py : INFO  **[Update Codes]**

user.py updated.


```
'''

'''
--- Old
+++ New
@@ -1 +1,20 @@
-# None
+class User:
+    def __init__(self, username: str = '', password: str = ''):
+        self.username = username
+        self.password = password
+
+    def save(self) -> bool:
+        with open('users.txt', 'a') as f:
+            f.write(f"{self.username}|{self.password}\n")
+        return True
+
+    def load_users(self) -> list:
+        users = []
+        try:
+            with open('users.txt', 'r') as f:
+                for line in f:
+                    username, password = line.strip().split('|')
+                    users.append(User(username, password))
+        except FileNotFoundError:
+            pass
+        return users
```
2025-01-14 Tuesday 22:50:30 programmer.py : INFO  **[Update Codes]**

journal_entry.py updated.


```
'''

'''
--- Old
+++ New
@@ -1 +1,20 @@
-# None
+class JournalEntry:
+    def __init__(self, title: str = '', content: str = '', date: str = ''):
+        self.title = title
+        self.content = content
+        self.date = date
+
+    def save_entry(self) -> None:
+        with open('journal_entries.txt', 'a') as f:
+            f.write(f"{self.title}|{self.content}|{self.date}\n")
+
+    def load_entries(self) -> list:
+        entries = []
+        try:
+            with open('journal_entries.txt', 'r') as f:
+                for line in f:
+                    title, content, date = line.strip().split('|')
+                    entries.append(JournalEntry(title, content, date))
+        except FileNotFoundError:
+            pass
+        return entries
```
2025-01-14 Tuesday 22:50:30 programmer.py : INFO  **[Update Codes]**

templates/login.html updated.


```
'''

'''
--- Old
+++ New
@@ -1 +1,20 @@
-# None
+<!DOCTYPE html>
+<html lang="en">
+<head>
+    <meta charset="UTF-8">
+    <title>Login</title>
+</head>
+<body>
+    <h2>Login</h2>
+    <form method="POST" action="/login">
+        <label for="username">Username:</label>
+        <input type="text" name="username" required>
+        <br>
+        <label for="password">Password:</label>
+        <input type="password" name="password" required>
+        <br>
+        <input type="submit" value="Login">
+    </form>
+    <a href="/register">Register</a>
+</body>
+</html>
```
2025-01-14 Tuesday 22:50:30 programmer.py : INFO  **[Update Codes]**

templates/register.html updated.


```
'''

'''
--- Old
+++ New
@@ -1 +1,20 @@
-# None
+<!DOCTYPE html>
+<html lang="en">
+<head>
+    <meta charset="UTF-8">
+    <title>Register</title>
+</head>
+<body>
+    <h2>Register</h2>
+    <form method="POST" action="/register">
+        <label for="username">Username:</label>
+        <input type="text" name="username" required>
+        <br>
+        <label for="password">Password:</label>
+        <input type="password" name="password" required>
+        <br>
+        <input type="submit" value="Register">
+    </form>
+    <a href="/">Login</a>
+</body>
+</html>
```
2025-01-14 Tuesday 22:50:30 programmer.py : INFO  **[Update Codes]**

templates/dashboard.html updated.


```
'''

'''
--- Old
+++ New
@@ -1 +1,17 @@
-# None
+<!DOCTYPE html>
+<html lang="en">
+<head>
+    <meta charset="UTF-8">
+    <title>Dashboard</title>
+</head>
+<body>
+    <h2>Journal Entries</h2>
+    <a href="/new_entry">New Entry</a>
+    <a href="/logout">Logout</a>
+    <ul>
+        {% for entry in entries %}
+            <li>{{ entry.title }} - {{ entry.date }}: {{ entry.content }}</li>
+        {% endfor %}
+    </ul>
+</body>
+</html>
```
2025-01-14 Tuesday 22:50:30 programmer.py : INFO  **[Update Codes]**

templates/new_entry.html updated.


```
'''

'''
--- Old
+++ New
@@ -1 +1,20 @@
-# None
+<!DOCTYPE html>
+<html lang="en">
+<head>
+    <meta charset="UTF-8">
+    <title>New Entry</title>
+</head>
+<body>
+    <h2>Create New Journal Entry</h2>
+    <form method="POST" action="/new_entry">
+        <label for="title">Title:</label>
+        <input type="text" name="title" required>
+        <br>
+        <label for="content">Content:</label>
+        <textarea name="content" required></textarea>
+        <br>
+        <input type="submit" value="Save Entry">
+    </form>
+    <a href="/dashboard">Back to Dashboard</a>
+</body>
+</html>
```
2025-01-14 Tuesday 22:50:30 programmer.py : INFO  **[Update Codes]**

users.txt updated.


```
'''

'''
--- Old
+++ New
@@ -1 +1,2 @@
-# None
+admin|admin123
+user1|user123
```
2025-01-14 Tuesday 22:50:30 programmer.py : INFO  **[Update Codes]**

journal_entries.txt updated.


```
'''

'''
--- Old
+++ New
@@ -1 +1,2 @@
-# None
+My First Entry|Today was a good day.|2023-10-01
+Another Day|I learned something new today.|2023-10-02
```
2025-01-14 Tuesday 22:50:30 programmer.py : INFO  Programmer writting CODE: main.py
2025-01-14 Tuesday 22:50:30 programmer.py : INFO  Programmer writting CODE: user.py
2025-01-14 Tuesday 22:50:30 programmer.py : INFO  Programmer writting CODE: journal_entry.py
2025-01-14 Tuesday 22:50:30 programmer.py : INFO  Programmer writting CODE: templates/login.html
2025-01-14 Tuesday 22:50:30 programmer.py : INFO  Programmer writting CODE: templates/register.html
2025-01-14 Tuesday 22:50:30 programmer.py : INFO  Programmer writting CODE: templates/dashboard.html
2025-01-14 Tuesday 22:50:30 programmer.py : INFO  Programmer writting CODE: templates/new_entry.html
2025-01-14 Tuesday 22:50:30 programmer.py : INFO  Programmer writting CODE: users.txt
2025-01-14 Tuesday 22:50:30 programmer.py : INFO  Programmer writting CODE: journal_entries.txt
2025-01-14 Tuesday 22:50:30 ceaug_main.py : INFO  Ready Auto Test # # # # # # # # # # # # D:\algorithm\agent\cese\dataset\SD-bench\codebase\DailyJournalApp\
2025-01-14 Tuesday 22:50:30 ceaug_main.py : INFO  read tested code:
--- DIRECTORY: D:\algorithm\agent\cese\dataset\SD-bench\codebase\DailyJournalApp\code ---
  --- FILE: journal_entries.txt (PATH: D:\algorithm\agent\cese\dataset\SD-bench\codebase\DailyJournalApp\code\journal_entries.txt, TYPE: .txt) ---
My First Entry|Today was a good day.|2023-10-01
Another Day|I learned something new today.|2023-10-02


  --- FILE: journal_entry.py (PATH: D:\algorithm\agent\cese\dataset\SD-bench\codebase\DailyJournalApp\code\journal_entry.py, TYPE: .py) ---
class JournalEntry:
    def __init__(self, title: str = '', content: str = '', date: str = ''):
        self.title = title
        self.content = content
        self.date = date

    def save_entry(self) -> None:
        with open('journal_entries.txt', 'a') as f:
            f.write(f"{self.title}|{self.content}|{self.date}\n")

    def load_entries(self) -> list:
        entries = []
        try:
            with open('journal_entries.txt', 'r') as f:
                for line in f:
                    title, content, date = line.strip().split('|')
                    entries.append(JournalEntry(title, content, date))
        except FileNotFoundError:
            pass
        return entries

  --- FILE: main.py (PATH: D:\algorithm\agent\cese\dataset\SD-bench\codebase\DailyJournalApp\code\main.py, TYPE: .py) ---
from flask import Flask, render_template, request, redirect, url_for, session
from user import User
from journal_entry import JournalEntry

app = Flask(__name__)
app.secret_key = 'your_secret_key'

# Load users from file
def load_users():
    user = User()
    return user.load_users()

# Load journal entries from file
def load_journal_entries():
    entry = JournalEntry()
    return entry.load_entries()

@app.route('/')
def login():
    return render_template('login.html')

@app.route('/register', methods=['GET', 'POST'])
def register():
    if request.method == 'POST':
        username = request.form['username']
        password = request.form['password']
        user = User(username, password)
        if user.save():
            return redirect(url_for('login'))
    return render_template('register.html')

@app.route('/dashboard', methods=['GET'])
def dashboard():
    if 'username' not in session:
        return redirect(url_for('login'))
    entries = load_journal_entries()
    return render_template('dashboard.html', entries=entries)

@app.route('/login', methods=['POST'])
def do_login():
    username = request.form['username']
    password = request.form['password']
    users = load_users()
    for user in users:
        if user.username == username and user.password == password:
            session['username'] = username
            return redirect(url_for('dashboard'))
    return redirect(url_for('login'))

@app.route('/new_entry', methods=['GET', 'POST'])
def new_entry():
    if 'username' not in session:
        return redirect(url_for('login'))
    if request.method == 'POST':
        title = request.form['title']
        content = request.form['content']
        entry = JournalEntry(title, content)
        entry.save_entry()
        return redirect(url_for('dashboard'))
    return render_template('new_entry.html')

@app.route('/logout')
def logout():
    session.pop('username', None)
    return redirect(url_for('login'))

if __name__ == '__main__':
    app.run(port=8531, debug=False)


  --- FILE: user.py (PATH: D:\algorithm\agent\cese\dataset\SD-bench\codebase\DailyJournalApp\code\user.py, TYPE: .py) ---
class User:
    def __init__(self, username: str = '', password: str = ''):
        self.username = username
        self.password = password

    def save(self) -> bool:
        with open('users.txt', 'a') as f:
            f.write(f"{self.username}|{self.password}\n")
        return True

    def load_users(self) -> list:
        users = []
        try:
            with open('users.txt', 'r') as f:
                for line in f:
                    username, password = line.strip().split('|')
                    users.append(User(username, password))
        except FileNotFoundError:
            pass
        return users

  --- FILE: users.txt (PATH: D:\algorithm\agent\cese\dataset\SD-bench\codebase\DailyJournalApp\code\users.txt, TYPE: .txt) ---
admin|admin123
user1|user123


  --- DIRECTORY: D:\algorithm\agent\cese\dataset\SD-bench\codebase\DailyJournalApp\code\templates ---
    --- FILE: dashboard.html (PATH: D:\algorithm\agent\cese\dataset\SD-bench\codebase\DailyJournalApp\code\templates\dashboard.html, TYPE: .html) ---
<!DOCTYPE html>
<html lang="en">
<head>
    <meta charset="UTF-8">
    <title>Dashboard</title>
</head>
<body>
    <h2>Journal Entries</h2>
    <a href="/new_entry">New Entry</a>
    <a href="/logout">Logout</a>
    <ul>
        {% for entry in entries %}
            <li>{{ entry.title }} - {{ entry.date }}: {{ entry.content }}</li>
        {% endfor %}
    </ul>
</body>
</html>

    --- FILE: login.html (PATH: D:\algorithm\agent\cese\dataset\SD-bench\codebase\DailyJournalApp\code\templates\login.html, TYPE: .html) ---
<!DOCTYPE html>
<html lang="en">
<head>
    <meta charset="UTF-8">
    <title>Login</title>
</head>
<body>
    <h2>Login</h2>
    <form method="POST" action="/login">
        <label for="username">Username:</label>
        <input type="text" name="username" required>
        <br>
        <label for="password">Password:</label>
        <input type="password" name="password" required>
        <br>
        <input type="submit" value="Login">
    </form>
    <a href="/register">Register</a>
</body>
</html>

    --- FILE: new_entry.html (PATH: D:\algorithm\agent\cese\dataset\SD-bench\codebase\DailyJournalApp\code\templates\new_entry.html, TYPE: .html) ---
<!DOCTYPE html>
<html lang="en">
<head>
    <meta charset="UTF-8">
    <title>New Entry</title>
</head>
<body>
    <h2>Create New Journal Entry</h2>
    <form method="POST" action="/new_entry">
        <label for="title">Title:</label>
        <input type="text" name="title" required>
        <br>
        <label for="content">Content:</label>
        <textarea name="content" required></textarea>
        <br>
        <input type="submit" value="Save Entry">
    </form>
    <a href="/dashboard">Back to Dashboard</a>
</body>
</html>

    --- FILE: register.html (PATH: D:\algorithm\agent\cese\dataset\SD-bench\codebase\DailyJournalApp\code\templates\register.html, TYPE: .html) ---
<!DOCTYPE html>
<html lang="en">
<head>
    <meta charset="UTF-8">
    <title>Register</title>
</head>
<body>
    <h2>Register</h2>
    <form method="POST" action="/register">
        <label for="username">Username:</label>
        <input type="text" name="username" required>
        <br>
        <label for="password">Password:</label>
        <input type="password" name="password" required>
        <br>
        <input type="submit" value="Register">
    </form>
    <a href="/">Login</a>
</body>
</html>


2025-01-14 Tuesday 22:51:17 _client.py : INFO  HTTP Request: POST https://api.chatanywhere.tech/chat/completions "HTTP/1.1 200 OK"
2025-01-14 Tuesday 22:52:31 ceaug_main.py : INFO  unit_test_result_is
test_create_new_entry (testcode.TestDailyJournalApp) ... ok
test_data_storage (testcode.TestDailyJournalApp) ... ok
test_login (testcode.TestDailyJournalApp) ... ok
test_logout (testcode.TestDailyJournalApp) ... ok
test_navigate_to_registration (testcode.TestDailyJournalApp) ... ok
test_registration (testcode.TestDailyJournalApp) ... ok
test_save_journal_entry (testcode.TestDailyJournalApp) ... ok
test_view_journal_entries (testcode.TestDailyJournalApp) ... ok
----------------------------------------------------------------------
Ran 8 tests in 74.328s
OK

2025-01-14 Tuesday 22:53:11 _client.py : INFO  HTTP Request: POST https://api.chatanywhere.tech/chat/completions "HTTP/1.1 200 OK"
2025-01-14 Tuesday 22:53:11 ceaug_main.py : INFO  1-| unit test result analysis |
2025-01-14 Tuesday 22:53:11 ceaug_main.py : INFO  Based on the provided information, all the tests for the DailyJournalApp have passed successfully. The output of the unit test results indicates that `8 tests` were run, and no tests failed; the output reads:

```
Ran 8 tests in 74.328s
OK
```

Given that there are no failed tests or errors in the testing output, it doesn't appear that any issues were encountered during the testing process. However, let me break down each of the tests to analyze what functionality they cover, how they relate to the codebase, and confirm that the implementation meets expectations.

### 1. **Test: `test_login`**
   - **Functionality**: Verifies user login functionality.
   - **Related Code**: 
     ```python
     @app.route('/login', methods=['POST'])
     def do_login():
         # logic for verifying username/password
     ```
   - **Outcome**: As this test passed, it confirms that the login workflow works correctly with valid credentials.

### 2. **Test: `test_navigate_to_registration`**
   - **Functionality**: Tests navigation to the registration page.
   - **Related Code**: 
     ```python
     @app.route('/register', methods=['GET', 'POST'])
     def register():
     ```
   - **Outcome**: The test successfully navigated and confirmed the loading of the registration page, indicating that the path works as expected.

### 3. **Test: `test_registration`**
   - **Functionality**: Tests user registration functionality.
   - **Related Code**:
     ```python
     def save(self) -> bool:
         with open('users.txt', 'a') as f:
             f.write(f"{self.username}|{self.password}\n")
     ```
   - **Outcome**: The registration process seems to work smoothly, confirming that it correctly saves a new user's data to the `users.txt` file.

### 4. **Test: `test_view_journal_entries`**
   - **Functionality**: Tests viewing journal entries after logging in.
   - **Related Code**:
     ```python
     @app.route('/dashboard', methods=['GET'])
     def dashboard():
         entries = load_journal_entries()
     ```
   - **Outcome**: Indicates that after login, if there are existing entries, they are displayed correctly.

### 5. **Test: `test_create_new_entry`**
   - **Functionality**: Tests creating new journal entries.
   - **Related Code**:
     ```python
     entry = JournalEntry(title, content)
     entry.save_entry()
     ```
   - **Outcome**: Creation of entries works perfectly, indicating that the save functionality operates as intended.

### 6. **Test: `test_save_journal_entry`**
   - **Functionality**: Tests saving a journal entry and verifies it saves correctly to the `journal_entries.txt`.
   - **Related Code**:
     ```python
     def save_entry(self) -> None:
         with open('journal_entries.txt', 'a') as f:
             f.write(f"{self.title}|{self.content}|{self.date}\n")
     ```
   - **Outcome**: The test confirms that the entry is saved correctly to the text file.

### 7. **Test: `test_logout`**
   - **Functionality**: Tests logging out functionality.
   - **Related Code**:
     ```python
     @app.route('/logout')
     def logout():
         session.pop('username', None)
     ```
   - **Outcome**: The logout functionality is confirmed, redirecting users back to the login page as expected.

### 8. **Test: `test_data_storage`**
   - **Functionality**: Test to ensure that journal entries are correctly written to the designated text file after submission.
   - **Related Code**:
     ```python
     with open('journal_entries.txt', 'r') as f:
     ```
   - **Outcome**: Data storage of journal entries is verified and confirmed to work as expected.

### Conclusion
Since all tests are passing, it suggests that the core functionalities of the DailyJournalApp are implemented correctly. There are no instances of `self.fail(...)` in the test code indicating unimplemented functionalities; thus there appear to be no critical issues with the application.

#### Recommendations
1. **Enhance Error Handling**: The application might benefit from more robust error handling (e.g., for invalid user input) to enhance stability and user experience.
2. **Security Improvements**: Passwords should be stored securely (e.g., hashed) instead of in plain text for better security.
3. **User Feedback**: Adding user feedback for successful operations (like adding entries/registration) can improve the user interface.
4. **Input Validation**: Implement input validation to prevent inappropriate or malformed data from being accepted.
5. **Testing**: Consider adding more tests that cover edge cases, such as invalid registration attempts or handling of empty inputs, to further ensure robustness.

Overall, the code appears solid, but you should always consider improvements for usability and security best practices.
2025-01-14 Tuesday 22:53:11 ceaug_main.py : INFO  
###################################
2025-01-14 Tuesday 22:53:13 _client.py : INFO  HTTP Request: POST https://api.chatanywhere.tech/chat/completions "HTTP/1.1 200 OK"
2025-01-14 Tuesday 22:53:13 ceaug_main.py : INFO  2-| unit test result analysis and code relevance |
2025-01-14 Tuesday 22:53:13 ceaug_main.py : INFO  Based on the analysis of the provided unit test results and the application code, there are no identified failures or errors in the testing. All tests passed successfully, indicating that the code implementation aligns correctly with the expected functionalities outlined in the test cases. 

Since there are no issues found, there is no indication of errors in the project's code or poorly written test cases. Therefore, no additional annotations are necessary.

Thank you!
2025-01-14 Tuesday 22:53:13 ceaug_main.py : INFO  CodeIsGoodD:\algorithm\agent\cese\dataset\SD-bench\codebase\DailyJournalApp\
