2025-01-12 Sunday 14:35:38 team.py : INFO  Setting Project Dir to D:\algorithm\agent\cese\dataset\SD-bench\codebase\TaskManager\
2025-01-12 Sunday 14:35:39 product_manager.py : INFO  Product Manager Pole Writing PRD...
2025-01-12 Sunday 14:35:39 product_manager.py : INFO  
You are an excellent Software Requirements Analyst, and your task is to analyze an initial project description, 
generate the functional requirements section of the Software Requirements Specification (SRS) document (non-functional requirements are not required).
Aim to achieve functional requirements, only require to implement demo.
Note that general overview of the project just copy the content of system description.
Note that software functional requirements just follow the Core Features part of System description. Do not over think.


# Context
## system description
# Software Description

## Objective
Develop a web application called 'Task_Manager' that allows users to create, manage, and track their tasks, using a local text file for data storage.

## Core Features
Users shall be able to log in using their username and password on the login page.
Users shall be able to navigate to the registration page to create a new account.
Users shall be able to create a new account by entering a username, password, and email on the registration page.
Users shall be able to view a list of their tasks on the home page.
Users shall be able to add new tasks by entering a task description and due date on the home page.
Users shall be able to remove tasks from the task list by clicking the associated "Remove Task" button for each task.
Users shall be able to navigate back to the login page from the home page by clicking the "Back to Login" button.
## Language

Use html and python to develop a web application.
You should use html to generate the web template by yourself.
## Data Storage
Data will be stored in local text files.
Different types of data will be stored in separate `.txt` files.
You should define the text file by yourself in advance.
This structured data storage will facilitate easy data retrieval and management through simple file manipulations in Python, ensuring the application remains light and efficient without the need for a SQL database.


-----
# Format Example
[OUTPUT]
## general overview of the project
general overview of the project

## software functional requirements
...
...
...
[/OUTPUT]


## Instruction 
- general overview of the project: copy the system description here.
- software function requirements: based on the system description, output system's function requirements with details.

# Constraint
Format: output wrapped inside [OUTPUT][/OUTPUT] like format example, nothing else.

# Action
follow Instruction, Carefully ouput only functional requrirement based on the original system description
Aim to achieve functional requirements, only require to implement demo.
do not output ```plaintext or other ``` in the start and the end, output directly.

2025-01-12 Sunday 14:35:39 model.py : INFO  self.model.temperature-----------------0.2-------------------------------
2025-01-12 Sunday 14:35:41 _client.py : INFO  HTTP Request: POST https://api.chatanywhere.tech/chat/completions "HTTP/1.1 200 OK"
2025-01-12 Sunday 14:35:41 model.py : INFO  following invoke cost: 734 | all cost: 734
2025-01-12 Sunday 14:35:41 product_manager.py : INFO  Product Manager Pole
2025-01-12 Sunday 14:35:41 product_manager.py : INFO  [OUTPUT]
## general overview of the project
Develop a web application called 'Task_Manager' that allows users to create, manage, and track their tasks, using a local text file for data storage.

## software functional requirements
1. Users shall be able to log in using their username and password on the login page.
2. Users shall be able to navigate to the registration page to create a new account.
3. Users shall be able to create a new account by entering a username, password, and email on the registration page.
4. Users shall be able to view a list of their tasks on the home page.
5. Users shall be able to add new tasks by entering a task description and due date on the home page.
6. Users shall be able to remove tasks from the task list by clicking the associated "Remove Task" button for each task.
7. Users shall be able to navigate back to the login page from the home page by clicking the "Back to Login" button.
[/OUTPUT]
2025-01-12 Sunday 14:35:41 architect.py : INFO  Architect Arnold generate System Architect......
2025-01-12 Sunday 14:35:41 architect.py : INFO  
You are a Architect, your goal is design a concise, usable, complete software system. the constraint is make sure the architecture is simple enough and use appropriate open source libraries.
Aim to achieve functional requirements, only require to implement demo.
If the original requirements have data storage requirements, you need to design a simple data storage method for the software. Do not use SQL datasets. Follow the data storage requirements in the software requirements(including data format, storage requirements, etc.).


## Context
original_requirement
# Software Description

## Objective
Develop a web application called 'Task_Manager' that allows users to create, manage, and track their tasks, using a local text file for data storage.

## Core Features
Users shall be able to log in using their username and password on the login page.
Users shall be able to navigate to the registration page to create a new account.
Users shall be able to create a new account by entering a username, password, and email on the registration page.
Users shall be able to view a list of their tasks on the home page.
Users shall be able to add new tasks by entering a task description and due date on the home page.
Users shall be able to remove tasks from the task list by clicking the associated "Remove Task" button for each task.
Users shall be able to navigate back to the login page from the home page by clicking the "Back to Login" button.
## Language

Use html and python to develop a web application.
You should use html to generate the web template by yourself.
## Data Storage
Data will be stored in local text files.
Different types of data will be stored in separate `.txt` files.
You should define the text file by yourself in advance.
This structured data storage will facilitate easy data retrieval and management through simple file manipulations in Python, ensuring the application remains light and efficient without the need for a SQL database.

functional requirements
[OUTPUT]
## general overview of the project
Develop a web application called 'Task_Manager' that allows users to create, manage, and track their tasks, using a local text file for data storage.

## software functional requirements
1. Users shall be able to log in using their username and password on the login page.
2. Users shall be able to navigate to the registration page to create a new account.
3. Users shall be able to create a new account by entering a username, password, and email on the registration page.
4. Users shall be able to view a list of their tasks on the home page.
5. Users shall be able to add new tasks by entering a task description and due date on the home page.
6. Users shall be able to remove tasks from the task list by clicking the associated "Remove Task" button for each task.
7. Users shall be able to navigate back to the login page from the home page by clicking the "Back to Login" button.
[/OUTPUT]
-----
## format example
[CONTENT]
"Implementation approach": "We will ...",
"UI design":"- A canvas for... with ... For Web applications, you should use html to generate the web template by yourself."
"Data Storage":"If software requires a data storage, you should follow the rules: Data will be stored in local files. Different types of data will be stored in separate files. You should define the file by yourself in advance.Do not use SQL database. Else just print Not Require!"
"File list": ["main.py","game.py","templates/login.html","users.txt"],
"Data structures and interfaces": "
classDiagram
    class Main {
        -SearchEngine search_engine
        +main() str
    }
    class SearchEngine {
        -Index index
        -Ranking ranking
        -Summary summary
        +search(query: str) str
    }
    class Index {
        -KnowledgeBase knowledge_base
        +create_index(data: dict)
        +query_index(query: str) list
    }
    class Ranking {
        +rank_results(results: list) list
    }
    class Summary {
        +summarize_results(results: list) str
    }
    class KnowledgeBase {
        +update(data: dict)
        +fetch_data(query: str) dict
    }
    Main --> SearchEngine
    SearchEngine --> Index
    SearchEngine --> Ranking
    SearchEngine --> Summary
    Index --> KnowledgeBase
",

[/CONTENT]

## nodes: "<node>: <type>  # <instruction>"
- Implementation approach: <class 'str'>  # Analyze the difficult points of the requirements, select the appropriate open-source framework. If require GUI, you must also choose a GUI framework (e.g., in Python, you can implement GUI via tkinter, Pygame, Flexx, PyGUI, etc,)
- File list: typing.List[str]  #  Only need relative paths. ALWAYS write a main.py here
- Data structures and interfaces: <class 'str'>  # Use mermaid classDiagram code syntax, including classes, method(__init__ etc.) and functions with type annotations, CLEARLY MARK the RELATIONSHIPS between classes, and comply with PEP8 standards. The data structures SHOULD BE VERY DETAILED and the API should be comprehensive with a complete design.
- UI design:<class 'str'>  # optional, if system require UI, choose a GUI framework (e.g., in Python, you can implement GUI via tkinter, Pygame, Flexx, PyGUI, etc,) and list system UI design and corresponding feature's UI design.

## constraint
Language: Please use the same language as Human INPUT.
Format: output wrapped inside [CONTENT][/CONTENT] like format example, nothing else.

# Attention
1. If a feature of software requires a GUI, you also need to carefully consider the UI components that this feature will require and its relationship to the main UI in Architecture.
2. Aim to achieve functional requirements, only require to implement a demo.
3. If project requires data storage, follow the requirement of data storage, implement a simple storage.Do not use SQL database.
4. Organize related functionalities into a single Python file to avoid creating too many files.
5. do not output ```plaintext or other ``` in the start and the end, output directly.

## action
Follow instructions of nodes and Attention, generate output and make sure it follows the format example.

2025-01-12 Sunday 14:35:41 model.py : INFO  self.model.temperature-----------------0.2-------------------------------
2025-01-12 Sunday 14:35:44 _client.py : INFO  HTTP Request: POST https://api.chatanywhere.tech/chat/completions "HTTP/1.1 200 OK"
2025-01-12 Sunday 14:35:44 model.py : INFO  following invoke cost: 1740 | all cost: 2474
2025-01-12 Sunday 14:35:44 architect.py : INFO  Architect Arnold
2025-01-12 Sunday 14:35:44 architect.py : INFO  [CONTENT]
"Implementation approach": "We will use Flask as the web framework for the 'Task_Manager' application, which allows for easy routing and handling of HTTP requests. The application will be structured to handle user authentication, task management, and data storage using local text files. The UI will be created using HTML for the web pages, ensuring a simple and user-friendly interface.",
"UI design":"- The login page will have fields for username and password, along with a button to submit the form. There will be a link to navigate to the registration page. \n- The registration page will have fields for username, password, and email, with a button to create an account. \n- The home page will display a list of tasks with options to add new tasks (input for task description and due date) and remove existing tasks (buttons next to each task). There will also be a button to navigate back to the login page.",
"Data Storage":"Data will be stored in local text files. User data will be stored in 'users.txt' and task data in 'tasks_<username>.txt'. Each user will have a separate file for their tasks, ensuring data isolation and easy management.",
"File list": ["main.py", "templates/login.html", "templates/register.html", "templates/home.html", "users.txt"],
"Data structures and interfaces": "
classDiagram
    class Main {
        -Flask app
        +run() None
    }
    class User {
        -username: str
        -password: str
        -email: str
        +__init__(username: str, password: str, email: str)
        +save() None
        +load(username: str) User
    }
    class Task {
        -description: str
        -due_date: str
        +__init__(description: str, due_date: str)
        +save(username: str) None
        +load_tasks(username: str) list
        +remove_task(username: str, task_index: int) None
    }
    Main --> User
    Main --> Task
",
[/CONTENT]
2025-01-12 Sunday 14:35:44 architect.py : INFO  Architect writting ARCHITECT
2025-01-12 Sunday 14:35:44 project_manager.py : INFO  Project Manager Tsunoda generate Project PLAN......
2025-01-12 Sunday 14:35:44 project_manager.py : INFO  
You are a Project Manager, your goal is break down tasks according to functional requirement/architecture, generate a task plan, and analyze task dependencies to start with the prerequisite modules. the constraint is use same language as user requirement. 


## Context
functional requirement:
[OUTPUT]
## general overview of the project
Develop a web application called 'Task_Manager' that allows users to create, manage, and track their tasks, using a local text file for data storage.

## software functional requirements
1. Users shall be able to log in using their username and password on the login page.
2. Users shall be able to navigate to the registration page to create a new account.
3. Users shall be able to create a new account by entering a username, password, and email on the registration page.
4. Users shall be able to view a list of their tasks on the home page.
5. Users shall be able to add new tasks by entering a task description and due date on the home page.
6. Users shall be able to remove tasks from the task list by clicking the associated "Remove Task" button for each task.
7. Users shall be able to navigate back to the login page from the home page by clicking the "Back to Login" button.
[/OUTPUT]

architecture:
[CONTENT]
"Implementation approach": "We will use Flask as the web framework for the 'Task_Manager' application, which allows for easy routing and handling of HTTP requests. The application will be structured to handle user authentication, task management, and data storage using local text files. The UI will be created using HTML for the web pages, ensuring a simple and user-friendly interface.",
"UI design":"- The login page will have fields for username and password, along with a button to submit the form. There will be a link to navigate to the registration page. \n- The registration page will have fields for username, password, and email, with a button to create an account. \n- The home page will display a list of tasks with options to add new tasks (input for task description and due date) and remove existing tasks (buttons next to each task). There will also be a button to navigate back to the login page.",
"Data Storage":"Data will be stored in local text files. User data will be stored in 'users.txt' and task data in 'tasks_<username>.txt'. Each user will have a separate file for their tasks, ensuring data isolation and easy management.",
"File list": ["main.py", "templates/login.html", "templates/register.html", "templates/home.html", "users.txt"],
"Data structures and interfaces": "
classDiagram
    class Main {
        -Flask app
        +run() None
    }
    class User {
        -username: str
        -password: str
        -email: str
        +__init__(username: str, password: str, email: str)
        +save() None
        +load(username: str) User
    }
    class Task {
        -description: str
        -due_date: str
        +__init__(description: str, due_date: str)
        +save(username: str) None
        +load_tasks(username: str) list
        +remove_task(username: str, task_index: int) None
    }
    Main --> User
    Main --> Task
",
[/CONTENT]
-----

## format example
[CONTENT]

"Required packages": [
    "flask==1.1.2",
    "bcrypt==3.2.0"
],
"Required Other language third-party packages": [
    "No third-party dependencies required"
],
"Logic Analysis": [
    [
        "game.py",
        "Contains Game class and ... functions"
    ],
    [
        "main.py",
        "Contains main function, from game import Game"
    ]
],
"Task list": [
    "game.py",
    "main.py"
],
"Shared Knowledge": "`game.py` contains functions shared across the project.",

[/CONTENT]

## nodes: "<node>: <type>  # <instruction>"
- Required packages: typing.List[str]  # Provide required packages in requirements.txt format.
- Required Other language third-party packages: typing.List[str]  # List down the required packages for languages other than Python.
- Logic Analysis: typing.List[typing.List[str]]  # Provide a list of files with the classes/methods/functions to be implemented, including dependency analysis and imports.
- Task list: typing.List[str]  # Break down the tasks into a list of filenames, prioritized by dependency order.
- Full API spec: <class 'str'>  # Describe all APIs using OpenAPI 3.0 spec that may be used by both frontend and backend. If front-end and back-end communication is not required, leave it blank.
- Shared Knowledge: <class 'str'>  # Detail any shared knowledge, like common utility functions or configuration variables.

## constraint
Language: Please use the same language as Human INPUT.
Format: output wrapped inside [CONTENT][/CONTENT] like format example, nothing else.
If you are doing website development, please do not encrypt the account password for the login function.

## action
Follow instructions of nodes, generate output and make sure it follows the format example.

2025-01-12 Sunday 14:35:44 model.py : INFO  self.model.temperature-----------------0.2-------------------------------
2025-01-12 Sunday 14:35:46 _client.py : INFO  HTTP Request: POST https://api.chatanywhere.tech/chat/completions "HTTP/1.1 200 OK"
2025-01-12 Sunday 14:35:46 model.py : INFO  following invoke cost: 1349 | all cost: 3823
2025-01-12 Sunday 14:35:46 project_manager.py : INFO  Project Manager Tsunoda
2025-01-12 Sunday 14:35:46 project_manager.py : INFO  [CONTENT]
"Required packages": [
    "flask==1.1.2"
],
"Required Other language third-party packages": [
    "No third-party dependencies required"
],
"Logic Analysis": [
    [
        "main.py",
        "Contains the Flask app setup and routing logic for login, registration, and task management."
    ],
    [
        "templates/login.html",
        "Contains the HTML structure for the login page."
    ],
    [
        "templates/register.html",
        "Contains the HTML structure for the registration page."
    ],
    [
        "templates/home.html",
        "Contains the HTML structure for the home page where tasks are displayed."
    ],
    [
        "users.txt",
        "Stores user data including username, password, and email."
    ],
    [
        "tasks_<username>.txt",
        "Stores tasks for each user, ensuring data isolation."
    ]
],
"Task list": [
    "main.py",
    "templates/login.html",
    "templates/register.html",
    "templates/home.html",
    "users.txt",
    "tasks_<username>.txt"
],
"Shared Knowledge": "`main.py` contains the main application logic and routing for the 'Task_Manager' application.",
[/CONTENT]
2025-01-12 Sunday 14:35:46 project_manager.py : INFO  Project Manager writting TASK PLAN
2025-01-12 Sunday 14:35:46 programmer.py : INFO  Programmer Clorinde Coding...
2025-01-12 Sunday 14:35:46 programmer.py : INFO  
You are a professional engineer; the main goal is to write google-style, elegant, modular, easy to read and maintain code.
Output format carefully referenced "Format example".
In addition to writing code, you may also need to complete the data files in the task list (such as .txt .json .csv files). If the task list requires the implementation of data files, you need to simply design some data that meets the requirements for your completed software to facilitate the startup and testing of the software as a demo.


# Context
## Design
[CONTENT]
"Implementation approach": "We will use Flask as the web framework for the 'Task_Manager' application, which allows for easy routing and handling of HTTP requests. The application will be structured to handle user authentication, task management, and data storage using local text files. The UI will be created using HTML for the web pages, ensuring a simple and user-friendly interface.",
"UI design":"- The login page will have fields for username and password, along with a button to submit the form. There will be a link to navigate to the registration page. \n- The registration page will have fields for username, password, and email, with a button to create an account. \n- The home page will display a list of tasks with options to add new tasks (input for task description and due date) and remove existing tasks (buttons next to each task). There will also be a button to navigate back to the login page.",
"Data Storage":"Data will be stored in local text files. User data will be stored in 'users.txt' and task data in 'tasks_<username>.txt'. Each user will have a separate file for their tasks, ensuring data isolation and easy management.",
"File list": ["main.py", "templates/login.html", "templates/register.html", "templates/home.html", "users.txt"],
"Data structures and interfaces": "
classDiagram
    class Main {
        -Flask app
        +run() None
    }
    class User {
        -username: str
        -password: str
        -email: str
        +__init__(username: str, password: str, email: str)
        +save() None
        +load(username: str) User
    }
    class Task {
        -description: str
        -due_date: str
        +__init__(description: str, due_date: str)
        +save(username: str) None
        +load_tasks(username: str) list
        +remove_task(username: str, task_index: int) None
    }
    Main --> User
    Main --> Task
",
[/CONTENT]
## Task Plan
[CONTENT]
"Required packages": [
    "flask==1.1.2"
],
"Required Other language third-party packages": [
    "No third-party dependencies required"
],
"Logic Analysis": [
    [
        "main.py",
        "Contains the Flask app setup and routing logic for login, registration, and task management."
    ],
    [
        "templates/login.html",
        "Contains the HTML structure for the login page."
    ],
    [
        "templates/register.html",
        "Contains the HTML structure for the registration page."
    ],
    [
        "templates/home.html",
        "Contains the HTML structure for the home page where tasks are displayed."
    ],
    [
        "users.txt",
        "Stores user data including username, password, and email."
    ],
    [
        "tasks_<username>.txt",
        "Stores tasks for each user, ensuring data isolation."
    ]
],
"Task list": [
    "main.py",
    "templates/login.html",
    "templates/register.html",
    "templates/home.html",
    "users.txt",
    "tasks_<username>.txt"
],
"Shared Knowledge": "`main.py` contains the main application logic and routing for the 'Task_Manager' application.",
[/CONTENT]

-----
# Format Example 
*** main.py
```python
...
```

*** ui.py
```python
...
```

*** a.txt
```txt
admin|admin123
user1|user123
```
-----
# Instruction: Based on the context, follow "Format example", write code.
## ATTENTION
1. Use '***' to SPLIT different CODE SECTIONS. do not forget ``` in each file, refer the the example. Output format carefully referenced "Format example".
2. Follow design: YOU MUST FOLLOW "Data structures and interfaces". DONT CHANGE ANY DESIGN. Do not use public member functions that do not exist in your design.
3. Follow task: YOU MUST write Comprehensive codes to complete task of each file in task list.
4. CAREFULLY CHECK THAT YOU DONT MISS ANY NECESSARY CLASS/FUNCTION IN THE FILE.
5. You must import the third-party libraries used in your code
6. If you use a Class not in your file, you must ensure you import it firstly.
7. Determine the order of writing the files based on your understanding of the project.
8. Write out EVERY CODE DETAIL, DON'T LEAVE TODO,PASS,PLACEHOLDER.
9. Only write code result, do not output any other content in the start or in the end.
10. If you need to generate text data, must follow below rules:
(Different groups of data are distinguished by line breaks.
Different contents of the same group of data are distinguished by |.
Make sure: The "|" character is used only to separate distinct contents within a group.
Your code of handling data must be consistent with rule in which you define the data.
11. You need to write some pre-stored data to facilitate testing.

# Website Development Rule
If you are doing website development, be sure to route the root path (/). If there is a login page, set the login page as the root route(/).
If you are doing website development, please do not encrypt the account password for the login function.
If you are doing website development, your code needs to take into account the process of loading data from the data file, so don't forget to load the data.
If you are doing Website Development, do not follow the rules of Website and Game development.
# GUI tkinter Development Rule
If you are doing GUI tkinter Development, do not follow the rules of Website and Game development.
# Game Development Rule
If the software needs to load data, please make sure the loading data code matches the data format and data file.
If you are doing Game Development, do not follow the rules of Website and Game development.

# important rule
Use '***' to SPLIT CODE SECTIONS. do not forget ``` in each file, refer the the example. Output format carefully referenced "Format example". 
Adhere strictly to the task requirements and implement them fully; do not include placeholders or "example" for code that is intended for future implementation.

2025-01-12 Sunday 14:35:46 model.py : INFO  self.model.temperature-----------------0.45-------------------------------
2025-01-12 Sunday 14:35:59 _client.py : INFO  HTTP Request: POST https://api.chatanywhere.tech/chat/completions "HTTP/1.1 200 OK"
2025-01-12 Sunday 14:35:59 model.py : INFO  following invoke cost: 2932 | all cost: 6755
2025-01-12 Sunday 14:35:59 programmer.py : INFO  
*** main.py
```python
from flask import Flask, render_template, request, redirect, url_for, session
from user import User
from task import Task
import os

app = Flask(__name__)
app.secret_key = 'your_secret_key'

def load_users():
    users = {}
    if os.path.exists('users.txt'):
        with open('users.txt', 'r') as file:
            for line in file:
                username, password, email = line.strip().split('|')
                users[username] = User(username, password, email)
    return users

users = load_users()

@app.route('/')
def login():
    return render_template('login.html')

@app.route('/register', methods=['GET', 'POST'])
def register():
    if request.method == 'POST':
        username = request.form['username']
        password = request.form['password']
        email = request.form['email']
        new_user = User(username, password, email)
        new_user.save()
        users[username] = new_user
        return redirect(url_for('login'))
    return render_template('register.html')

@app.route('/home', methods=['GET', 'POST'])
def home():
    if 'username' not in session:
        return redirect(url_for('login'))
    
    current_user = session['username']
    task_manager = Task()
    
    if request.method == 'POST':
        if 'add_task' in request.form:
            task_description = request.form['task_description']
            due_date = request.form['due_date']
            task_manager = Task(task_description, due_date)
            task_manager.save(current_user)
        elif 'remove_task' in request.form:
            task_index = int(request.form['task_index'])
            task_manager.remove_task(current_user, task_index)

    tasks = task_manager.load_tasks(current_user)
    return render_template('home.html', tasks=tasks)

@app.route('/login', methods=['POST'])
def do_login():
    username = request.form['username']
    password = request.form['password']
    
    if username in users and users[username].password == password:
        session['username'] = username
        return redirect(url_for('home'))
    return redirect(url_for('login'))

@app.route('/logout')
def logout():
    session.pop('username', None)
    return redirect(url_for('login'))

if __name__ == '__main__':
    app.run(debug=True)
```

*** user.py
```python
class User:
    def __init__(self, username: str, password: str, email: str):
        self.username = username
        self.password = password
        self.email = email

    def save(self):
        with open('users.txt', 'a') as file:
            file.write(f"{self.username}|{self.password}|{self.email}\n")

    @staticmethod
    def load(username: str):
        with open('users.txt', 'r') as file:
            for line in file:
                user_data = line.strip().split('|')
                if user_data[0] == username:
                    return User(user_data[0], user_data[1], user_data[2])
        return None
```

*** task.py
```python
import os

class Task:
    def __init__(self, description: str = "", due_date: str = ""):
        self.description = description
        self.due_date = due_date

    def save(self, username: str):
        filename = f'tasks_{username}.txt'
        with open(filename, 'a') as file:
            file.write(f"{self.description}|{self.due_date}\n")

    def load_tasks(self, username: str):
        filename = f'tasks_{username}.txt'
        tasks = []
        if os.path.exists(filename):
            with open(filename, 'r') as file:
                for line in file:
                    task_data = line.strip().split('|')
                    tasks.append({'description': task_data[0], 'due_date': task_data[1]})
        return tasks

    def remove_task(self, username: str, task_index: int):
        filename = f'tasks_{username}.txt'
        tasks = self.load_tasks(username)
        if 0 <= task_index < len(tasks):
            del tasks[task_index]
            with open(filename, 'w') as file:
                for task in tasks:
                    file.write(f"{task['description']}|{task['due_date']}\n")
```

*** templates/login.html
```html
<!DOCTYPE html>
<html lang="en">
<head>
    <meta charset="UTF-8">
    <title>Login</title>
</head>
<body>
    <h1>Login</h1>
    <form method="POST" action="/login">
        <input type="text" name="username" placeholder="Username" required>
        <input type="password" name="password" placeholder="Password" required>
        <button type="submit">Login</button>
    </form>
    <a href="/register">Register</a>
</body>
</html>
```

*** templates/register.html
```html
<!DOCTYPE html>
<html lang="en">
<head>
    <meta charset="UTF-8">
    <title>Register</title>
</head>
<body>
    <h1>Register</h1>
    <form method="POST" action="/register">
        <input type="text" name="username" placeholder="Username" required>
        <input type="password" name="password" placeholder="Password" required>
        <input type="email" name="email" placeholder="Email" required>
        <button type="submit">Create Account</button>
    </form>
    <a href="/">Back to Login</a>
</body>
</html>
```

*** templates/home.html
```html
<!DOCTYPE html>
<html lang="en">
<head>
    <meta charset="UTF-8">
    <title>Home</title>
</head>
<body>
    <h1>Welcome, {{ session['username'] }}</h1>
    <form method="POST">
        <input type="text" name="task_description" placeholder="Task Description" required>
        <input type="date" name="due_date" required>
        <button type="submit" name="add_task">Add Task</button>
    </form>
    <h2>Your Tasks</h2>
    <ul>
        {% for task in tasks %}
            <li>{{ task.description }} - {{ task.due_date }}
                <form method="POST" style="display:inline;">
                    <input type="hidden" name="task_index" value="{{ loop.index0 }}">
                    <button type="submit" name="remove_task">Remove</button>
                </form>
            </li>
        {% endfor %}
    </ul>
    <a href="/logout">Logout</a>
</body>
</html>
```

*** users.txt
```txt
admin|admin123|admin@example.com
user1|user123|user1@example.com
``` 

*** tasks_user1.txt
```txt
Finish project report|2023-12-01
Buy groceries|2023-10-30
``` 

*** tasks_admin.txt
```txt
Prepare presentation|2023-11-15
Schedule meeting|2023-10-25
```
2025-01-12 Sunday 14:35:59 programmer.py : INFO  Compare Code
2025-01-12 Sunday 14:35:59 programmer.py : INFO  **[Update Codes]**

main.py updated.


```
'''

'''
--- Old
+++ New
@@ -1 +1,73 @@
-# None
+from flask import Flask, render_template, request, redirect, url_for, session
+from user import User
+from task import Task
+import os
+
+app = Flask(__name__)
+app.secret_key = 'your_secret_key'
+
+def load_users():
+    users = {}
+    if os.path.exists('users.txt'):
+        with open('users.txt', 'r') as file:
+            for line in file:
+                username, password, email = line.strip().split('|')
+                users[username] = User(username, password, email)
+    return users
+
+users = load_users()
+
+@app.route('/')
+def login():
+    return render_template('login.html')
+
+@app.route('/register', methods=['GET', 'POST'])
+def register():
+    if request.method == 'POST':
+        username = request.form['username']
+        password = request.form['password']
+        email = request.form['email']
+        new_user = User(username, password, email)
+        new_user.save()
+        users[username] = new_user
+        return redirect(url_for('login'))
+    return render_template('register.html')
+
+@app.route('/home', methods=['GET', 'POST'])
+def home():
+    if 'username' not in session:
+        return redirect(url_for('login'))
+    
+    current_user = session['username']
+    task_manager = Task()
+    
+    if request.method == 'POST':
+        if 'add_task' in request.form:
+            task_description = request.form['task_description']
+            due_date = request.form['due_date']
+            task_manager = Task(task_description, due_date)
+            task_manager.save(current_user)
+        elif 'remove_task' in request.form:
+            task_index = int(request.form['task_index'])
+            task_manager.remove_task(current_user, task_index)
+
+    tasks = task_manager.load_tasks(current_user)
+    return render_template('home.html', tasks=tasks)
+
+@app.route('/login', methods=['POST'])
+def do_login():
+    username = request.form['username']
+    password = request.form['password']
+    
+    if username in users and users[username].password == password:
+        session['username'] = username
+        return redirect(url_for('home'))
+    return redirect(url_for('login'))
+
+@app.route('/logout')
+def logout():
+    session.pop('username', None)
+    return redirect(url_for('login'))
+
+if __name__ == '__main__':
+    app.run(debug=True)
```
2025-01-12 Sunday 14:35:59 programmer.py : INFO  **[Update Codes]**

user.py updated.


```
'''

'''
--- Old
+++ New
@@ -1 +1,18 @@
-# None
+class User:
+    def __init__(self, username: str, password: str, email: str):
+        self.username = username
+        self.password = password
+        self.email = email
+
+    def save(self):
+        with open('users.txt', 'a') as file:
+            file.write(f"{self.username}|{self.password}|{self.email}\n")
+
+    @staticmethod
+    def load(username: str):
+        with open('users.txt', 'r') as file:
+            for line in file:
+                user_data = line.strip().split('|')
+                if user_data[0] == username:
+                    return User(user_data[0], user_data[1], user_data[2])
+        return None
```
2025-01-12 Sunday 14:35:59 programmer.py : INFO  **[Update Codes]**

task.py updated.


```
'''

'''
--- Old
+++ New
@@ -1 +1,30 @@
-# None
+import os
+
+class Task:
+    def __init__(self, description: str = "", due_date: str = ""):
+        self.description = description
+        self.due_date = due_date
+
+    def save(self, username: str):
+        filename = f'tasks_{username}.txt'
+        with open(filename, 'a') as file:
+            file.write(f"{self.description}|{self.due_date}\n")
+
+    def load_tasks(self, username: str):
+        filename = f'tasks_{username}.txt'
+        tasks = []
+        if os.path.exists(filename):
+            with open(filename, 'r') as file:
+                for line in file:
+                    task_data = line.strip().split('|')
+                    tasks.append({'description': task_data[0], 'due_date': task_data[1]})
+        return tasks
+
+    def remove_task(self, username: str, task_index: int):
+        filename = f'tasks_{username}.txt'
+        tasks = self.load_tasks(username)
+        if 0 <= task_index < len(tasks):
+            del tasks[task_index]
+            with open(filename, 'w') as file:
+                for task in tasks:
+                    file.write(f"{task['description']}|{task['due_date']}\n")
```
2025-01-12 Sunday 14:35:59 programmer.py : INFO  **[Update Codes]**

templates/login.html updated.


```
'''

'''
--- Old
+++ New
@@ -1 +1,16 @@
-# None
+<!DOCTYPE html>
+<html lang="en">
+<head>
+    <meta charset="UTF-8">
+    <title>Login</title>
+</head>
+<body>
+    <h1>Login</h1>
+    <form method="POST" action="/login">
+        <input type="text" name="username" placeholder="Username" required>
+        <input type="password" name="password" placeholder="Password" required>
+        <button type="submit">Login</button>
+    </form>
+    <a href="/register">Register</a>
+</body>
+</html>
```
2025-01-12 Sunday 14:35:59 programmer.py : INFO  **[Update Codes]**

templates/register.html updated.


```
'''

'''
--- Old
+++ New
@@ -1 +1,17 @@
-# None
+<!DOCTYPE html>
+<html lang="en">
+<head>
+    <meta charset="UTF-8">
+    <title>Register</title>
+</head>
+<body>
+    <h1>Register</h1>
+    <form method="POST" action="/register">
+        <input type="text" name="username" placeholder="Username" required>
+        <input type="password" name="password" placeholder="Password" required>
+        <input type="email" name="email" placeholder="Email" required>
+        <button type="submit">Create Account</button>
+    </form>
+    <a href="/">Back to Login</a>
+</body>
+</html>
```
2025-01-12 Sunday 14:35:59 programmer.py : INFO  **[Update Codes]**

templates/home.html updated.


```
'''

'''
--- Old
+++ New
@@ -1 +1,27 @@
-# None
+<!DOCTYPE html>
+<html lang="en">
+<head>
+    <meta charset="UTF-8">
+    <title>Home</title>
+</head>
+<body>
+    <h1>Welcome, {{ session['username'] }}</h1>
+    <form method="POST">
+        <input type="text" name="task_description" placeholder="Task Description" required>
+        <input type="date" name="due_date" required>
+        <button type="submit" name="add_task">Add Task</button>
+    </form>
+    <h2>Your Tasks</h2>
+    <ul>
+        {% for task in tasks %}
+            <li>{{ task.description }} - {{ task.due_date }}
+                <form method="POST" style="display:inline;">
+                    <input type="hidden" name="task_index" value="{{ loop.index0 }}">
+                    <button type="submit" name="remove_task">Remove</button>
+                </form>
+            </li>
+        {% endfor %}
+    </ul>
+    <a href="/logout">Logout</a>
+</body>
+</html>
```
2025-01-12 Sunday 14:35:59 programmer.py : INFO  **[Update Codes]**

users.txt updated.


```
'''

'''
--- Old
+++ New
@@ -1 +1,2 @@
-# None
+admin|admin123|admin@example.com
+user1|user123|user1@example.com
```
2025-01-12 Sunday 14:35:59 programmer.py : INFO  **[Update Codes]**

tasks_user1.txt updated.


```
'''

'''
--- Old
+++ New
@@ -1 +1,2 @@
-# None
+Finish project report|2023-12-01
+Buy groceries|2023-10-30
```
2025-01-12 Sunday 14:35:59 programmer.py : INFO  **[Update Codes]**

tasks_admin.txt updated.


```
'''

'''
--- Old
+++ New
@@ -1 +1,2 @@
-# None
+Prepare presentation|2023-11-15
+Schedule meeting|2023-10-25
```
2025-01-12 Sunday 14:35:59 programmer.py : INFO  Programmer writting CODE: main.py
2025-01-12 Sunday 14:35:59 programmer.py : INFO  Programmer writting CODE: user.py
2025-01-12 Sunday 14:35:59 programmer.py : INFO  Programmer writting CODE: task.py
2025-01-12 Sunday 14:35:59 programmer.py : INFO  Programmer writting CODE: templates/login.html
2025-01-12 Sunday 14:35:59 programmer.py : INFO  Programmer writting CODE: templates/register.html
2025-01-12 Sunday 14:35:59 programmer.py : INFO  Programmer writting CODE: templates/home.html
2025-01-12 Sunday 14:35:59 programmer.py : INFO  Programmer writting CODE: users.txt
2025-01-12 Sunday 14:35:59 programmer.py : INFO  Programmer writting CODE: tasks_user1.txt
2025-01-12 Sunday 14:35:59 programmer.py : INFO  Programmer writting CODE: tasks_admin.txt
2025-01-12 Sunday 14:35:59 ceaug_main.py : INFO  Ready Auto Test # # # # # # # # # # # # D:\algorithm\agent\cese\dataset\SD-bench\codebase\TaskManager\
2025-01-12 Sunday 14:36:17 _client.py : INFO  HTTP Request: POST https://api.chatanywhere.tech/chat/completions "HTTP/1.1 200 OK"
2025-01-12 Sunday 14:37:14 ceaug_main.py : INFO  unit_test_result{'category': 'website', 'project_name': 'TaskManager', 'passed': 1, 'failed': 0, 'errors': 8, 'total': 9, 'output': 'test_add_new_task (testcode.TestTaskManagerApp) ... ERROR\ntest_invalid_actions (testcode.TestTaskManagerApp) ... ok\ntest_navigate_back_to_login (testcode.TestTaskManagerApp) ... ERROR\ntest_remove_task (testcode.TestTaskManagerApp) ... ERROR\ntest_session_management (testcode.TestTaskManagerApp) ... ERROR\ntest_task_data_storage (testcode.TestTaskManagerApp) ... ERROR\ntest_user_login (testcode.TestTaskManagerApp) ... ERROR\ntest_user_registration (testcode.TestTaskManagerApp) ... ERROR\ntest_view_task_list (testcode.TestTaskManagerApp) ... ERROR\n======================================================================\nERROR: test_add_new_task (testcode.TestTaskManagerApp)\n----------------------------------------------------------------------\nTraceback (most recent call last):\n  File "D:\\algorithm\\agent\\cese\\dataset\\SD-bench\\codebase\\TaskManager\\code\\testcode.py", line 59, in test_add_new_task\n    self.login("admin", "admin123")\n  File "D:\\algorithm\\agent\\cese\\dataset\\SD-bench\\codebase\\TaskManager\\code\\testcode.py", line 24, in login\n    self.driver.find_element(By.NAME, \'username\').send_keys(username)\n  File "D:\\Anaconda3\\envs\\Altdev\\lib\\site-packages\\selenium\\webdriver\\remote\\webdriver.py", line 770, in find_element\n    return self.execute(Command.FIND_ELEMENT, {"using": by, "value": value})["value"]\n  File "D:\\Anaconda3\\envs\\Altdev\\lib\\site-packages\\selenium\\webdriver\\remote\\webdriver.py", line 384, in execute\n    self.error_handler.check_response(response)\n  File "D:\\Anaconda3\\envs\\Altdev\\lib\\site-packages\\selenium\\webdriver\\remote\\errorhandler.py", line 232, in check_response\n    raise exception_class(message, screen, stacktrace)\nselenium.common.exceptions.NoSuchElementException: Message: no such element: Unable to locate element: {"method":"css selector","selector":"[name="username"]"}\n  (Session info: chrome=131.0.6778.265); For documentation on this error, please visit: https://www.selenium.dev/documentation/webdriver/troubleshooting/errors#no-such-element-exception\nStacktrace:\n======================================================================\nERROR: test_navigate_back_to_login (testcode.TestTaskManagerApp)\n----------------------------------------------------------------------\nTraceback (most recent call last):\n  File "D:\\algorithm\\agent\\cese\\dataset\\SD-bench\\codebase\\TaskManager\\code\\testcode.py", line 86, in test_navigate_back_to_login\n    self.login("admin", "admin123")\n  File "D:\\algorithm\\agent\\cese\\dataset\\SD-bench\\codebase\\TaskManager\\code\\testcode.py", line 24, in login\n    self.driver.find_element(By.NAME, \'username\').send_keys(username)\n  File "D:\\Anaconda3\\envs\\Altdev\\lib\\site-packages\\selenium\\webdriver\\remote\\webdriver.py", line 770, in find_element\n    return self.execute(Command.FIND_ELEMENT, {"using": by, "value": value})["value"]\n  File "D:\\Anaconda3\\envs\\Altdev\\lib\\site-packages\\selenium\\webdriver\\remote\\webdriver.py", line 384, in execute\n    self.error_handler.check_response(response)\n  File "D:\\Anaconda3\\envs\\Altdev\\lib\\site-packages\\selenium\\webdriver\\remote\\errorhandler.py", line 232, in check_response\n    raise exception_class(message, screen, stacktrace)\nselenium.common.exceptions.NoSuchElementException: Message: no such element: Unable to locate element: {"method":"css selector","selector":"[name="username"]"}\n  (Session info: chrome=131.0.6778.265); For documentation on this error, please visit: https://www.selenium.dev/documentation/webdriver/troubleshooting/errors#no-such-element-exception\nStacktrace:\n======================================================================\nERROR: test_remove_task (testcode.TestTaskManagerApp)\n----------------------------------------------------------------------\nTraceback (most recent call last):\n  File "D:\\algorithm\\agent\\cese\\dataset\\SD-bench\\codebase\\TaskManager\\code\\testcode.py", line 73, in test_remove_task\n    self.login("admin", "admin123")\n  File "D:\\algorithm\\agent\\cese\\dataset\\SD-bench\\codebase\\TaskManager\\code\\testcode.py", line 24, in login\n    self.driver.find_element(By.NAME, \'username\').send_keys(username)\n  File "D:\\Anaconda3\\envs\\Altdev\\lib\\site-packages\\selenium\\webdriver\\remote\\webdriver.py", line 770, in find_element\n    return self.execute(Command.FIND_ELEMENT, {"using": by, "value": value})["value"]\n  File "D:\\Anaconda3\\envs\\Altdev\\lib\\site-packages\\selenium\\webdriver\\remote\\webdriver.py", line 384, in execute\n    self.error_handler.check_response(response)\n  File "D:\\Anaconda3\\envs\\Altdev\\lib\\site-packages\\selenium\\webdriver\\remote\\errorhandler.py", line 232, in check_response\n    raise exception_class(message, screen, stacktrace)\nselenium.common.exceptions.NoSuchElementException: Message: no such element: Unable to locate element: {"method":"css selector","selector":"[name="username"]"}\n  (Session info: chrome=131.0.6778.265); For documentation on this error, please visit: https://www.selenium.dev/documentation/webdriver/troubleshooting/errors#no-such-element-exception\nStacktrace:\n======================================================================\nERROR: test_session_management (testcode.TestTaskManagerApp)\n----------------------------------------------------------------------\nTraceback (most recent call last):\n  File "D:\\algorithm\\agent\\cese\\dataset\\SD-bench\\codebase\\TaskManager\\code\\testcode.py", line 120, in test_session_management\n    self.login("admin", "admin123")\n  File "D:\\algorithm\\agent\\cese\\dataset\\SD-bench\\codebase\\TaskManager\\code\\testcode.py", line 24, in login\n    self.driver.find_element(By.NAME, \'username\').send_keys(username)\n  File "D:\\Anaconda3\\envs\\Altdev\\lib\\site-packages\\selenium\\webdriver\\remote\\webdriver.py", line 770, in find_element\n    return self.execute(Command.FIND_ELEMENT, {"using": by, "value": value})["value"]\n  File "D:\\Anaconda3\\envs\\Altdev\\lib\\site-packages\\selenium\\webdriver\\remote\\webdriver.py", line 384, in execute\n    self.error_handler.check_response(response)\n  File "D:\\Anaconda3\\envs\\Altdev\\lib\\site-packages\\selenium\\webdriver\\remote\\errorhandler.py", line 232, in check_response\n    raise exception_class(message, screen, stacktrace)\nselenium.common.exceptions.NoSuchElementException: Message: no such element: Unable to locate element: {"method":"css selector","selector":"[name="username"]"}\n  (Session info: chrome=131.0.6778.265); For documentation on this error, please visit: https://www.selenium.dev/documentation/webdriver/troubleshooting/errors#no-such-element-exception\nStacktrace:\n======================================================================\nERROR: test_task_data_storage (testcode.TestTaskManagerApp)\n----------------------------------------------------------------------\nTraceback (most recent call last):\n  File "D:\\algorithm\\agent\\cese\\dataset\\SD-bench\\codebase\\TaskManager\\code\\testcode.py", line 93, in test_task_data_storage\n    self.login("admin", "admin123")\n  File "D:\\algorithm\\agent\\cese\\dataset\\SD-bench\\codebase\\TaskManager\\code\\testcode.py", line 24, in login\n    self.driver.find_element(By.NAME, \'username\').send_keys(username)\n  File "D:\\Anaconda3\\envs\\Altdev\\lib\\site-packages\\selenium\\webdriver\\remote\\webdriver.py", line 770, in find_element\n    return self.execute(Command.FIND_ELEMENT, {"using": by, "value": value})["value"]\n  File "D:\\Anaconda3\\envs\\Altdev\\lib\\site-packages\\selenium\\webdriver\\remote\\webdriver.py", line 384, in execute\n    self.error_handler.check_response(response)\n  File "D:\\Anaconda3\\envs\\Altdev\\lib\\site-packages\\selenium\\webdriver\\remote\\errorhandler.py", line 232, in check_response\n    raise exception_class(message, screen, stacktrace)\nselenium.common.exceptions.NoSuchElementException: Message: no such element: Unable to locate element: {"method":"css selector","selector":"[name="username"]"}\n  (Session info: chrome=131.0.6778.265); For documentation on this error, please visit: https://www.selenium.dev/documentation/webdriver/troubleshooting/errors#no-such-element-exception\nStacktrace:\n======================================================================\nERROR: test_user_login (testcode.TestTaskManagerApp)\n----------------------------------------------------------------------\nTraceback (most recent call last):\n  File "D:\\algorithm\\agent\\cese\\dataset\\SD-bench\\codebase\\TaskManager\\code\\testcode.py", line 31, in test_user_login\n    self.login("admin", "admin123")\n  File "D:\\algorithm\\agent\\cese\\dataset\\SD-bench\\codebase\\TaskManager\\code\\testcode.py", line 24, in login\n    self.driver.find_element(By.NAME, \'username\').send_keys(username)\n  File "D:\\Anaconda3\\envs\\Altdev\\lib\\site-packages\\selenium\\webdriver\\remote\\webdriver.py", line 770, in find_element\n    return self.execute(Command.FIND_ELEMENT, {"using": by, "value": value})["value"]\n  File "D:\\Anaconda3\\envs\\Altdev\\lib\\site-packages\\selenium\\webdriver\\remote\\webdriver.py", line 384, in execute\n    self.error_handler.check_response(response)\n  File "D:\\Anaconda3\\envs\\Altdev\\lib\\site-packages\\selenium\\webdriver\\remote\\errorhandler.py", line 232, in check_response\n    raise exception_class(message, screen, stacktrace)\nselenium.common.exceptions.NoSuchElementException: Message: no such element: Unable to locate element: {"method":"css selector","selector":"[name="username"]"}\n  (Session info: chrome=131.0.6778.265); For documentation on this error, please visit: https://www.selenium.dev/documentation/webdriver/troubleshooting/errors#no-such-element-exception\nStacktrace:\n======================================================================\nERROR: test_user_registration (testcode.TestTaskManagerApp)\n----------------------------------------------------------------------\nTraceback (most recent call last):\n  File "D:\\algorithm\\agent\\cese\\dataset\\SD-bench\\codebase\\TaskManager\\code\\testcode.py", line 36, in test_user_registration\n    self.driver.find_element(By.LINK_TEXT, \'Register\').click()\n  File "D:\\Anaconda3\\envs\\Altdev\\lib\\site-packages\\selenium\\webdriver\\remote\\webdriver.py", line 770, in find_element\n    return self.execute(Command.FIND_ELEMENT, {"using": by, "value": value})["value"]\n  File "D:\\Anaconda3\\envs\\Altdev\\lib\\site-packages\\selenium\\webdriver\\remote\\webdriver.py", line 384, in execute\n    self.error_handler.check_response(response)\n  File "D:\\Anaconda3\\envs\\Altdev\\lib\\site-packages\\selenium\\webdriver\\remote\\errorhandler.py", line 232, in check_response\n    raise exception_class(message, screen, stacktrace)\nselenium.common.exceptions.NoSuchElementException: Message: no such element: Unable to locate element: {"method":"link text","selector":"Register"}\n  (Session info: chrome=131.0.6778.265); For documentation on this error, please visit: https://www.selenium.dev/documentation/webdriver/troubleshooting/errors#no-such-element-exception\nStacktrace:\n======================================================================\nERROR: test_view_task_list (testcode.TestTaskManagerApp)\n----------------------------------------------------------------------\nTraceback (most recent call last):\n  File "D:\\algorithm\\agent\\cese\\dataset\\SD-bench\\codebase\\TaskManager\\code\\testcode.py", line 53, in test_view_task_list\n    self.login("admin", "admin123")\n  File "D:\\algorithm\\agent\\cese\\dataset\\SD-bench\\codebase\\TaskManager\\code\\testcode.py", line 24, in login\n    self.driver.find_element(By.NAME, \'username\').send_keys(username)\n  File "D:\\Anaconda3\\envs\\Altdev\\lib\\site-packages\\selenium\\webdriver\\remote\\webdriver.py", line 770, in find_element\n    return self.execute(Command.FIND_ELEMENT, {"using": by, "value": value})["value"]\n  File "D:\\Anaconda3\\envs\\Altdev\\lib\\site-packages\\selenium\\webdriver\\remote\\webdriver.py", line 384, in execute\n    self.error_handler.check_response(response)\n  File "D:\\Anaconda3\\envs\\Altdev\\lib\\site-packages\\selenium\\webdriver\\remote\\errorhandler.py", line 232, in check_response\n    raise exception_class(message, screen, stacktrace)\nselenium.common.exceptions.NoSuchElementException: Message: no such element: Unable to locate element: {"method":"css selector","selector":"[name="username"]"}\n  (Session info: chrome=131.0.6778.265); For documentation on this error, please visit: https://www.selenium.dev/documentation/webdriver/troubleshooting/errors#no-such-element-exception\nStacktrace:\n----------------------------------------------------------------------\nRan 9 tests in 57.501s\nFAILED (errors=8)\n'}
2025-01-12 Sunday 14:37:55 _client.py : INFO  HTTP Request: POST https://api.chatanywhere.tech/chat/completions "HTTP/1.1 200 OK"
2025-01-12 Sunday 14:37:55 ceaug_main.py : INFO  You are a software test analyst. Please help me analyze the code of a project.
        Here is the entire codebase for a project: --- DIRECTORY: D:\algorithm\agent\cese\dataset\SD-bench\codebase\TaskManager\code ---
  --- FILE: main.py (PATH: D:\algorithm\agent\cese\dataset\SD-bench\codebase\TaskManager\code\main.py, TYPE: .py) ---
from flask import Flask, render_template, request, redirect, url_for, session
from user import User
from task import Task
import os

app = Flask(__name__)
app.secret_key = 'your_secret_key'

def load_users():
    users = {}
    if os.path.exists('users.txt'):
        with open('users.txt', 'r') as file:
            for line in file:
                username, password, email = line.strip().split('|')
                users[username] = User(username, password, email)
    return users

users = load_users()

@app.route('/')
def login():
    return render_template('login.html')

@app.route('/register', methods=['GET', 'POST'])
def register():
    if request.method == 'POST':
        username = request.form['username']
        password = request.form['password']
        email = request.form['email']
        new_user = User(username, password, email)
        new_user.save()
        users[username] = new_user
        return redirect(url_for('login'))
    return render_template('register.html')

@app.route('/home', methods=['GET', 'POST'])
def home():
    if 'username' not in session:
        return redirect(url_for('login'))
    
    current_user = session['username']
    task_manager = Task()
    
    if request.method == 'POST':
        if 'add_task' in request.form:
            task_description = request.form['task_description']
            due_date = request.form['due_date']
            task_manager = Task(task_description, due_date)
            task_manager.save(current_user)
        elif 'remove_task' in request.form:
            task_index = int(request.form['task_index'])
            task_manager.remove_task(current_user, task_index)

    tasks = task_manager.load_tasks(current_user)
    return render_template('home.html', tasks=tasks)

@app.route('/login', methods=['POST'])
def do_login():
    username = request.form['username']
    password = request.form['password']
    
    if username in users and users[username].password == password:
        session['username'] = username
        return redirect(url_for('home'))
    return redirect(url_for('login'))

@app.route('/logout')
def logout():
    session.pop('username', None)
    return redirect(url_for('login'))

if __name__ == '__main__':
    app.run(port=8313, debug=False)


  --- FILE: task.py (PATH: D:\algorithm\agent\cese\dataset\SD-bench\codebase\TaskManager\code\task.py, TYPE: .py) ---
import os

class Task:
    def __init__(self, description: str = "", due_date: str = ""):
        self.description = description
        self.due_date = due_date

    def save(self, username: str):
        filename = f'tasks_{username}.txt'
        with open(filename, 'a') as file:
            file.write(f"{self.description}|{self.due_date}\n")

    def load_tasks(self, username: str):
        filename = f'tasks_{username}.txt'
        tasks = []
        if os.path.exists(filename):
            with open(filename, 'r') as file:
                for line in file:
                    task_data = line.strip().split('|')
                    tasks.append({'description': task_data[0], 'due_date': task_data[1]})
        return tasks

    def remove_task(self, username: str, task_index: int):
        filename = f'tasks_{username}.txt'
        tasks = self.load_tasks(username)
        if 0 <= task_index < len(tasks):
            del tasks[task_index]
            with open(filename, 'w') as file:
                for task in tasks:
                    file.write(f"{task['description']}|{task['due_date']}\n")

  --- FILE: tasks_admin.txt (PATH: D:\algorithm\agent\cese\dataset\SD-bench\codebase\TaskManager\code\tasks_admin.txt, TYPE: .txt) ---
Prepare presentation|2023-11-15
Schedule meeting|2023-10-25


  --- FILE: tasks_user1.txt (PATH: D:\algorithm\agent\cese\dataset\SD-bench\codebase\TaskManager\code\tasks_user1.txt, TYPE: .txt) ---
Finish project report|2023-12-01
Buy groceries|2023-10-30


  --- FILE: user.py (PATH: D:\algorithm\agent\cese\dataset\SD-bench\codebase\TaskManager\code\user.py, TYPE: .py) ---
class User:
    def __init__(self, username: str, password: str, email: str):
        self.username = username
        self.password = password
        self.email = email

    def save(self):
        with open('users.txt', 'a') as file:
            file.write(f"{self.username}|{self.password}|{self.email}\n")

    @staticmethod
    def load(username: str):
        with open('users.txt', 'r') as file:
            for line in file:
                user_data = line.strip().split('|')
                if user_data[0] == username:
                    return User(user_data[0], user_data[1], user_data[2])
        return None

  --- FILE: users.txt (PATH: D:\algorithm\agent\cese\dataset\SD-bench\codebase\TaskManager\code\users.txt, TYPE: .txt) ---
admin|admin123|admin@example.com
user1|user123|user1@example.com


  --- DIRECTORY: D:\algorithm\agent\cese\dataset\SD-bench\codebase\TaskManager\code\templates ---
    --- FILE: home.html (PATH: D:\algorithm\agent\cese\dataset\SD-bench\codebase\TaskManager\code\templates\home.html, TYPE: .html) ---
<!DOCTYPE html>
<html lang="en">
<head>
    <meta charset="UTF-8">
    <title>Home</title>
</head>
<body>
    <h1>Welcome, {{ session['username'] }}</h1>
    <form method="POST">
        <input type="text" name="task_description" placeholder="Task Description" required>
        <input type="date" name="due_date" required>
        <button type="submit" name="add_task">Add Task</button>
    </form>
    <h2>Your Tasks</h2>
    <ul>
        {% for task in tasks %}
            <li>{{ task.description }} - {{ task.due_date }}
                <form method="POST" style="display:inline;">
                    <input type="hidden" name="task_index" value="{{ loop.index0 }}">
                    <button type="submit" name="remove_task">Remove</button>
                </form>
            </li>
        {% endfor %}
    </ul>
    <a href="/logout">Logout</a>
</body>
</html>

    --- FILE: login.html (PATH: D:\algorithm\agent\cese\dataset\SD-bench\codebase\TaskManager\code\templates\login.html, TYPE: .html) ---
<!DOCTYPE html>
<html lang="en">
<head>
    <meta charset="UTF-8">
    <title>Login</title>
</head>
<body>
    <h1>Login</h1>
    <form method="POST" action="/login">
        <input type="text" name="username" placeholder="Username" required>
        <input type="password" name="password" placeholder="Password" required>
        <button type="submit">Login</button>
    </form>
    <a href="/register">Register</a>
</body>
</html>

    --- FILE: register.html (PATH: D:\algorithm\agent\cese\dataset\SD-bench\codebase\TaskManager\code\templates\register.html, TYPE: .html) ---
<!DOCTYPE html>
<html lang="en">
<head>
    <meta charset="UTF-8">
    <title>Register</title>
</head>
<body>
    <h1>Register</h1>
    <form method="POST" action="/register">
        <input type="text" name="username" placeholder="Username" required>
        <input type="password" name="password" placeholder="Password" required>
        <input type="email" name="email" placeholder="Email" required>
        <button type="submit">Create Account</button>
    </form>
    <a href="/">Back to Login</a>
</body>
</html>

.
        Here are the unit test codes for this project: import unittest
from selenium import webdriver
from selenium.webdriver.common.by import By
import time
import subprocess
import os

class TestTaskManagerApp(unittest.TestCase):

    def setUp(self):
        # Start the Flask application
        self.process = subprocess.Popen(['python', 'main.py'], cwd='D:\\algorithm\\agent\\cese\\dataset\\SD-bench\\codebase\\TaskManager\\code')
        time.sleep(1)  # Wait for the server to start
        self.driver = webdriver.Chrome()
        self.driver.get('http://localhost:8313/login')

    def tearDown(self):
        # Close the web driver session and terminate the Flask application
        self.driver.quit()
        self.process.terminate()

    def login(self, username, password):
        # Helper method to perform login
        self.driver.find_element(By.NAME, 'username').send_keys(username)
        self.driver.find_element(By.NAME, 'password').send_keys(password)
        self.driver.find_element(By.XPATH, '//button[text()="Login"]').click()
        time.sleep(1)  # Wait for the next page to load

    def test_user_login(self):
        # Functionalities 1: Test user login functionality
        self.login("admin", "admin123")
        self.assertIn("Home", self.driver.title)

    def test_user_registration(self):
        # Functionalities 2: Test user registration functionality
        self.driver.find_element(By.LINK_TEXT, 'Register').click()
        time.sleep(1)  # Wait for the registration page to load

        new_username = "new_user"
        new_password = "new_password"
        new_email = "new_user@example.com"

        self.driver.find_element(By.NAME, 'username').send_keys(new_username)
        self.driver.find_element(By.NAME, 'password').send_keys(new_password)
        self.driver.find_element(By.NAME, 'email').send_keys(new_email)
        self.driver.find_element(By.XPATH, '//button[text()="Create Account"]').click()
        time.sleep(1)  # Wait for the login page to load

        self.assertIn("Login", self.driver.title)

    def test_view_task_list(self):
        # Functionalities 3: Test viewing task list after logging in
        self.login("admin", "admin123")
        tasks = self.driver.find_elements(By.TAG_NAME, 'li')
        self.assertGreater(len(tasks), 0, "No tasks found.")

    def test_add_new_task(self):
        # Functionalities 4: Test adding a new task
        self.login("admin", "admin123")

        task_description = "New Task"
        due_date = "2023-12-31"

        self.driver.find_element(By.NAME, 'task_description').send_keys(task_description)
        self.driver.find_element(By.NAME, 'due_date').send_keys(due_date)
        self.driver.find_element(By.XPATH, '//button[text()="Add Task"]').click()
        time.sleep(1)  # Wait for the task to be added

        self.assertIn(task_description, self.driver.page_source)

    def test_remove_task(self):
        # Functionalities 5: Test removing a task
        self.login("admin", "admin123")
        initial_tasks = self.driver.find_elements(By.TAG_NAME, 'li')
        if initial_tasks:
            initial_task_count = len(initial_tasks)
            self.driver.find_element(By.NAME, 'remove_task').click()
            time.sleep(1)  # Wait for the task to be removed
            updated_tasks = self.driver.find_elements(By.TAG_NAME, 'li')
            self.assertEqual(len(updated_tasks), initial_task_count - 1)
        else:
            self.fail("No tasks available to remove.")

    def test_navigate_back_to_login(self):
        # Functionalities 6: Test navigating back to login
        self.login("admin", "admin123")
        self.driver.find_element(By.LINK_TEXT, 'Logout').click()
        time.sleep(1)  # Wait for the login page to load
        self.assertIn("Login", self.driver.title)

    def test_task_data_storage(self):
        # Functionalities 7: Test task data storage
        self.login("admin", "admin123")
        task_description = "Storage Test Task"
        due_date = "2023-12-31"

        self.driver.find_element(By.NAME, 'task_description').send_keys(task_description)
        self.driver.find_element(By.NAME, 'due_date').send_keys(due_date)
        self.driver.find_element(By.XPATH, '//button[text()="Add Task"]').click()
        time.sleep(1)  # Wait for the task to be added

        with open('tasks_admin.txt', 'r') as file:
            tasks = file.read()
            self.assertIn(f"{task_description}|{due_date}", tasks)

        self.driver.find_element(By.NAME, 'remove_task').click()
        time.sleep(1)  # Wait for the task to be removed

        with open('tasks_admin.txt', 'r') as file:
            tasks = file.read()
            self.assertNotIn(f"{task_description}|{due_date}", tasks)

    def test_invalid_actions(self):
        # Functionalities 8: Test invalid actions
        self.driver.get('http://localhost:8313/home')
        self.assertIn("Login", self.driver.title)

    def test_session_management(self):
        # Functionalities 9: Test session management
        self.login("admin", "admin123")
        self.driver.quit()
        self.driver = webdriver.Chrome()
        self.driver.get('http://localhost:8313/home')
        self.assertIn("Login", self.driver.title)

if __name__ == '__main__':
    unittest.main()
.
        These are all the unit test results (Only failed tests have detailed information):{'category': 'website', 'project_name': 'TaskManager', 'passed': 1, 'failed': 0, 'errors': 8, 'total': 9, 'output': 'test_add_new_task (testcode.TestTaskManagerApp) ... ERROR\ntest_invalid_actions (testcode.TestTaskManagerApp) ... ok\ntest_navigate_back_to_login (testcode.TestTaskManagerApp) ... ERROR\ntest_remove_task (testcode.TestTaskManagerApp) ... ERROR\ntest_session_management (testcode.TestTaskManagerApp) ... ERROR\ntest_task_data_storage (testcode.TestTaskManagerApp) ... ERROR\ntest_user_login (testcode.TestTaskManagerApp) ... ERROR\ntest_user_registration (testcode.TestTaskManagerApp) ... ERROR\ntest_view_task_list (testcode.TestTaskManagerApp) ... ERROR\n======================================================================\nERROR: test_add_new_task (testcode.TestTaskManagerApp)\n----------------------------------------------------------------------\nTraceback (most recent call last):\n  File "D:\\algorithm\\agent\\cese\\dataset\\SD-bench\\codebase\\TaskManager\\code\\testcode.py", line 59, in test_add_new_task\n    self.login("admin", "admin123")\n  File "D:\\algorithm\\agent\\cese\\dataset\\SD-bench\\codebase\\TaskManager\\code\\testcode.py", line 24, in login\n    self.driver.find_element(By.NAME, \'username\').send_keys(username)\n  File "D:\\Anaconda3\\envs\\Altdev\\lib\\site-packages\\selenium\\webdriver\\remote\\webdriver.py", line 770, in find_element\n    return self.execute(Command.FIND_ELEMENT, {"using": by, "value": value})["value"]\n  File "D:\\Anaconda3\\envs\\Altdev\\lib\\site-packages\\selenium\\webdriver\\remote\\webdriver.py", line 384, in execute\n    self.error_handler.check_response(response)\n  File "D:\\Anaconda3\\envs\\Altdev\\lib\\site-packages\\selenium\\webdriver\\remote\\errorhandler.py", line 232, in check_response\n    raise exception_class(message, screen, stacktrace)\nselenium.common.exceptions.NoSuchElementException: Message: no such element: Unable to locate element: {"method":"css selector","selector":"[name="username"]"}\n  (Session info: chrome=131.0.6778.265); For documentation on this error, please visit: https://www.selenium.dev/documentation/webdriver/troubleshooting/errors#no-such-element-exception\nStacktrace:\n======================================================================\nERROR: test_navigate_back_to_login (testcode.TestTaskManagerApp)\n----------------------------------------------------------------------\nTraceback (most recent call last):\n  File "D:\\algorithm\\agent\\cese\\dataset\\SD-bench\\codebase\\TaskManager\\code\\testcode.py", line 86, in test_navigate_back_to_login\n    self.login("admin", "admin123")\n  File "D:\\algorithm\\agent\\cese\\dataset\\SD-bench\\codebase\\TaskManager\\code\\testcode.py", line 24, in login\n    self.driver.find_element(By.NAME, \'username\').send_keys(username)\n  File "D:\\Anaconda3\\envs\\Altdev\\lib\\site-packages\\selenium\\webdriver\\remote\\webdriver.py", line 770, in find_element\n    return self.execute(Command.FIND_ELEMENT, {"using": by, "value": value})["value"]\n  File "D:\\Anaconda3\\envs\\Altdev\\lib\\site-packages\\selenium\\webdriver\\remote\\webdriver.py", line 384, in execute\n    self.error_handler.check_response(response)\n  File "D:\\Anaconda3\\envs\\Altdev\\lib\\site-packages\\selenium\\webdriver\\remote\\errorhandler.py", line 232, in check_response\n    raise exception_class(message, screen, stacktrace)\nselenium.common.exceptions.NoSuchElementException: Message: no such element: Unable to locate element: {"method":"css selector","selector":"[name="username"]"}\n  (Session info: chrome=131.0.6778.265); For documentation on this error, please visit: https://www.selenium.dev/documentation/webdriver/troubleshooting/errors#no-such-element-exception\nStacktrace:\n======================================================================\nERROR: test_remove_task (testcode.TestTaskManagerApp)\n----------------------------------------------------------------------\nTraceback (most recent call last):\n  File "D:\\algorithm\\agent\\cese\\dataset\\SD-bench\\codebase\\TaskManager\\code\\testcode.py", line 73, in test_remove_task\n    self.login("admin", "admin123")\n  File "D:\\algorithm\\agent\\cese\\dataset\\SD-bench\\codebase\\TaskManager\\code\\testcode.py", line 24, in login\n    self.driver.find_element(By.NAME, \'username\').send_keys(username)\n  File "D:\\Anaconda3\\envs\\Altdev\\lib\\site-packages\\selenium\\webdriver\\remote\\webdriver.py", line 770, in find_element\n    return self.execute(Command.FIND_ELEMENT, {"using": by, "value": value})["value"]\n  File "D:\\Anaconda3\\envs\\Altdev\\lib\\site-packages\\selenium\\webdriver\\remote\\webdriver.py", line 384, in execute\n    self.error_handler.check_response(response)\n  File "D:\\Anaconda3\\envs\\Altdev\\lib\\site-packages\\selenium\\webdriver\\remote\\errorhandler.py", line 232, in check_response\n    raise exception_class(message, screen, stacktrace)\nselenium.common.exceptions.NoSuchElementException: Message: no such element: Unable to locate element: {"method":"css selector","selector":"[name="username"]"}\n  (Session info: chrome=131.0.6778.265); For documentation on this error, please visit: https://www.selenium.dev/documentation/webdriver/troubleshooting/errors#no-such-element-exception\nStacktrace:\n======================================================================\nERROR: test_session_management (testcode.TestTaskManagerApp)\n----------------------------------------------------------------------\nTraceback (most recent call last):\n  File "D:\\algorithm\\agent\\cese\\dataset\\SD-bench\\codebase\\TaskManager\\code\\testcode.py", line 120, in test_session_management\n    self.login("admin", "admin123")\n  File "D:\\algorithm\\agent\\cese\\dataset\\SD-bench\\codebase\\TaskManager\\code\\testcode.py", line 24, in login\n    self.driver.find_element(By.NAME, \'username\').send_keys(username)\n  File "D:\\Anaconda3\\envs\\Altdev\\lib\\site-packages\\selenium\\webdriver\\remote\\webdriver.py", line 770, in find_element\n    return self.execute(Command.FIND_ELEMENT, {"using": by, "value": value})["value"]\n  File "D:\\Anaconda3\\envs\\Altdev\\lib\\site-packages\\selenium\\webdriver\\remote\\webdriver.py", line 384, in execute\n    self.error_handler.check_response(response)\n  File "D:\\Anaconda3\\envs\\Altdev\\lib\\site-packages\\selenium\\webdriver\\remote\\errorhandler.py", line 232, in check_response\n    raise exception_class(message, screen, stacktrace)\nselenium.common.exceptions.NoSuchElementException: Message: no such element: Unable to locate element: {"method":"css selector","selector":"[name="username"]"}\n  (Session info: chrome=131.0.6778.265); For documentation on this error, please visit: https://www.selenium.dev/documentation/webdriver/troubleshooting/errors#no-such-element-exception\nStacktrace:\n======================================================================\nERROR: test_task_data_storage (testcode.TestTaskManagerApp)\n----------------------------------------------------------------------\nTraceback (most recent call last):\n  File "D:\\algorithm\\agent\\cese\\dataset\\SD-bench\\codebase\\TaskManager\\code\\testcode.py", line 93, in test_task_data_storage\n    self.login("admin", "admin123")\n  File "D:\\algorithm\\agent\\cese\\dataset\\SD-bench\\codebase\\TaskManager\\code\\testcode.py", line 24, in login\n    self.driver.find_element(By.NAME, \'username\').send_keys(username)\n  File "D:\\Anaconda3\\envs\\Altdev\\lib\\site-packages\\selenium\\webdriver\\remote\\webdriver.py", line 770, in find_element\n    return self.execute(Command.FIND_ELEMENT, {"using": by, "value": value})["value"]\n  File "D:\\Anaconda3\\envs\\Altdev\\lib\\site-packages\\selenium\\webdriver\\remote\\webdriver.py", line 384, in execute\n    self.error_handler.check_response(response)\n  File "D:\\Anaconda3\\envs\\Altdev\\lib\\site-packages\\selenium\\webdriver\\remote\\errorhandler.py", line 232, in check_response\n    raise exception_class(message, screen, stacktrace)\nselenium.common.exceptions.NoSuchElementException: Message: no such element: Unable to locate element: {"method":"css selector","selector":"[name="username"]"}\n  (Session info: chrome=131.0.6778.265); For documentation on this error, please visit: https://www.selenium.dev/documentation/webdriver/troubleshooting/errors#no-such-element-exception\nStacktrace:\n======================================================================\nERROR: test_user_login (testcode.TestTaskManagerApp)\n----------------------------------------------------------------------\nTraceback (most recent call last):\n  File "D:\\algorithm\\agent\\cese\\dataset\\SD-bench\\codebase\\TaskManager\\code\\testcode.py", line 31, in test_user_login\n    self.login("admin", "admin123")\n  File "D:\\algorithm\\agent\\cese\\dataset\\SD-bench\\codebase\\TaskManager\\code\\testcode.py", line 24, in login\n    self.driver.find_element(By.NAME, \'username\').send_keys(username)\n  File "D:\\Anaconda3\\envs\\Altdev\\lib\\site-packages\\selenium\\webdriver\\remote\\webdriver.py", line 770, in find_element\n    return self.execute(Command.FIND_ELEMENT, {"using": by, "value": value})["value"]\n  File "D:\\Anaconda3\\envs\\Altdev\\lib\\site-packages\\selenium\\webdriver\\remote\\webdriver.py", line 384, in execute\n    self.error_handler.check_response(response)\n  File "D:\\Anaconda3\\envs\\Altdev\\lib\\site-packages\\selenium\\webdriver\\remote\\errorhandler.py", line 232, in check_response\n    raise exception_class(message, screen, stacktrace)\nselenium.common.exceptions.NoSuchElementException: Message: no such element: Unable to locate element: {"method":"css selector","selector":"[name="username"]"}\n  (Session info: chrome=131.0.6778.265); For documentation on this error, please visit: https://www.selenium.dev/documentation/webdriver/troubleshooting/errors#no-such-element-exception\nStacktrace:\n======================================================================\nERROR: test_user_registration (testcode.TestTaskManagerApp)\n----------------------------------------------------------------------\nTraceback (most recent call last):\n  File "D:\\algorithm\\agent\\cese\\dataset\\SD-bench\\codebase\\TaskManager\\code\\testcode.py", line 36, in test_user_registration\n    self.driver.find_element(By.LINK_TEXT, \'Register\').click()\n  File "D:\\Anaconda3\\envs\\Altdev\\lib\\site-packages\\selenium\\webdriver\\remote\\webdriver.py", line 770, in find_element\n    return self.execute(Command.FIND_ELEMENT, {"using": by, "value": value})["value"]\n  File "D:\\Anaconda3\\envs\\Altdev\\lib\\site-packages\\selenium\\webdriver\\remote\\webdriver.py", line 384, in execute\n    self.error_handler.check_response(response)\n  File "D:\\Anaconda3\\envs\\Altdev\\lib\\site-packages\\selenium\\webdriver\\remote\\errorhandler.py", line 232, in check_response\n    raise exception_class(message, screen, stacktrace)\nselenium.common.exceptions.NoSuchElementException: Message: no such element: Unable to locate element: {"method":"link text","selector":"Register"}\n  (Session info: chrome=131.0.6778.265); For documentation on this error, please visit: https://www.selenium.dev/documentation/webdriver/troubleshooting/errors#no-such-element-exception\nStacktrace:\n======================================================================\nERROR: test_view_task_list (testcode.TestTaskManagerApp)\n----------------------------------------------------------------------\nTraceback (most recent call last):\n  File "D:\\algorithm\\agent\\cese\\dataset\\SD-bench\\codebase\\TaskManager\\code\\testcode.py", line 53, in test_view_task_list\n    self.login("admin", "admin123")\n  File "D:\\algorithm\\agent\\cese\\dataset\\SD-bench\\codebase\\TaskManager\\code\\testcode.py", line 24, in login\n    self.driver.find_element(By.NAME, \'username\').send_keys(username)\n  File "D:\\Anaconda3\\envs\\Altdev\\lib\\site-packages\\selenium\\webdriver\\remote\\webdriver.py", line 770, in find_element\n    return self.execute(Command.FIND_ELEMENT, {"using": by, "value": value})["value"]\n  File "D:\\Anaconda3\\envs\\Altdev\\lib\\site-packages\\selenium\\webdriver\\remote\\webdriver.py", line 384, in execute\n    self.error_handler.check_response(response)\n  File "D:\\Anaconda3\\envs\\Altdev\\lib\\site-packages\\selenium\\webdriver\\remote\\errorhandler.py", line 232, in check_response\n    raise exception_class(message, screen, stacktrace)\nselenium.common.exceptions.NoSuchElementException: Message: no such element: Unable to locate element: {"method":"css selector","selector":"[name="username"]"}\n  (Session info: chrome=131.0.6778.265); For documentation on this error, please visit: https://www.selenium.dev/documentation/webdriver/troubleshooting/errors#no-such-element-exception\nStacktrace:\n----------------------------------------------------------------------\nRan 9 tests in 57.501s\nFAILED (errors=8)\n'}
        Please analyze the test results one by one with related code. For each failed or error unit test, step by step to identify the reasons.
        If test code like "self.fail(XXX functionality not implemented)" occurs, it suggests a problem with the project code, not the test code.
        
2025-01-12 Sunday 14:37:55 ceaug_main.py : INFO  Based on the provided information, we can analyze the unit tests and the relevant code step by step to identify the reasons for the errors. 

### Overview of the Errors
Most errors encountered during the tests stem from the `NoSuchElementException`. This means that the Selenium WebDriver is unable to find the specified element in the HTML at the time it attempts to interact with it. This can be caused by multiple factors such as loading times, incorrect element selectors, or not being on the correct page when trying to interact with an element.

### 1. Test User Login (`test_user_login`)
- **Error Message**: `selenium.common.exceptions.NoSuchElementException`
- **Cause**: The test attempts to locate the username input field before the webpage has fully rendered or rendered a different page than expected. 
- **Missing Element**: `"username"` input element is not found because the test is likely still on the login page and the page has not fully loaded when the input is being accessed.
- **Solution**:
  - Introduce a longer wait time after page loads before finding elements to give the page time to fully render.
  - Explicit waits can be used instead of `time.sleep()` to allow for specific conditions (like the presence of elements) before proceeding.

### 2. Test User Registration (`test_user_registration`)
- **Error Message**: `selenium.common.exceptions.NoSuchElementException`
- **Cause**: Similar to the login test, the link to register may not be available at the time of test execution. 
- **Missing Element**: Registration link "Register" is not found.
- **Solution**:
  - Ensure that the URL is correct and that the login page has loaded before attempting to click the "Register" link. Implement an explicit wait.

### 3. Test View Task List (`test_view_task_list`)
- **Error Message**: `selenium.common.exceptions.NoSuchElementException`
- **Cause**: The test fails attempting to call `self.login("admin", "admin123")`.
- **Solution**: Same as the first test, improve waiting for elements to be present on the page.

### 4. Test Add New Task (`test_add_new_task`)
- **Error Message**: `selenium.common.exceptions.NoSuchElementException`
- **Cause**: The input fields for adding a new task may not be present when the test is run. 
- **Solution**:
  - Use Angular functions to ensure the "Home" page has finished loading before searching for task entry fields.

### 5. Test Remove Task (`test_remove_task`)
- **Error Message**: `selenium.common.exceptions.NoSuchElementException`
- **Cause**: The input fields for adding or removing tasks might not be ready when the script tries to execute the removal.
- **Solution**: Ensure that the tasks are loaded and rendered properly before trying to perform actions on them. Use explicit waits for the task list.

### 6. Test Navigate Back to Login (`test_navigate_back_to_login`)
- **Error Message**: `selenium.common.exceptions.NoSuchElementException`
- **Cause**: Login element lookup fails similarly as other tests.
- **Solution**: Ensure that the logout logic does not lead to intermediary states that may cause this behavior. 

### 7. Test Task Data Storage (`test_task_data_storage`)
- **Error Message**: `selenium.common.exceptions.NoSuchElementException`
- **Cause**: The test tries to interact with elements before they are rendered.
- **Solution**: Implement an explicit wait for the "Home" page to load completely before interacting with task fields.

### 8. Test Invalid Actions (`test_invalid_actions`)
- **Error Message**: `selenium.common.exceptions.NoSuchElementException`
- **Cause**: This test simulates an invalid action and checks for navigation back to login. However, it may trigger before the app fully renders on the page.
- **Solution**: Improve checks for ensuring the correct state for running tests.

### 9. Test Session Management (`test_session_management`)
- **Error Message**: `selenium.common.exceptions.NoSuchElementException`
- **Cause**: The app's session is manipulated too quickly without waiting to ensure that the new session has correctly transitioned to the login page.
- **Solution**: Add appropriate waits to ensure that the session is effectively broken and the login page has loaded before asserting title.

### Conclusion
The primary issue across these tests is the inability of the Selenium WebDriver to find elements presumably due to timing issues. The script should leverage Selenium¡¯s WebDriverWait combined with condition checks (like presence of elements) to robustly ensure that all conditions are satisfied before interactions, rather than relying on static sleep statements which may lead to flakiness in tests, especially under varying load conditions or on slower machines.

Implementing such changes should help improve reliability and success rates of the unit tests.
2025-01-12 Sunday 14:37:55 ceaug_main.py : INFO  Do you think the issue is caused by errors in the project's code or poorly written test cases? If it is a code error, please include a [CODE] at the end of your output. If not, you don't need to add anything. Thank you.
2025-01-12 Sunday 14:37:58 _client.py : INFO  HTTP Request: POST https://api.chatanywhere.tech/chat/completions "HTTP/1.1 200 OK"
2025-01-12 Sunday 14:37:58 ceaug_main.py : INFO  GOOD PATH GOOD PATHD:\algorithm\agent\cese\dataset\SD-bench\codebase\TaskManager\
2025-01-12 Sunday 14:37:58 start_by_file.py : INFO  
-----------------
Team Name: SES midnigt wanderer
Team Roles: ['Product Manager', 'Architect', 'Project Manager']
Project Name: TaskManager
-----------------
ALL COST FOR PROJECT IS: 6755
-------------------
Execute time: 140.26 Seconds
-----------------
