2025-01-10 Friday 17:08:18 team.py : INFO  Setting Project Dir to D:/Project/CE/CE/project/website/DailyHealthTips_20250110170818/
2025-01-10 Friday 17:08:20 product_manager.py : INFO  Product Manager Pole Writing PRD...
2025-01-10 Friday 17:08:20 product_manager.py : INFO  
You are an excellent Software Requirements Analyst, and your task is to analyze an initial project description, 
generate the functional requirements section of the Software Requirements Specification (SRS) document (non-functional requirements are not required).
Aim to achieve functional requirements, only require to implement demo.
Note that general overview of the project just copy the content of system description.
Note that software functional requirements just follow the Core Features part of System description. Do not over think.


# Context
## system description
# Software Description

## Objective

Develop a web application named 'DailyHealthTips' that provides users with daily health tips, allowing them to receive advice and information about maintaining a healthy lifestyle, using Python as the development language. Note that the website should start from the login page.


## Core Features
Users shall be able to log in to their accounts.
Users shall be able to navigate to the Registration Page via the Register here link if they do not have an account.
Users shall be able to view the current daily health tip and navigate to previous or next tips.
Users shall be able to view all historical daily health tips through a tips archive.
Users shall be able to search for specific tips from the tips archive.
Users shall be able to submit feedback on the daily health tips.

## Language

Use html and python to develop a web application.

You should use html to generate the web template by yourself.

## Data Storage
Data will be stored in local text files.
Different types of data will be stored in separate `.txt` files.
You should define the text file by yourself in advance.
This structured data storage will facilitate easy data retrieval and management through simple file manipulations in Python, ensuring the application remains light and efficient without the need for a SQL database.



-----
# Format Example
[OUTPUT]
## general overview of the project
general overview of the project

## software functional requirements
...
...
...
[/OUTPUT]


## Instruction 
- general overview of the project: copy the system description here.
- software function requirements: based on the system description, output system's function requirements with details.

# Constraint
Format: output wrapped inside [OUTPUT][/OUTPUT] like format example, nothing else.

# Action
follow Instruction, Carefully ouput only functional requrirement based on the original system description
Aim to achieve functional requirements, only require to implement demo.
do not output ```plaintext or other ``` in the start and the end, output directly.

2025-01-10 Friday 17:08:20 model.py : INFO  self.model.temperature-----------------0.2-------------------------------
2025-01-10 Friday 17:08:22 _client.py : INFO  HTTP Request: POST https://api.chatanywhere.tech/chat/completions "HTTP/1.1 200 OK"
2025-01-10 Friday 17:08:22 model.py : INFO  following invoke cost: 676 | all cost: 676
2025-01-10 Friday 17:08:22 product_manager.py : INFO  Product Manager Pole
2025-01-10 Friday 17:08:22 product_manager.py : INFO  [OUTPUT]
## general overview of the project
Develop a web application named 'DailyHealthTips' that provides users with daily health tips, allowing them to receive advice and information about maintaining a healthy lifestyle, using Python as the development language. Note that the website should start from the login page.

## software functional requirements
1. Users shall be able to log in to their accounts.
2. Users shall be able to navigate to the Registration Page via the Register here link if they do not have an account.
3. Users shall be able to view the current daily health tip and navigate to previous or next tips.
4. Users shall be able to view all historical daily health tips through a tips archive.
5. Users shall be able to search for specific tips from the tips archive.
6. Users shall be able to submit feedback on the daily health tips.
[/OUTPUT]
2025-01-10 Friday 17:08:22 product_manager.py : INFO  Product Manager Pole extracting PRD......
2025-01-10 Friday 17:08:22 architect.py : INFO  Architect Arnold generate Architect variable temperature
2025-01-10 Friday 17:08:22 architect.py : INFO  
You are a Architect, your goal is design a concise, usable, complete software system. the constraint is make sure the architecture is simple enough and use appropriate open source libraries.
Aim to achieve functional requirements, only require to implement demo.
If the original requirements have data storage requirements, you need to design a simple data storage method for the software. Do not use SQL datasets. Follow the data storage requirements in the software requirements(including data format, storage requirements, etc.).


## Context
original_requirement
# Software Description

## Objective

Develop a web application named 'DailyHealthTips' that provides users with daily health tips, allowing them to receive advice and information about maintaining a healthy lifestyle, using Python as the development language. Note that the website should start from the login page.


## Core Features
Users shall be able to log in to their accounts.
Users shall be able to navigate to the Registration Page via the Register here link if they do not have an account.
Users shall be able to view the current daily health tip and navigate to previous or next tips.
Users shall be able to view all historical daily health tips through a tips archive.
Users shall be able to search for specific tips from the tips archive.
Users shall be able to submit feedback on the daily health tips.

## Language

Use html and python to develop a web application.

You should use html to generate the web template by yourself.

## Data Storage
Data will be stored in local text files.
Different types of data will be stored in separate `.txt` files.
You should define the text file by yourself in advance.
This structured data storage will facilitate easy data retrieval and management through simple file manipulations in Python, ensuring the application remains light and efficient without the need for a SQL database.


functional requirements
[OUTPUT] ## general overview of the project Develop a web application named 'DailyHealthTips' that provides users with daily health tips, allowing them to receive advice and information about maintaining a healthy lifestyle, using Python as the development language. Note that the website should start from the login page. ## software functional requirements 1. Users shall be able to log in to their accounts. 2. Users shall be able to navigate to the Registration Page via the Register here link if they do not have an account. 3. Users shall be able to view the current daily health tip and navigate to previous or next tips. 4. Users shall be able to view all historical daily health tips through a tips archive. 5. Users shall be able to search for specific tips from the tips archive. 6. Users shall be able to submit feedback on the daily health tips. [/OUTPUT]
-----
## format example
[CONTENT]
"Implementation approach": "We will ...",
"UI design":"- A canvas for... with ... For Web applications, you should use html to generate the web template by yourself."
"Data Storage":"If software requires a data storage, you should follow the rules: Data will be stored in local files. Different types of data will be stored in separate files. You should define the file by yourself in advance.Do not use SQL database. Else just print Not Require!"
"File list": ["main.py","game.py","templates/login.html","users.txt"],
"Data structures and interfaces": "
classDiagram
    class Main {
        -SearchEngine search_engine
        +main() str
    }
    class SearchEngine {
        -Index index
        -Ranking ranking
        -Summary summary
        +search(query: str) str
    }
    class Index {
        -KnowledgeBase knowledge_base
        +create_index(data: dict)
        +query_index(query: str) list
    }
    class Ranking {
        +rank_results(results: list) list
    }
    class Summary {
        +summarize_results(results: list) str
    }
    class KnowledgeBase {
        +update(data: dict)
        +fetch_data(query: str) dict
    }
    Main --> SearchEngine
    SearchEngine --> Index
    SearchEngine --> Ranking
    SearchEngine --> Summary
    Index --> KnowledgeBase
",

[/CONTENT]

## nodes: "<node>: <type>  # <instruction>"
- Implementation approach: <class 'str'>  # Analyze the difficult points of the requirements, select the appropriate open-source framework. If require GUI, you must also choose a GUI framework (e.g., in Python, you can implement GUI via tkinter, Pygame, Flexx, PyGUI, etc,)
- File list: typing.List[str]  #  Only need relative paths. ALWAYS write a main.py here
- Data structures and interfaces: <class 'str'>  # Use mermaid classDiagram code syntax, including classes, method(__init__ etc.) and functions with type annotations, CLEARLY MARK the RELATIONSHIPS between classes, and comply with PEP8 standards. The data structures SHOULD BE VERY DETAILED and the API should be comprehensive with a complete design.
- UI design:<class 'str'>  # optional, if system require UI, choose a GUI framework (e.g., in Python, you can implement GUI via tkinter, Pygame, Flexx, PyGUI, etc,) and list system UI design and corresponding feature's UI design.

## constraint
Language: Please use the same language as Human INPUT.
Format: output wrapped inside [CONTENT][/CONTENT] like format example, nothing else.

# Attention
1. If a feature of software requires a GUI, you also need to carefully consider the UI components that this feature will require and its relationship to the main UI in Architecture.
2. Aim to achieve functional requirements, only require to implement a demo.
3. If project requires data storage, follow the requirement of data storage, implement a simple storage.Do not use SQL database.
4. Organize related functionalities into a single Python file to avoid creating too many files.
5. do not output ```plaintext or other ``` in the start and the end, output directly.

## action
Follow instructions of nodes and Attention, generate output and make sure it follows the format example.

2025-01-10 Friday 17:08:22 model.py : INFO  self.model.temperature-----------------0.45-------------------------------
